Component: Arm Compiler for Embedded 6.21 Tool: armlink [5ec1fa00]

==============================================================================

Section Cross References

    adc.o(.text.adc_init) refers to h1_alloc.o(.text) for malloc
    adc.o(.text.adc_init) refers to adc.o(.bss.aPA_0) for aPA_0
    adc.o(.text.adc_init) refers to adc.o(.text.analogin_init) for analogin_init
    adc.o(.text.adc_init) refers to adc.o(.bss.aPA_1) for aPA_1
    adc.o(.text.adc_init) refers to adc.o(.bss.aPA_2) for aPA_2
    adc.o(.text.adc_init) refers to adc.o(.bss.aPA_3) for aPA_3
    adc.o(.text.adc_init) refers to adc.o(.bss.aPA_4) for aPA_4
    adc.o(.text.adc_init) refers to adc.o(.bss.aPA_5) for aPA_5
    adc.o(.text.adc_init) refers to adc.o(.bss.aPA_6) for aPA_6
    adc.o(.text.adc_init) refers to adc.o(.bss.aPA_7) for aPA_7
    adc.o(.text.adc_init) refers to adc.o(.bss.aPB_0) for aPB_0
    adc.o(.text.adc_init) refers to adc.o(.bss.aPB_1) for aPB_1
    adc.o(.text.adc_init) refers to adc.o(.bss.aPC_0) for aPC_0
    adc.o(.text.adc_init) refers to adc.o(.bss.aPC_1) for aPC_1
    adc.o(.text.adc_init) refers to adc.o(.bss.aPC_2) for aPC_2
    adc.o(.text.adc_init) refers to adc.o(.bss.aPC_3) for aPC_3
    adc.o(.text.adc_init) refers to adc.o(.bss.aPC_4) for aPC_4
    adc.o(.text.adc_init) refers to adc.o(.bss.aPC_5) for aPC_5
    adc.o(.ARM.exidx.text.adc_init) refers to adc.o(.text.adc_init) for [Anonymous Symbol]
    adc.o(.text.analogin_init) refers to adc.o(.text.pinmap_peripheral) for pinmap_peripheral
    adc.o(.text.analogin_init) refers to adc.o(.text.pinmap_function) for pinmap_function
    adc.o(.text.analogin_init) refers to adc.o(.text.pinmap_pinout) for pinmap_pinout
    adc.o(.text.analogin_init) refers to adc.o(.bss.adc_inited) for adc_inited
    adc.o(.text.analogin_init) refers to adc.o(.bss.AdcHandle) for AdcHandle
    adc.o(.text.analogin_init) refers to adc.o(.text._ADC_Init) for _ADC_Init
    adc.o(.ARM.exidx.text.analogin_init) refers to adc.o(.text.analogin_init) for [Anonymous Symbol]
    adc.o(.text.pinmap_find_peripheral) refers to adc.o(.rodata.PinMap_ADC) for PinMap_ADC
    adc.o(.ARM.exidx.text.pinmap_find_peripheral) refers to adc.o(.text.pinmap_find_peripheral) for [Anonymous Symbol]
    adc.o(.text.pinmap_peripheral) refers to adc.o(.text.pinmap_find_peripheral) for pinmap_find_peripheral
    adc.o(.ARM.exidx.text.pinmap_peripheral) refers to adc.o(.text.pinmap_peripheral) for [Anonymous Symbol]
    adc.o(.text.pinmap_function) refers to adc.o(.text.pinmap_find_function) for pinmap_find_function
    adc.o(.ARM.exidx.text.pinmap_function) refers to adc.o(.text.pinmap_function) for [Anonymous Symbol]
    adc.o(.text.pinmap_pinout) refers to adc.o(.rodata.PinMap_ADC) for PinMap_ADC
    adc.o(.text.pinmap_pinout) refers to adc.o(.text.pin_function) for pin_function
    adc.o(.ARM.exidx.text.pinmap_pinout) refers to adc.o(.text.pinmap_pinout) for [Anonymous Symbol]
    adc.o(.text._ADC_Init) refers to adc.o(.text.local_ADC_Init) for local_ADC_Init
    adc.o(.ARM.exidx.text._ADC_Init) refers to adc.o(.text._ADC_Init) for [Anonymous Symbol]
    adc.o(.ARM.exidx.text.local_ADC_Init) refers to adc.o(.text.local_ADC_Init) for [Anonymous Symbol]
    adc.o(.text.pinmap_find_function) refers to adc.o(.rodata.PinMap_ADC) for PinMap_ADC
    adc.o(.ARM.exidx.text.pinmap_find_function) refers to adc.o(.text.pinmap_find_function) for [Anonymous Symbol]
    adc.o(.text.pin_function) refers to adc.o(.rodata.gpio_mode) for gpio_mode
    adc.o(.text.pin_function) refers to adc.o(.text._GPIO_Init) for _GPIO_Init
    adc.o(.ARM.exidx.text.pin_function) refers to adc.o(.text.pin_function) for [Anonymous Symbol]
    adc.o(.ARM.exidx.text._GPIO_Init) refers to adc.o(.text._GPIO_Init) for [Anonymous Symbol]
    adc.o(.text.adc_read) refers to adc.o(.bss.aPA_0) for aPA_0
    adc.o(.text.adc_read) refers to adc.o(.text._adc_read) for _adc_read
    adc.o(.text.adc_read) refers to adc.o(.bss.aPA_1) for aPA_1
    adc.o(.text.adc_read) refers to adc.o(.bss.aPA_2) for aPA_2
    adc.o(.text.adc_read) refers to adc.o(.bss.aPA_3) for aPA_3
    adc.o(.text.adc_read) refers to adc.o(.bss.aPA_4) for aPA_4
    adc.o(.text.adc_read) refers to adc.o(.bss.aPA_5) for aPA_5
    adc.o(.text.adc_read) refers to adc.o(.bss.aPA_6) for aPA_6
    adc.o(.text.adc_read) refers to adc.o(.bss.aPA_7) for aPA_7
    adc.o(.text.adc_read) refers to adc.o(.bss.aPB_0) for aPB_0
    adc.o(.text.adc_read) refers to adc.o(.bss.aPB_1) for aPB_1
    adc.o(.text.adc_read) refers to adc.o(.bss.aPC_0) for aPC_0
    adc.o(.text.adc_read) refers to adc.o(.bss.aPC_1) for aPC_1
    adc.o(.text.adc_read) refers to adc.o(.bss.aPC_2) for aPC_2
    adc.o(.text.adc_read) refers to adc.o(.bss.aPC_3) for aPC_3
    adc.o(.text.adc_read) refers to adc.o(.bss.aPC_4) for aPC_4
    adc.o(.text.adc_read) refers to adc.o(.bss.aPC_5) for aPC_5
[...]
    __lcctype_c_start                        0x08005d68   Data           0  lc_ctype_c.o(locale$$data)
    __lcctype_c_end                          0x08005e6c   Data           0  lc_ctype_c.o(locale$$data)
    .bss                                     0x20000010   Section       96  libspace.o(.bss)
    GPIO_callback                            0x20000074   Data           4  gpio.o(.bss.GPIO_callback)
    [Anonymous Symbol]                       0x20000074   Section        0  gpio.o(.bss.GPIO_callback)
    UART_callback                            0x20000084   Data           4  uart.o(.bss.UART_callback)
    [Anonymous Symbol]                       0x20000084   Section        0  uart.o(.bss.UART_callback)
    handle_led_logic.led_state               0x2000008c   Data           4  main.o(.bss.handle_led_logic.led_state)
    [Anonymous Symbol]                       0x2000008c   Section        0  main.o(.bss.handle_led_logic.led_state)
    timer_callback                           0x200000b4   Data           4  timer.o(.bss.timer_callback)
    [Anonymous Symbol]                       0x200000b4   Section        0  timer.o(.bss.timer_callback)
    Heap_Mem                                 0x200000c8   Data         512  startup_stm32f411xe.o(HEAP)
    HEAP                                     0x200000c8   Section      512  startup_stm32f411xe.o(HEAP)
    Stack_Mem                                0x200002c8   Data        1024  startup_stm32f411xe.o(STACK)
    STACK                                    0x200002c8   Section     1024  startup_stm32f411xe.o(STACK)
    __initial_sp                             0x200006c8   Data           0  startup_stm32f411xe.o(STACK)

    Global Symbols

    Symbol Name                              Value     Ov Type        Size  Object(Section)

    BuildAttributes$$THM_ISAv4$E$P$D$K$B$S$7EM$VFPi3$EXTD16$VFPS$VFMA$PE$A:L22UL41UL21$X:L11$S22US41US21$IEEE1$IW$~IW$USESV6$~STKCKD$USESV7$~SHL$OTIME$ROPI$IEEEX$EBA8$UX$STANDARDLIB$REQ8$EABIv2 0x00000000   Number         0  anon$$obj.o ABSOLUTE
    _printf_flags                            0x00000000   Number         0  printf_stubs.o ABSOLUTE
    _printf_return_value                     0x00000000   Number         0  printf_stubs.o ABSOLUTE
    _printf_sizespec                         0x00000000   Number         0  printf_stubs.o ABSOLUTE
    _printf_widthprec                        0x00000000   Number         0  printf_stubs.o ABSOLUTE
    SHT$$ARM_EXIDX$$Base                      - Undefined Reference
    SHT$$ARM_EXIDX$$Limit                     - Undefined Reference
    __ARM_exceptions_init                     - Undefined Weak Reference
    __alloca_initialize                       - Undefined Weak Reference
    __arm_find_exidx_section                  - Undefined Weak Reference
    __arm_preinit_                            - Undefined Weak Reference
    __arm_relocate_pie_                       - Undefined Weak Reference
    __cpp_initialize__aeabi_                  - Undefined Weak Reference
    __cxa_finalize                            - Undefined Weak Reference
    __sigvec_lookup                           - Undefined Weak Reference
    __user_heap_extent                        - Undefined Weak Reference
    _atexit_init                              - Undefined Weak Reference
    _call_atexit_fns                          - Undefined Weak Reference
    _clock_init                               - Undefined Weak Reference
    _fp_trap_init                             - Undefined Weak Reference
    _fp_trap_shutdown                         - Undefined Weak Reference
    _get_lc_collate                           - Undefined Weak Reference
    _get_lc_monetary                          - Undefined Weak Reference
    _get_lc_time                              - Undefined Weak Reference
    _getenv_init                              - Undefined Weak Reference
    _handle_redirection                       - Undefined Weak Reference
    _initio                                   - Undefined Weak Reference
    _mutex_acquire                            - Undefined Weak Reference
    _mutex_free                               - Undefined Weak Reference
    _mutex_release                            - Undefined Weak Reference
    _printf_mbtowc                            - Undefined Weak Reference
    _printf_wc                                - Undefined Weak Reference
    _rand_init                                - Undefined Weak Reference
    _signal_finish                            - Undefined Weak Reference
    _signal_init                              - Undefined Weak Reference
    _terminateio                              - Undefined Weak Reference
    __Vectors_Size                           0x00000198   Number         0  startup_stm32f411xe.o ABSOLUTE
    __Vectors                                0x08000000   Data           4  startup_stm32f411xe.o(RESET)
    __Vectors_End                            0x08000198   Data           0  startup_stm32f411xe.o(RESET)
    __main                                   0x08000199   Thumb Code     8  __main.o(!!!main)
    __scatterload                            0x080001a1   Thumb Code     0  __scatter.o(!!!scatter)
    __scatterload_rt2                        0x080001a1   Thumb Code    84  __scatter.o(!!!scatter)
    __scatterload_rt2_thumb_only             0x080001a1   Thumb Code     0  __scatter.o(!!!scatter)
    __scatterload_loop                       0x080001ab   Thumb Code     0  __scatter.o(!!!scatter)
    __scatterload_copy                       0x080001fd   Thumb Code    26  __scatter_copy.o(!!handler_copy)
    __scatterload_null                       0x08000219   Thumb Code     2  __scatter.o(!!handler_null)
    __scatterload_zeroinit                   0x0800021d   Thumb Code    28  __scatter_zi.o(!!handler_zi)
    _printf_n                                0x08000239   Thumb Code     0  _printf_n.o(.ARM.Collect$$_printf_percent$$00000001)
    _printf_percent                          0x08000239   Thumb Code     0  _printf_percent.o(.ARM.Collect$$_printf_percent$$00000000)
    _printf_p                                0x0800023f   Thumb Code     0  _printf_p.o(.ARM.Collect$$_printf_percent$$00000002)
    _printf_f                                0x08000245   Thumb Code     0  _printf_f.o(.ARM.Collect$$_printf_percent$$00000003)
    _printf_e                                0x0800024b   Thumb Code     0  _printf_e.o(.ARM.Collect$$_printf_percent$$00000004)
    _printf_g                                0x08000251   Thumb Code     0  _printf_g.o(.ARM.Collect$$_printf_percent$$00000005)
    _printf_a                                0x08000257   Thumb Code     0  _printf_a.o(.ARM.Collect$$_printf_percent$$00000006)
    _printf_ll                               0x0800025d   Thumb Code     0  _printf_ll.o(.ARM.Collect$$_printf_percent$$00000007)
    _printf_i                                0x08000267   Thumb Code     0  _printf_i.o(.ARM.Collect$$_printf_percent$$00000008)
    _printf_d                                0x0800026d   Thumb Code     0  _printf_d.o(.ARM.Collect$$_printf_percent$$00000009)
    _printf_u                                0x08000273   Thumb Code     0  _printf_u.o(.ARM.Collect$$_printf_percent$$0000000A)
    _printf_o                                0x08000279   Thumb Code     0  _printf_o.o(.ARM.Collect$$_printf_percent$$0000000B)
    _printf_x                                0x0800027f   Thumb Code     0  _printf_x.o(.ARM.Collect$$_printf_percent$$0000000C)
    _printf_lli                              0x08000285   Thumb Code     0  _printf_lli.o(.ARM.Collect$$_printf_percent$$0000000D)
    _printf_lld                              0x0800028b   Thumb Code     0  _printf_lld.o(.ARM.Collect$$_printf_percent$$0000000E)
    _printf_llu                              0x08000291   Thumb Code     0  _printf_llu.o(.ARM.Collect$$_printf_percent$$0000000F)
    _printf_llo                              0x08000297   Thumb Code     0  _printf_llo.o(.ARM.Collect$$_printf_percent$$00000010)
    _printf_llx                              0x0800029d   Thumb Code     0  _printf_llx.o(.ARM.Collect$$_printf_percent$$00000011)
    _printf_l                                0x080002a3   Thumb Code     0  _printf_l.o(.ARM.Collect$$_printf_percent$$00000012)
    _printf_c                                0x080002ad   Thumb Code     0  _printf_c.o(.ARM.Collect$$_printf_percent$$00000013)
    _printf_s                                0x080002b3   Thumb Code     0  _printf_s.o(.ARM.Collect$$_printf_percent$$00000014)
    _printf_lc                               0x080002b9   Thumb Code     0  _printf_lc.o(.ARM.Collect$$_printf_percent$$00000015)
    _printf_ls                               0x080002bf   Thumb Code     0  _printf_ls.o(.ARM.Collect$$_printf_percent$$00000016)
    _printf_percent_end                      0x080002c5   Thumb Code     0  _printf_percent_end.o(.ARM.Collect$$_printf_percent$$00000017)
    __rt_lib_init                            0x080002c9   Thumb Code     0  libinit.o(.ARM.Collect$$libinit$$00000000)
    __rt_lib_init_fp_1                       0x080002cb   Thumb Code     0  libinit2.o(.ARM.Collect$$libinit$$00000001)
    __rt_lib_init_heap_2                     0x080002cf   Thumb Code     0  libinit2.o(.ARM.Collect$$libinit$$00000007)
    __rt_lib_init_preinit_1                  0x080002cf   Thumb Code     0  libinit2.o(.ARM.Collect$$libinit$$00000006)
    __rt_lib_init_relocate_pie_1             0x080002cf   Thumb Code     0  libinit2.o(.ARM.Collect$$libinit$$00000004)
    __rt_lib_init_heap_1                     0x080002d7   Thumb Code     0  libinit2.o(.ARM.Collect$$libinit$$0000000C)
    __rt_lib_init_lc_common                  0x080002d7   Thumb Code     0  libinit2.o(.ARM.Collect$$libinit$$00000011)
    __rt_lib_init_rand_1                     0x080002d7   Thumb Code     0  libinit2.o(.ARM.Collect$$libinit$$00000010)
    __rt_lib_init_user_alloc_1               0x080002d7   Thumb Code     0  libinit2.o(.ARM.Collect$$libinit$$0000000E)
    __rt_lib_init_lc_collate_1               0x080002dd   Thumb Code     0  libinit2.o(.ARM.Collect$$libinit$$00000013)
    __rt_lib_init_lc_ctype_2                 0x080002dd   Thumb Code     0  libinit2.o(.ARM.Collect$$libinit$$00000014)
    __rt_lib_init_lc_ctype_1                 0x080002e9   Thumb Code     0  libinit2.o(.ARM.Collect$$libinit$$00000015)
    __rt_lib_init_lc_monetary_1              0x080002e9   Thumb Code     0  libinit2.o(.ARM.Collect$$libinit$$00000017)
    __rt_lib_init_lc_numeric_2               0x080002e9   Thumb Code     0  libinit2.o(.ARM.Collect$$libinit$$00000018)
    __rt_lib_init_alloca_1                   0x080002f3   Thumb Code     0  libinit2.o(.ARM.Collect$$libinit$$00000030)
    __rt_lib_init_argv_1                     0x080002f3   Thumb Code     0  libinit2.o(.ARM.Collect$$libinit$$0000002E)
    __rt_lib_init_atexit_1                   0x080002f3   Thumb Code     0  libinit2.o(.ARM.Collect$$libinit$$0000001D)
    __rt_lib_init_clock_1                    0x080002f3   Thumb Code     0  libinit2.o(.ARM.Collect$$libinit$$00000023)
    __rt_lib_init_cpp_1                      0x080002f3   Thumb Code     0  libinit2.o(.ARM.Collect$$libinit$$00000034)
    __rt_lib_init_exceptions_1               0x080002f3   Thumb Code     0  libinit2.o(.ARM.Collect$$libinit$$00000032)
    __rt_lib_init_fp_trap_1                  0x080002f3   Thumb Code     0  libinit2.o(.ARM.Collect$$libinit$$00000021)
    __rt_lib_init_getenv_1                   0x080002f3   Thumb Code     0  libinit2.o(.ARM.Collect$$libinit$$00000025)
    __rt_lib_init_lc_numeric_1               0x080002f3   Thumb Code     0  libinit2.o(.ARM.Collect$$libinit$$00000019)
    __rt_lib_init_lc_time_1                  0x080002f3   Thumb Code     0  libinit2.o(.ARM.Collect$$libinit$$0000001B)
    __rt_lib_init_return                     0x080002f3   Thumb Code     0  libinit2.o(.ARM.Collect$$libinit$$00000035)
    __rt_lib_init_signal_1                   0x080002f3   Thumb Code     0  libinit2.o(.ARM.Collect$$libinit$$0000001F)
    __rt_lib_init_stdio_1                    0x080002f3   Thumb Code     0  libinit2.o(.ARM.Collect$$libinit$$00000027)
    __rt_lib_shutdown                        0x080002f5   Thumb Code     0  libshutdown.o(.ARM.Collect$$libshutdown$$00000000)
    __rt_lib_shutdown_cpp_1                  0x080002f7   Thumb Code     0  libshutdown2.o(.ARM.Collect$$libshutdown$$00000002)
    __rt_lib_shutdown_fp_trap_1              0x080002f7   Thumb Code     0  libshutdown2.o(.ARM.Collect$$libshutdown$$00000007)
    __rt_lib_shutdown_heap_1                 0x080002f7   Thumb Code     0  libshutdown2.o(.ARM.Collect$$libshutdown$$0000000F)
    __rt_lib_shutdown_return                 0x080002f7   Thumb Code     0  libshutdown2.o(.ARM.Collect$$libshutdown$$00000010)
    __rt_lib_shutdown_signal_1               0x080002f7   Thumb Code     0  libshutdown2.o(.ARM.Collect$$libshutdown$$0000000A)
    __rt_lib_shutdown_stdio_1                0x080002f7   Thumb Code     0  libshutdown2.o(.ARM.Collect$$libshutdown$$00000004)
    __rt_lib_shutdown_user_alloc_1           0x080002f7   Thumb Code     0  libshutdown2.o(.ARM.Collect$$libshutdown$$0000000C)
    __rt_entry                               0x080002f9   Thumb Code     0  __rtentry.o(.ARM.Collect$$rtentry$$00000000)
    __rt_entry_presh_1                       0x080002f9   Thumb Code     0  __rtentry2.o(.ARM.Collect$$rtentry$$00000002)
    __rt_entry_sh                            0x080002f9   Thumb Code     0  __rtentry4.o(.ARM.Collect$$rtentry$$00000004)
    __rt_entry_li                            0x080002ff   Thumb Code     0  __rtentry2.o(.ARM.Collect$$rtentry$$0000000A)
    __rt_entry_postsh_1                      0x080002ff   Thumb Code     0  __rtentry2.o(.ARM.Collect$$rtentry$$00000009)
    __rt_entry_main                          0x08000303   Thumb Code     0  __rtentry2.o(.ARM.Collect$$rtentry$$0000000D)
    __rt_entry_postli_1                      0x08000303   Thumb Code     0  __rtentry2.o(.ARM.Collect$$rtentry$$0000000C)
    __rt_exit                                0x0800030b   Thumb Code     0  rtexit.o(.ARM.Collect$$rtexit$$00000000)
    __rt_exit_ls                             0x0800030d   Thumb Code     0  rtexit2.o(.ARM.Collect$$rtexit$$00000003)
    __rt_exit_prels_1                        0x0800030d   Thumb Code     0  rtexit2.o(.ARM.Collect$$rtexit$$00000002)
    __rt_exit_exit                           0x08000311   Thumb Code     0  rtexit2.o(.ARM.Collect$$rtexit$$00000004)
    delay_cycles                             0x08000319   Thumb Code     0  delay_as.o(.text)
    Reset_Handler                            0x08000325   Thumb Code     8  startup_stm32f411xe.o(.text)
    NMI_Handler                              0x0800032d   Thumb Code     2  startup_stm32f411xe.o(.text)
    HardFault_Handler                        0x0800032f   Thumb Code     2  startup_stm32f411xe.o(.text)
    MemManage_Handler                        0x08000331   Thumb Code     2  startup_stm32f411xe.o(.text)
    BusFault_Handler                         0x08000333   Thumb Code     2  startup_stm32f411xe.o(.text)
    UsageFault_Handler                       0x08000335   Thumb Code     2  startup_stm32f411xe.o(.text)
    SVC_Handler                              0x08000337   Thumb Code     2  startup_stm32f411xe.o(.text)
    DebugMon_Handler                         0x08000339   Thumb Code     2  startup_stm32f411xe.o(.text)
    PendSV_Handler                           0x0800033b   Thumb Code     2  startup_stm32f411xe.o(.text)
    ADC_IRQHandler                           0x0800033f   Thumb Code     0  startup_stm32f411xe.o(.text)
    DMA1_Stream0_IRQHandler                  0x0800033f   Thumb Code     0  startup_stm32f411xe.o(.text)
    DMA1_Stream1_IRQHandler                  0x0800033f   Thumb Code     0  startup_stm32f411xe.o(.text)
    DMA1_Stream2_IRQHandler                  0x0800033f   Thumb Code     0  startup_stm32f411xe.o(.text)
    DMA1_Stream3_IRQHandler                  0x0800033f   Thumb Code     0  startup_stm32f411xe.o(.text)
    DMA1_Stream4_IRQHandler                  0x0800033f   Thumb Code     0  startup_stm32f411xe.o(.text)
    DMA1_Stream5_IRQHandler                  0x0800033f   Thumb Code     0  startup_stm32f411xe.o(.text)
    DMA1_Stream6_IRQHandler                  0x0800033f   Thumb Code     0  startup_stm32f411xe.o(.text)
    DMA1_Stream7_IRQHandler                  0x0800033f   Thumb Code     0  startup_stm32f411xe.o(.text)
    DMA2_Stream0_IRQHandler                  0x0800033f   Thumb Code     0  startup_stm32f411xe.o(.text)
    DMA2_Stream1_IRQHandler                  0x0800033f   Thumb Code     0  startup_stm32f411xe.o(.text)
    DMA2_Stream2_IRQHandler                  0x0800033f   Thumb Code     0  startup_stm32f411xe.o(.text)
    DMA2_Stream3_IRQHandler                  0x0800033f   Thumb Code     0  startup_stm32f411xe.o(.text)
    DMA2_Stream4_IRQHandler                  0x0800033f   Thumb Code     0  startup_stm32f411xe.o(.text)
    DMA2_Stream5_IRQHandler                  0x0800033f   Thumb Code     0  startup_stm32f411xe.o(.text)
    DMA2_Stream6_IRQHandler                  0x0800033f   Thumb Code     0  startup_stm32f411xe.o(.text)
    DMA2_Stream7_IRQHandler                  0x0800033f   Thumb Code     0  startup_stm32f411xe.o(.text)
    FLASH_IRQHandler                         0x0800033f   Thumb Code     0  startup_stm32f411xe.o(.text)
    FPU_IRQHandler                           0x0800033f   Thumb Code     0  startup_stm32f411xe.o(.text)
    I2C1_ER_IRQHandler                       0x0800033f   Thumb Code     0  startup_stm32f411xe.o(.text)
    I2C1_EV_IRQHandler                       0x0800033f   Thumb Code     0  startup_stm32f411xe.o(.text)
    I2C2_ER_IRQHandler                       0x0800033f   Thumb Code     0  startup_stm32f411xe.o(.text)
    I2C2_EV_IRQHandler                       0x0800033f   Thumb Code     0  startup_stm32f411xe.o(.text)
    I2C3_ER_IRQHandler                       0x0800033f   Thumb Code     0  startup_stm32f411xe.o(.text)
    I2C3_EV_IRQHandler                       0x0800033f   Thumb Code     0  startup_stm32f411xe.o(.text)
    OTG_FS_IRQHandler                        0x0800033f   Thumb Code     0  startup_stm32f411xe.o(.text)
    OTG_FS_WKUP_IRQHandler                   0x0800033f   Thumb Code     0  startup_stm32f411xe.o(.text)
    PVD_IRQHandler                           0x0800033f   Thumb Code     0  startup_stm32f411xe.o(.text)
    RCC_IRQHandler                           0x0800033f   Thumb Code     0  startup_stm32f411xe.o(.text)
    RTC_Alarm_IRQHandler                     0x0800033f   Thumb Code     0  startup_stm32f411xe.o(.text)
    RTC_WKUP_IRQHandler                      0x0800033f   Thumb Code     0  startup_stm32f411xe.o(.text)
    SDIO_IRQHandler                          0x0800033f   Thumb Code     0  startup_stm32f411xe.o(.text)
    SPI1_IRQHandler                          0x0800033f   Thumb Code     0  startup_stm32f411xe.o(.text)
    SPI2_IRQHandler                          0x0800033f   Thumb Code     0  startup_stm32f411xe.o(.text)
    SPI3_IRQHandler                          0x0800033f   Thumb Code     0  startup_stm32f411xe.o(.text)
    SPI4_IRQHandler                          0x0800033f   Thumb Code     0  startup_stm32f411xe.o(.text)
    SPI5_IRQHandler                          0x0800033f   Thumb Code     0  startup_stm32f411xe.o(.text)
    TAMP_STAMP_IRQHandler                    0x0800033f   Thumb Code     0  startup_stm32f411xe.o(.text)
    TIM1_BRK_TIM9_IRQHandler                 0x0800033f   Thumb Code     0  startup_stm32f411xe.o(.text)
    TIM1_CC_IRQHandler                       0x0800033f   Thumb Code     0  startup_stm32f411xe.o(.text)
    TIM1_TRG_COM_TIM11_IRQHandler            0x0800033f   Thumb Code     0  startup_stm32f411xe.o(.text)
    TIM1_UP_TIM10_IRQHandler                 0x0800033f   Thumb Code     0  startup_stm32f411xe.o(.text)
    TIM2_IRQHandler                          0x0800033f   Thumb Code     0  startup_stm32f411xe.o(.text)
    TIM3_IRQHandler                          0x0800033f   Thumb Code     0  startup_stm32f411xe.o(.text)
    TIM4_IRQHandler                          0x0800033f   Thumb Code     0  startup_stm32f411xe.o(.text)
    TIM5_IRQHandler                          0x0800033f   Thumb Code     0  startup_stm32f411xe.o(.text)
    USART1_IRQHandler                        0x0800033f   Thumb Code     0  startup_stm32f411xe.o(.text)
    USART6_IRQHandler                        0x0800033f   Thumb Code     0  startup_stm32f411xe.o(.text)
    WWDG_IRQHandler                          0x0800033f   Thumb Code     0  startup_stm32f411xe.o(.text)
    __user_initial_stackheap                 0x08000341   Thumb Code     0  startup_stm32f411xe.o(.text)
    malloc                                   0x08000365   Thumb Code    94  h1_alloc.o(.text)
    snprintf                                 0x080003c5   Thumb Code    58  snprintf.o(.text)
    sscanf                                   0x08000405   Thumb Code    52  sscanf.o(.text)
    strcmp                                   0x08000441   Thumb Code   124  strcmpv7em.o(.text)
    __use_two_region_memory                  0x080004bd   Thumb Code     2  heapauxi.o(.text)
    __rt_heap_escrow                         0x080004bf   Thumb Code     2  heapauxi.o(.text)
    __rt_heap_expand                         0x080004c1   Thumb Code     2  heapauxi.o(.text)
    __rt_heap_descriptor                     0x080004c5   Thumb Code     8  rt_heap_descriptor_intlibspace.o(.text)
    __use_no_heap                            0x080004cd   Thumb Code     2  hguard.o(.text)
    __heap$guard                             0x080004cf   Thumb Code     2  hguard.o(.text)
    _terminate_user_alloc                    0x080004d1   Thumb Code     2  init_alloc.o(.text)
    _init_user_alloc                         0x080004d3   Thumb Code     2  init_alloc.o(.text)
    __Heap_Full                              0x080004d5   Thumb Code    34  init_alloc.o(.text)
    __Heap_Broken                            0x080004f7   Thumb Code     6  init_alloc.o(.text)
    _init_alloc                              0x080004fd   Thumb Code    94  init_alloc.o(.text)
    __Heap_Initialize                        0x0800055b   Thumb Code     8  h1_init.o(.text)
    __Heap_DescSize                          0x08000563   Thumb Code     4  h1_init.o(.text)
    free                                     0x08000567   Thumb Code    78  h1_free.o(.text)
    _printf_pre_padding                      0x080005b5   Thumb Code    44  _printf_pad.o(.text)
    _printf_post_padding                     0x080005e1   Thumb Code    34  _printf_pad.o(.text)
    _printf_truncate_signed                  0x08000603   Thumb Code    18  _printf_truncate.o(.text)
    _printf_truncate_unsigned                0x08000615   Thumb Code    18  _printf_truncate.o(.text)
    _printf_str                              0x08000627   Thumb Code    82  _printf_str.o(.text)
    _printf_int_dec                          0x08000679   Thumb Code   104  _printf_dec.o(.text)
    _printf_charcount                        0x080006f1   Thumb Code    40  _printf_charcount.o(.text)
    _printf_char_common                      0x08000723   Thumb Code    32  _printf_char_common.o(.text)
    _snputc                                  0x08000749   Thumb Code    16  _snputc.o(.text)
    _printf_wctomb                           0x08000759   Thumb Code   182  _printf_wctomb.o(.text)
    _printf_longlong_dec                     0x08000815   Thumb Code   108  _printf_longlong_dec.o(.text)
    _printf_longlong_oct                     0x08000891   Thumb Code    68  _printf_oct_int_ll.o(.text)
    _printf_int_oct                          0x080008d5   Thumb Code    24  _printf_oct_int_ll.o(.text)
    _printf_ll_oct                           0x080008ed   Thumb Code    12  _printf_oct_int_ll.o(.text)
    _printf_longlong_hex                     0x08000901   Thumb Code    86  _printf_hex_int_ll_ptr.o(.text)
    _printf_int_hex                          0x08000957   Thumb Code    28  _printf_hex_int_ll_ptr.o(.text)
    _printf_ll_hex                           0x08000973   Thumb Code    12  _printf_hex_int_ll_ptr.o(.text)
    _printf_hex_ptr                          0x0800097f   Thumb Code    18  _printf_hex_int_ll_ptr.o(.text)
    __printf                                 0x08000995   Thumb Code   388  __printf_flags_ss_wp.o(.text)
    _scanf_longlong                          0x08000b1d   Thumb Code   342  _scanf_longlong.o(.text)
    _scanf_int                               0x08000c73   Thumb Code   332  _scanf_int.o(.text)
    _scanf_string                            0x08000dbf   Thumb Code   224  _scanf_str.o(.text)
    __vfscanf_char                           0x08000ead   Thumb Code    24  scanf_char.o(.text)
    _sgetc                                   0x08000ecd   Thumb Code    30  _sgetc.o(.text)
    _sbackspace                              0x08000eeb   Thumb Code    34  _sgetc.o(.text)
    _scanf_mbtowc                            0x08000f0d   Thumb Code   276  _scanf_mbtowc.o(.text)
    _scanf_wctomb                            0x08001021   Thumb Code   232  _scanf_wctomb.o(.text)
    _scanf_wstring                           0x08001109   Thumb Code   208  _scanf_wstr.o(.text)
    _sys_exit                                0x080011d9   Thumb Code     8  sys_exit.o(.text)
    __user_libspace                          0x080011e5   Thumb Code     8  libspace.o(.text)
    __user_perproc_libspace                  0x080011e5   Thumb Code     0  libspace.o(.text)
    __user_perthread_libspace                0x080011e5   Thumb Code     0  libspace.o(.text)
    __Heap_ProvideMemory                     0x080011ed   Thumb Code    52  h1_extend.o(.text)
    _maybe_terminate_alloc                   0x080011ed   Thumb Code     0  maybetermalloc1.o(.text)
    _ll_udiv10                               0x08001221   Thumb Code   138  lludiv10.o(.text)
    isspace                                  0x080012ab   Thumb Code    18  isspace.o(.text)
    _printf_int_common                       0x080012bd   Thumb Code   178  _printf_intcommon.o(.text)
    _printf_fp_dec_real                      0x0800151f   Thumb Code   620  _printf_fp_dec.o(.text)
    _printf_fp_hex_real                      0x0800178d   Thumb Code   756  _printf_fp_hex.o(.text)
    _printf_cs_common                        0x08001a89   Thumb Code    20  _printf_char.o(.text)
    _printf_char                             0x08001a9d   Thumb Code    16  _printf_char.o(.text)
    _printf_string                           0x08001aad   Thumb Code     8  _printf_char.o(.text)
    _printf_lcs_common                       0x08001ab5   Thumb Code    20  _printf_wchar.o(.text)
    _printf_wchar                            0x08001ac9   Thumb Code    16  _printf_wchar.o(.text)
    _printf_wstring                          0x08001ad9   Thumb Code     8  _printf_wchar.o(.text)
    _chval                                   0x08001ae1   Thumb Code    28  _chval.o(.text)
    __vfscanf                                0x08001afd   Thumb Code   878  _scanf.o(.text)
    _scanf_really_real                       0x080020bd   Thumb Code   684  scanf_fp.o(.text)
    _scanf_wcharmap                          0x08002369   Thumb Code    30  _scanf_wcharmap.o(.text)
    _mbrtoc16                                0x08002387   Thumb Code    64  _mbrtoc16.o(.text)
    _mbrtowc                                 0x08002387   Thumb Code     0  _mbrtoc16.o(.text)
    _c16rtomb                                0x080023c7   Thumb Code    72  _c16rtomb.o(.text)
    _wcrtomb                                 0x080023c7   Thumb Code     0  _c16rtomb.o(.text)
    __rt_SIGRTMEM                            0x0800240f   Thumb Code    14  defsig_rtmem_outer.o(.text)
    __I$use$semihosting                      0x0800241d   Thumb Code     0  use_no_semi.o(.text)
    __use_no_semihosting_swi                 0x0800241d   Thumb Code     2  use_no_semi.o(.text)
    __semihosting_library_function           0x0800241f   Thumb Code     0  indicate_semi.o(.text)
    __user_setup_stackheap                   0x0800241f   Thumb Code    74  sys_stackheap_outer.o(.text)
    __rt_ctype_table                         0x08002469   Thumb Code    16  rt_ctype_table.o(.text)
    __rt_locale                              0x08002479   Thumb Code     8  rt_locale_intlibspace.o(.text)
    __aeabi_errno_addr                       0x08002481   Thumb Code     8  rt_errno_addr_intlibspace.o(.text)
    __errno$intlibspace                      0x08002481   Thumb Code     0  rt_errno_addr_intlibspace.o(.text)
    __rt_errno_addr$intlibspace              0x08002481   Thumb Code     0  rt_errno_addr_intlibspace.o(.text)
    __aeabi_llsl                             0x08002489   Thumb Code     0  llshl.o(.text)
    _ll_shift_l                              0x08002489   Thumb Code    38  llshl.o(.text)
    _printf_fp_infnan                        0x080024b1   Thumb Code   112  _printf_fp_infnan.o(.text)
    _btod_etento                             0x08002531   Thumb Code   224  bigflt0.o(.text)
    exit                                     0x08002615   Thumb Code    18  exit.o(.text)
    __sig_exit                               0x08002627   Thumb Code    10  defsig_exit.o(.text)
    __rt_SIGRTMEM_inner                      0x08002631   Thumb Code    22  defsig_rtmem_inner.o(.text)
    __read_errno                             0x08002681   Thumb Code    10  _rserrno.o(.text)
    __set_errno                              0x0800268b   Thumb Code    12  _rserrno.o(.text)
    _scanf_really_hex_real                   0x08002699   Thumb Code   786  scanf_hexfp.o(.text)
    _scanf_really_infnan                     0x080029b9   Thumb Code   292  scanf_infnan.o(.text)
    __default_signal_display                 0x08002aed   Thumb Code    50  defsig_general.o(.text)
    _ttywrch                                 0x08002b1f   Thumb Code    14  sys_wrch.o(.text)
    DHT11_Init                               0x08002b2d   Thumb Code    44  dht11.o(.text.DHT11_Init)
    DHT11_ReadByte                           0x08002b59   Thumb Code   132  dht11.o(.text.DHT11_ReadByte)
    DHT11_ReadTemperature                    0x08002bdd   Thumb Code   192  dht11.o(.text.DHT11_ReadTemperature)
    DHT11_Start                              0x08002c9d   Thumb Code    70  dht11.o(.text.DHT11_Start)
    EXTI0_IRQHandler                         0x08002ce5   Thumb Code   132  gpio.o(.text.EXTI0_IRQHandler)
    EXTI15_10_IRQHandler                     0x08002d69   Thumb Code   132  gpio.o(.text.EXTI15_10_IRQHandler)
    EXTI1_IRQHandler                         0x08002ded   Thumb Code   132  gpio.o(.text.EXTI1_IRQHandler)
    EXTI2_IRQHandler                         0x08002e71   Thumb Code   132  gpio.o(.text.EXTI2_IRQHandler)
    EXTI3_IRQHandler                         0x08002ef5   Thumb Code   132  gpio.o(.text.EXTI3_IRQHandler)
    EXTI4_IRQHandler                         0x08002f79   Thumb Code   132  gpio.o(.text.EXTI4_IRQHandler)
    EXTI9_5_IRQHandler                       0x08002ffd   Thumb Code   132  gpio.o(.text.EXTI9_5_IRQHandler)
    GPIO_Init                                0x08003081   Thumb Code   246  stm32f4xx_gpio.o(.text.GPIO_Init)
    GPIO_PinAFConfig                         0x08003179   Thumb Code   114  stm32f4xx_gpio.o(.text.GPIO_PinAFConfig)
    RCC_AHB1PeriphClockCmd                   0x080032c5   Thumb Code    56  stm32f4xx_rcc.o(.text.RCC_AHB1PeriphClockCmd)
    RCC_APB1PeriphClockCmd                   0x080032fd   Thumb Code    56  stm32f4xx_rcc.o(.text.RCC_APB1PeriphClockCmd)
    RCC_GetClocksFreq                        0x08003335   Thumb Code   354  stm32f4xx_rcc.o(.text.RCC_GetClocksFreq)
    SysTick_Handler                          0x080034ed   Thumb Code    16  timer.o(.text.SysTick_Handler)
    SystemInit                               0x080034fd   Thumb Code    18  system_stm32f4xx.o(.text.SystemInit)
    TouchSensor_Init                         0x08003511   Thumb Code    48  main.o(.text.TouchSensor_Init)
    USART2_IRQHandler                        0x08003541   Thumb Code    54  uart.o(.text.USART2_IRQHandler)
    USART_Cmd                                0x08003579   Thumb Code    46  stm32f4xx_usart.o(.text.USART_Cmd)
    USART_GetFlagStatus                      0x080035a9   Thumb Code    66  stm32f4xx_usart.o(.text.USART_GetFlagStatus)
    USART_Init                               0x080035ed   Thumb Code   362  stm32f4xx_usart.o(.text.USART_Init)
    USART_ReceiveData                        0x08003759   Thumb Code    16  stm32f4xx_usart.o(.text.USART_ReceiveData)
    USART_SendData                           0x08003769   Thumb Code    24  stm32f4xx_usart.o(.text.USART_SendData)
    delay_ms                                 0x0800392d   Thumb Code   118  delay.o(.text.delay_ms)
    delay_us                                 0x080039a5   Thumb Code   122  delay.o(.text.delay_us)
    get_last_two_digits_sum                  0x08003a21   Thumb Code    86  main.o(.text.get_last_two_digits_sum)
    gpio_get                                 0x08003a79   Thumb Code    42  gpio.o(.text.gpio_get)
    gpio_set                                 0x08003aa5   Thumb Code    54  gpio.o(.text.gpio_set)
    gpio_set_callback                        0x08003add   Thumb Code   850  gpio.o(.text.gpio_set_callback)
    gpio_set_mode                            0x08003e31   Thumb Code   322  gpio.o(.text.gpio_set_mode)
    gpio_set_trigger                         0x08003f75   Thumb Code   172  gpio.o(.text.gpio_set_trigger)
    handle_led_logic                         0x08004021   Thumb Code   110  main.o(.text.handle_led_logic)
    main                                     0x08004091   Thumb Code   780  main.o(.text.main)
    queue_dequeue                            0x0800439d   Thumb Code    68  queue.o(.text.queue_dequeue)
    queue_enqueue                            0x080043e1   Thumb Code    78  queue.o(.text.queue_enqueue)
    queue_init                               0x08004431   Thumb Code    48  queue.o(.text.queue_init)
    queue_is_empty                           0x08004461   Thumb Code    22  queue.o(.text.queue_is_empty)
    queue_is_full                            0x08004479   Thumb Code    34  queue.o(.text.queue_is_full)
    timer_callback                           0x0800449d   Thumb Code    74  main.o(.text.timer_callback)
    timer_enable                             0x080044e9   Thumb Code    14  timer.o(.text.timer_enable)
    timer_init                               0x080044f9   Thumb Code    96  timer.o(.text.timer_init)
    timer_set_callback                       0x08004561   Thumb Code    20  timer.o(.text.timer_set_callback)
    touch_callback                           0x08004575   Thumb Code    28  main.o(.text.touch_callback)
    uart_enable                              0x08004591   Thumb Code    18  uart.o(.text.uart_enable)
    uart_init                                0x080045a5   Thumb Code   138  uart.o(.text.uart_init)
    uart_print                               0x08004631   Thumb Code    34  uart.o(.text.uart_print)
    uart_rx                                  0x08004655   Thumb Code    50  uart.o(.text.uart_rx)
    uart_rx_callback                         0x08004689   Thumb Code    70  main.o(.text.uart_rx_callback)
    uart_set_rx_callback                     0x080046d1   Thumb Code    62  uart.o(.text.uart_set_rx_callback)
    uart_tx                                  0x08004711   Thumb Code    50  uart.o(.text.uart_tx)
    _btod_d2e                                0x08004743   Thumb Code    62  btod.o(CL$$btod_d2e)
    _d2e_denorm_low                          0x08004781   Thumb Code    70  btod.o(CL$$btod_d2e_denorm_low)
    _d2e_norm_op1                            0x080047c7   Thumb Code    96  btod.o(CL$$btod_d2e_norm_op1)
    __btod_div_common                        0x08004829   Thumb Code   696  btod.o(CL$$btod_div_common)
    _e2d                                     0x08004b61   Thumb Code   122  btod.o(CL$$btod_e2d)
    _e2e                                     0x08004be5   Thumb Code   220  btod.o(CL$$btod_e2e)
    _btod_ediv                               0x08004cc1   Thumb Code    42  btod.o(CL$$btod_ediv)
    _btod_edivd                              0x08004ceb   Thumb Code    42  btod.o(CL$$btod_edivd)
    _btod_emul                               0x08004d15   Thumb Code    42  btod.o(CL$$btod_emul)
    _btod_emuld                              0x08004d3f   Thumb Code    42  btod.o(CL$$btod_emuld)
    __btod_mult_common                       0x08004d69   Thumb Code   580  btod.o(CL$$btod_mult_common)
    __ARM_fpclassify                         0x08004fad   Thumb Code    48  fpclassify.o(i.__ARM_fpclassify)
    __hardfp___mathlib_tofloat               0x08004fe1   Thumb Code   232  narrow.o(i.__hardfp___mathlib_tofloat)
    __hardfp_ldexp                           0x080050d9   Thumb Code   200  ldexp.o(i.__hardfp_ldexp)
    __mathlib_dbl_overflow                   0x080051a9   Thumb Code    24  dunder.o(i.__mathlib_dbl_overflow)
    __mathlib_dbl_underflow                  0x080051c9   Thumb Code    24  dunder.o(i.__mathlib_dbl_underflow)
    __mathlib_narrow                         0x080051e9   Thumb Code    18  narrow.o(i.__mathlib_narrow)
    __support_ldexp                          0x080051fb   Thumb Code    20  ldexp.o(i.__support_ldexp)
    _is_digit                                0x0800520f   Thumb Code    14  __printf_wp.o(i._is_digit)
    frexp                                    0x08005221   Thumb Code   118  frexp.o(i.frexp)
    _get_lc_numeric                          0x080052ad   Thumb Code    44  lc_numeric_c.o(locale$$code)
    _get_lc_ctype                            0x080052d9   Thumb Code    44  lc_ctype_c.o(locale$$code)
    __aeabi_d2f                              0x08005305   Thumb Code     0  d2f.o(x$fpl$d2f)
    _d2f                                     0x08005305   Thumb Code    98  d2f.o(x$fpl$d2f)
    __fpl_dcheck_NaN1                        0x08005369   Thumb Code    10  dcheck1.o(x$fpl$dcheck1)
    __fpl_dcmp_Inf                           0x08005379   Thumb Code    24  dcmpi.o(x$fpl$dcmpinf)
    __aeabi_ddiv                             0x08005391   Thumb Code     0  ddiv.o(x$fpl$ddiv)
    _ddiv                                    0x08005391   Thumb Code   556  ddiv.o(x$fpl$ddiv)
    __aeabi_cdcmpeq                          0x08005645   Thumb Code     0  deqf.o(x$fpl$deqf)
    _dcmpeq                                  0x08005645   Thumb Code   120  deqf.o(x$fpl$deqf)
    __aeabi_d2uiz                            0x080056bd   Thumb Code     0  dfixu.o(x$fpl$dfixu)
    _dfixu                                   0x080056bd   Thumb Code    90  dfixu.o(x$fpl$dfixu)
    __aeabi_ui2d                             0x08005717   Thumb Code     0  dflt_clz.o(x$fpl$dfltu)
    _dfltu                                   0x08005717   Thumb Code    38  dflt_clz.o(x$fpl$dfltu)
    __aeabi_cdcmple                          0x0800573d   Thumb Code     0  dleqf.o(x$fpl$dleqf)
    _dcmple                                  0x0800573d   Thumb Code   120  dleqf.o(x$fpl$dleqf)
    __fpl_dcmple_InfNaN                      0x0800579f   Thumb Code     0  dleqf.o(x$fpl$dleqf)
    __aeabi_dmul                             0x080057b5   Thumb Code     0  dmul.o(x$fpl$dmul)
    _dmul                                    0x080057b5   Thumb Code   332  dmul.o(x$fpl$dmul)
    __fpl_dnaninf                            0x08005909   Thumb Code   156  dnaninf.o(x$fpl$dnaninf)
    __fpl_dretinf                            0x080059a5   Thumb Code    12  dretinf.o(x$fpl$dretinf)
    __aeabi_cdrcmple                         0x080059b1   Thumb Code     0  drleqf.o(x$fpl$drleqf)
    _drcmple                                 0x080059b1   Thumb Code   108  drleqf.o(x$fpl$drleqf)
    _fp_init                                 0x08005a1d   Thumb Code    26  fpinit.o(x$fpl$fpinit)
    __fplib_config_fpu_vfp                   0x08005a35   Thumb Code     0  fpinit.o(x$fpl$fpinit)
    __fplib_config_pureend_doubles           0x08005a35   Thumb Code     0  fpinit.o(x$fpl$fpinit)
    __fpl_fretinf                            0x08005a37   Thumb Code    10  fretinf.o(x$fpl$fretinf)
    __ieee_status                            0x08005a41   Thumb Code     6  istatus.o(x$fpl$ieeestatus)
    _printf_fp_dec                           0x08005a47   Thumb Code     4  printf1.o(x$fpl$printf1)
    _printf_fp_hex                           0x08005a4b   Thumb Code     4  printf2.o(x$fpl$printf2)
    __fpl_return_NaN                         0x08005a4f   Thumb Code   100  retnan.o(x$fpl$retnan)
    __ARM_scalbn                             0x08005ab3   Thumb Code    92  scalbn.o(x$fpl$scalbn)
    _scanf_real                              0x08005b0f   Thumb Code     4  scanf1.o(x$fpl$scanf1)
    _scanf_hex_real                          0x08005b13   Thumb Code     4  scanf2.o(x$fpl$scanf2)
    _scanf_infnan                            0x08005b17   Thumb Code     4  scanf2.o(x$fpl$scanf2)
    __fpl_cmpreturn                          0x08005b1b   Thumb Code    48  trapv.o(x$fpl$trapveneer)
    __I$use$fp                               0x08005b4a   Number         0  usenofp.o(x$fpl$usenofp)
    Region$$Table$$Base                      0x08005d10   Number         0  anon$$obj.o(Region$$Table)
    Region$$Table$$Limit                     0x08005d30   Number         0  anon$$obj.o(Region$$Table)
    __aeabi_HUGE_VAL                         0x08005d30   Data           0  fpconst.o(c$$dinf)
    __aeabi_HUGE_VALL                        0x08005d30   Data           0  fpconst.o(c$$dinf)
    __aeabi_INFINITY                         0x08005d30   Data           0  fpconst.o(c$$dinf)
    __dInf                                   0x08005d30   Data           0  fpconst.o(c$$dinf)
    __huge_val                               0x08005d30   Data           0  fpconst.o(c$$dinf)
    __dbl_max                                0x08005d38   Data           0  fpconst.o(c$$dmax)
    __ctype                                  0x08005d69   Data           0  lc_ctype_c.o(locale$$data)
    SystemCoreClock                          0x20000000   Data           4  system_stm32f4xx.o(.data.SystemCoreClock)
    ext_led_pin                              0x20000004   Data           4  main.o(.data.ext_led_pin)
    temp_print_period                        0x20000008   Data           4  main.o(.data.temp_print_period)
    touch_sensor_pin                         0x2000000c   Data           4  main.o(.data.touch_sensor_pin)
    __libspace_start                         0x20000010   Data          96  libspace.o(.bss)
    EXTI_port_set                            0x20000070   Data           4  gpio.o(.bss.EXTI_port_set)
    __temporary_stack_top$libspace           0x20000070   Data           0  libspace.o(.bss)
    IRQ_pin_index                            0x20000078   Data           4  gpio.o(.bss.IRQ_pin_index)
    IRQ_port_num                             0x2000007c   Data           4  gpio.o(.bss.IRQ_port_num)
    IRQ_status                               0x20000080   Data           4  gpio.o(.bss.IRQ_status)
    dht11_pin                                0x20000088   Data           4  dht11.o(.bss.dht11_pin)
    humidity                                 0x20000090   Data           1  main.o(.bss.humidity)
    priority                                 0x20000094   Data           4  gpio.o(.bss.priority)
    prioritygroup                            0x20000098   Data           4  gpio.o(.bss.prioritygroup)
    read_sensor_flag                         0x2000009c   Data           4  main.o(.bss.read_sensor_flag)
    rx_queue                                 0x200000a0   Data          16  main.o(.bss.rx_queue)
    temperature                              0x200000b0   Data           1  main.o(.bss.temperature)
    timer_counter                            0x200000b8   Data           4  main.o(.bss.timer_counter)
    touch_event_flag                         0x200000bc   Data           4  main.o(.bss.touch_event_flag)
    touch_press_count                        0x200000c0   Data           4  main.o(.bss.touch_press_count)
    user_id                                  0x200000c4   Data           4  main.o(.bss.user_id)



==============================================================================

Memory Map of the image

  Image Entry point : 0x08000325

  Load Region LR_1 (Base: 0x08000000, Size: 0x00005e7c, Max: 0xffffffff, ABSOLUTE)

    Execution Region ER_RO (Exec base: 0x08000000, Load base: 0x08000000, Size: 0x00005e6c, Max: 0xffffffff, ABSOLUTE)

    Exec Addr    Load Addr    Size         Type   Attr      Idx    E Section Name        Object

    0x08000000   0x08000000   0x00000198   Data   RO          697    RESET               startup_stm32f411xe.o
    0x08000198   0x08000198   0x00000008   Code   RO          784  * !!!main             c_w.l(__main.o)
    0x080001a0   0x080001a0   0x0000005c   Code   RO         1437    !!!scatter          c_w.l(__scatter.o)
    0x080001fc   0x080001fc   0x0000001a   Code   RO         1441    !!handler_copy      c_w.l(__scatter_copy.o)
    0x08000216   0x08000216   0x00000002   PAD
    0x08000218   0x08000218   0x00000002   Code   RO         1438    !!handler_null      c_w.l(__scatter.o)
    0x0800021a   0x0800021a   0x00000002   PAD
    0x0800021c   0x0800021c   0x0000001c   Code   RO         1443    !!handler_zi        c_w.l(__scatter_zi.o)
    0x08000238   0x08000238   0x00000000   Code   RO          953    .ARM.Collect$$_printf_percent$$00000000  c_w.l(_printf_percent.o)
    0x08000238   0x08000238   0x00000006   Code   RO          942    .ARM.Collect$$_printf_percent$$00000001  c_w.l(_printf_n.o)
    0x0800023e   0x0800023e   0x00000006   Code   RO          944    .ARM.Collect$$_printf_percent$$00000002  c_w.l(_printf_p.o)
    0x08000244   0x08000244   0x00000006   Code   RO          949    .ARM.Collect$$_printf_percent$$00000003  c_w.l(_printf_f.o)
    0x0800024a   0x0800024a   0x00000006   Code   RO          950    .ARM.Collect$$_printf_percent$$00000004  c_w.l(_printf_e.o)
    0x08000250   0x08000250   0x00000006   Code   RO          951    .ARM.Collect$$_printf_percent$$00000005  c_w.l(_printf_g.o)
    0x08000256   0x08000256   0x00000006   Code   RO          952    .ARM.Collect$$_printf_percent$$00000006  c_w.l(_printf_a.o)
    0x0800025c   0x0800025c   0x0000000a   Code   RO          957    .ARM.Collect$$_printf_percent$$00000007  c_w.l(_printf_ll.o)
    0x08000266   0x08000266   0x00000006   Code   RO          946    .ARM.Collect$$_printf_percent$$00000008  c_w.l(_printf_i.o)
    0x0800026c   0x0800026c   0x00000006   Code   RO          947    .ARM.Collect$$_printf_percent$$00000009  c_w.l(_printf_d.o)
    0x08000272   0x08000272   0x00000006   Code   RO          948    .ARM.Collect$$_printf_percent$$0000000A  c_w.l(_printf_u.o)
    0x08000278   0x08000278   0x00000006   Code   RO          945    .ARM.Collect$$_printf_percent$$0000000B  c_w.l(_printf_o.o)
    0x0800027e   0x0800027e   0x00000006   Code   RO          943    .ARM.Collect$$_printf_percent$$0000000C  c_w.l(_printf_x.o)
    0x08000284   0x08000284   0x00000006   Code   RO          954    .ARM.Collect$$_printf_percent$$0000000D  c_w.l(_printf_lli.o)
    0x0800028a   0x0800028a   0x00000006   Code   RO          955    .ARM.Collect$$_printf_percent$$0000000E  c_w.l(_printf_lld.o)
    0x08000290   0x08000290   0x00000006   Code   RO          956    .ARM.Collect$$_printf_percent$$0000000F  c_w.l(_printf_llu.o)
    0x08000296   0x08000296   0x00000006   Code   RO          961    .ARM.Collect$$_printf_percent$$00000010  c_w.l(_printf_llo.o)
    0x0800029c   0x0800029c   0x00000006   Code   RO          962    .ARM.Collect$$_printf_percent$$00000011  c_w.l(_printf_llx.o)
    0x080002a2   0x080002a2   0x0000000a   Code   RO          958    .ARM.Collect$$_printf_percent$$00000012  c_w.l(_printf_l.o)
    0x080002ac   0x080002ac   0x00000006   Code   RO          940    .ARM.Collect$$_printf_percent$$00000013  c_w.l(_printf_c.o)
    0x080002b2   0x080002b2   0x00000006   Code   RO          941    .ARM.Collect$$_printf_percent$$00000014  c_w.l(_printf_s.o)
    0x080002b8   0x080002b8   0x00000006   Code   RO          959    .ARM.Collect$$_printf_percent$$00000015  c_w.l(_printf_lc.o)
    0x080002be   0x080002be   0x00000006   Code   RO          960    .ARM.Collect$$_printf_percent$$00000016  c_w.l(_printf_ls.o)
    0x080002c4   0x080002c4   0x00000004   Code   RO         1175    .ARM.Collect$$_printf_percent$$00000017  c_w.l(_printf_percent_end.o)
    0x080002c8   0x080002c8   0x00000002   Code   RO         1287    .ARM.Collect$$libinit$$00000000  c_w.l(libinit.o)
    0x080002ca   0x080002ca   0x00000004   Code   RO          985    .ARM.Collect$$libinit$$00000001  c_w.l(libinit2.o)
    0x080002ce   0x080002ce   0x00000000   Code   RO          988    .ARM.Collect$$libinit$$00000004  c_w.l(libinit2.o)
    0x080002ce   0x080002ce   0x00000000   Code   RO          990    .ARM.Collect$$libinit$$00000006  c_w.l(libinit2.o)
    0x080002ce   0x080002ce   0x00000008   Code   RO          991    .ARM.Collect$$libinit$$00000007  c_w.l(libinit2.o)
    0x080002d6   0x080002d6   0x00000000   Code   RO          993    .ARM.Collect$$libinit$$0000000C  c_w.l(libinit2.o)
    0x080002d6   0x080002d6   0x00000000   Code   RO          995    .ARM.Collect$$libinit$$0000000E  c_w.l(libinit2.o)
    0x080002d6   0x080002d6   0x00000000   Code   RO          997    .ARM.Collect$$libinit$$00000010  c_w.l(libinit2.o)
    0x080002d6   0x080002d6   0x00000006   Code   RO          998    .ARM.Collect$$libinit$$00000011  c_w.l(libinit2.o)
    0x080002dc   0x080002dc   0x00000000   Code   RO         1000    .ARM.Collect$$libinit$$00000013  c_w.l(libinit2.o)
    0x080002dc   0x080002dc   0x0000000c   Code   RO         1001    .ARM.Collect$$libinit$$00000014  c_w.l(libinit2.o)
    0x080002e8   0x080002e8   0x00000000   Code   RO         1002    .ARM.Collect$$libinit$$00000015  c_w.l(libinit2.o)
    0x080002e8   0x080002e8   0x00000000   Code   RO         1004    .ARM.Collect$$libinit$$00000017  c_w.l(libinit2.o)
    0x080002e8   0x080002e8   0x0000000a   Code   RO         1005    .ARM.Collect$$libinit$$00000018  c_w.l(libinit2.o)
    0x080002f2   0x080002f2   0x00000000   Code   RO         1006    .ARM.Collect$$libinit$$00000019  c_w.l(libinit2.o)
    0x080002f2   0x080002f2   0x00000000   Code   RO         1008    .ARM.Collect$$libinit$$0000001B  c_w.l(libinit2.o)
    0x080002f2   0x080002f2   0x00000000   Code   RO         1010    .ARM.Collect$$libinit$$0000001D  c_w.l(libinit2.o)
    0x080002f2   0x080002f2   0x00000000   Code   RO         1012    .ARM.Collect$$libinit$$0000001F  c_w.l(libinit2.o)
    0x080002f2   0x080002f2   0x00000000   Code   RO         1014    .ARM.Collect$$libinit$$00000021  c_w.l(libinit2.o)
    0x080002f2   0x080002f2   0x00000000   Code   RO         1016    .ARM.Collect$$libinit$$00000023  c_w.l(libinit2.o)
    0x080002f2   0x080002f2   0x00000000   Code   RO         1018    .ARM.Collect$$libinit$$00000025  c_w.l(libinit2.o)
    0x080002f2   0x080002f2   0x00000000   Code   RO         1020    .ARM.Collect$$libinit$$00000027  c_w.l(libinit2.o)
    0x080002f2   0x080002f2   0x00000000   Code   RO         1024    .ARM.Collect$$libinit$$0000002E  c_w.l(libinit2.o)
    0x080002f2   0x080002f2   0x00000000   Code   RO         1026    .ARM.Collect$$libinit$$00000030  c_w.l(libinit2.o)
    0x080002f2   0x080002f2   0x00000000   Code   RO         1028    .ARM.Collect$$libinit$$00000032  c_w.l(libinit2.o)
    0x080002f2   0x080002f2   0x00000000   Code   RO         1030    .ARM.Collect$$libinit$$00000034  c_w.l(libinit2.o)
    0x080002f2   0x080002f2   0x00000002   Code   RO         1031    .ARM.Collect$$libinit$$00000035  c_w.l(libinit2.o)
    0x080002f4   0x080002f4   0x00000002   Code   RO         1406    .ARM.Collect$$libshutdown$$00000000  c_w.l(libshutdown.o)
    0x080002f6   0x080002f6   0x00000000   Code   RO         1332    .ARM.Collect$$libshutdown$$00000002  c_w.l(libshutdown2.o)
    0x080002f6   0x080002f6   0x00000000   Code   RO         1334    .ARM.Collect$$libshutdown$$00000004  c_w.l(libshutdown2.o)
    0x080002f6   0x080002f6   0x00000000   Code   RO         1337    .ARM.Collect$$libshutdown$$00000007  c_w.l(libshutdown2.o)
    0x080002f6   0x080002f6   0x00000000   Code   RO         1340    .ARM.Collect$$libshutdown$$0000000A  c_w.l(libshutdown2.o)
    0x080002f6   0x080002f6   0x00000000   Code   RO         1342    .ARM.Collect$$libshutdown$$0000000C  c_w.l(libshutdown2.o)
    0x080002f6   0x080002f6   0x00000000   Code   RO         1345    .ARM.Collect$$libshutdown$$0000000F  c_w.l(libshutdown2.o)
    0x080002f6   0x080002f6   0x00000002   Code   RO         1346    .ARM.Collect$$libshutdown$$00000010  c_w.l(libshutdown2.o)
    0x080002f8   0x080002f8   0x00000000   Code   RO          842    .ARM.Collect$$rtentry$$00000000  c_w.l(__rtentry.o)
    0x080002f8   0x080002f8   0x00000000   Code   RO         1134    .ARM.Collect$$rtentry$$00000002  c_w.l(__rtentry2.o)
    0x080002f8   0x080002f8   0x00000006   Code   RO         1146    .ARM.Collect$$rtentry$$00000004  c_w.l(__rtentry4.o)
    0x080002fe   0x080002fe   0x00000000   Code   RO         1136    .ARM.Collect$$rtentry$$00000009  c_w.l(__rtentry2.o)
    0x080002fe   0x080002fe   0x00000004   Code   RO         1137    .ARM.Collect$$rtentry$$0000000A  c_w.l(__rtentry2.o)
    0x08000302   0x08000302   0x00000000   Code   RO         1139    .ARM.Collect$$rtentry$$0000000C  c_w.l(__rtentry2.o)
    0x08000302   0x08000302   0x00000008   Code   RO         1140    .ARM.Collect$$rtentry$$0000000D  c_w.l(__rtentry2.o)
    0x0800030a   0x0800030a   0x00000002   Code   RO         1310    .ARM.Collect$$rtexit$$00000000  c_w.l(rtexit.o)
    0x0800030c   0x0800030c   0x00000000   Code   RO         1364    .ARM.Collect$$rtexit$$00000002  c_w.l(rtexit2.o)
    0x0800030c   0x0800030c   0x00000004   Code   RO         1365    .ARM.Collect$$rtexit$$00000003  c_w.l(rtexit2.o)
    0x08000310   0x08000310   0x00000006   Code   RO         1366    .ARM.Collect$$rtexit$$00000004  c_w.l(rtexit2.o)
    0x08000316   0x08000316   0x00000002   PAD
    0x08000318   0x08000318   0x0000000c   Code   RO           84    .text               delay_as.o
    0x08000324   0x08000324   0x00000040   Code   RO          698  * .text               startup_stm32f411xe.o
    0x08000364   0x08000364   0x0000005e   Code   RO          722    .text               c_w.l(h1_alloc.o)
    0x080003c2   0x080003c2   0x00000002   PAD
    0x080003c4   0x080003c4   0x00000040   Code   RO          776    .text               c_w.l(snprintf.o)
    0x08000404   0x08000404   0x0000003c   Code   RO          778    .text               c_w.l(sscanf.o)
    0x08000440   0x08000440   0x0000007c   Code   RO          780    .text               c_w.l(strcmpv7em.o)
    0x080004bc   0x080004bc   0x00000006   Code   RO          782    .text               c_w.l(heapauxi.o)
    0x080004c2   0x080004c2   0x00000002   PAD
    0x080004c4   0x080004c4   0x00000008   Code   RO          846    .text               c_w.l(rt_heap_descriptor_intlibspace.o)
    0x080004cc   0x080004cc   0x00000004   Code   RO          848    .text               c_w.l(hguard.o)
    0x080004d0   0x080004d0   0x0000008a   Code   RO          850    .text               c_w.l(init_alloc.o)
    0x0800055a   0x0800055a   0x0000000c   Code   RO          856    .text               c_w.l(h1_init.o)
    0x08000566   0x08000566   0x0000004e   Code   RO          858    .text               c_w.l(h1_free.o)
    0x080005b4   0x080005b4   0x0000004e   Code   RO          874    .text               c_w.l(_printf_pad.o)
    0x08000602   0x08000602   0x00000024   Code   RO          876    .text               c_w.l(_printf_truncate.o)
    0x08000626   0x08000626   0x00000052   Code   RO          878    .text               c_w.l(_printf_str.o)
    0x08000678   0x08000678   0x00000078   Code   RO          880    .text               c_w.l(_printf_dec.o)
    0x080006f0   0x080006f0   0x00000028   Code   RO          882    .text               c_w.l(_printf_charcount.o)
    0x08000718   0x08000718   0x00000030   Code   RO          884    .text               c_w.l(_printf_char_common.o)
    0x08000748   0x08000748   0x00000010   Code   RO          886    .text               c_w.l(_snputc.o)
    0x08000758   0x08000758   0x000000bc   Code   RO          888    .text               c_w.l(_printf_wctomb.o)
    0x08000814   0x08000814   0x0000007c   Code   RO          891    .text               c_w.l(_printf_longlong_dec.o)
    0x08000890   0x08000890   0x00000070   Code   RO          897    .text               c_w.l(_printf_oct_int_ll.o)
    0x08000900   0x08000900   0x00000094   Code   RO          917    .text               c_w.l(_printf_hex_int_ll_ptr.o)
    0x08000994   0x08000994   0x00000188   Code   RO          937    .text               c_w.l(__printf_flags_ss_wp.o)
    0x08000b1c   0x08000b1c   0x00000156   Code   RO          963    .text               c_w.l(_scanf_longlong.o)
    0x08000c72   0x08000c72   0x0000014c   Code   RO          965    .text               c_w.l(_scanf_int.o)
    0x08000dbe   0x08000dbe   0x000000e0   Code   RO          967    .text               c_w.l(_scanf_str.o)
    0x08000e9e   0x08000e9e   0x00000002   PAD
    0x08000ea0   0x08000ea0   0x0000002c   Code   RO          969    .text               c_w.l(scanf_char.o)
    0x08000ecc   0x08000ecc   0x00000040   Code   RO          971    .text               c_w.l(_sgetc.o)
    0x08000f0c   0x08000f0c   0x00000114   Code   RO          973    .text               c_w.l(_scanf_mbtowc.o)
    0x08001020   0x08001020   0x000000e8   Code   RO          975    .text               c_w.l(_scanf_wctomb.o)
    0x08001108   0x08001108   0x000000d0   Code   RO          977    .text               c_w.l(_scanf_wstr.o)
    0x080011d8   0x080011d8   0x0000000c   Code   RO         1124    .text               c_w.l(sys_exit.o)
    0x080011e4   0x080011e4   0x00000008   Code   RO         1130    .text               c_w.l(libspace.o)
    0x080011ec   0x080011ec   0x00000000   Code   RO         1150    .text               c_w.l(maybetermalloc1.o)
    0x080011ec   0x080011ec   0x00000034   Code   RO         1152    .text               c_w.l(h1_extend.o)
    0x08001220   0x08001220   0x0000008a   Code   RO         1156    .text               c_w.l(lludiv10.o)
    0x080012aa   0x080012aa   0x00000012   Code   RO         1158    .text               c_w.l(isspace.o)
    0x080012bc   0x080012bc   0x000000b2   Code   RO         1160    .text               c_w.l(_printf_intcommon.o)
    0x0800136e   0x0800136e   0x0000041c   Code   RO         1162    .text               c_w.l(_printf_fp_dec.o)
    0x0800178a   0x0800178a   0x00000002   PAD
    0x0800178c   0x0800178c   0x000002fc   Code   RO         1166    .text               c_w.l(_printf_fp_hex.o)
    0x08001a88   0x08001a88   0x0000002c   Code   RO         1171    .text               c_w.l(_printf_char.o)
    0x08001ab4   0x08001ab4   0x0000002c   Code   RO         1173    .text               c_w.l(_printf_wchar.o)
    0x08001ae0   0x08001ae0   0x0000001c   Code   RO         1176    .text               c_w.l(_chval.o)
    0x08001afc   0x08001afc   0x00000374   Code   RO         1178    .text               c_w.l(_scanf.o)
    0x08001e70   0x08001e70   0x000004f8   Code   RO         1180    .text               c_w.l(scanf_fp.o)
    0x08002368   0x08002368   0x0000001e   Code   RO         1184    .text               c_w.l(_scanf_wcharmap.o)
    0x08002386   0x08002386   0x00000040   Code   RO         1186    .text               c_w.l(_mbrtoc16.o)
    0x080023c6   0x080023c6   0x00000048   Code   RO         1188    .text               c_w.l(_c16rtomb.o)
    0x0800240e   0x0800240e   0x0000000e   Code   RO         1194    .text               c_w.l(defsig_rtmem_outer.o)
    0x0800241c   0x0800241c   0x00000002   Code   RO         1210    .text               c_w.l(use_no_semi.o)
    0x0800241e   0x0800241e   0x00000000   Code   RO         1212    .text               c_w.l(indicate_semi.o)
    0x0800241e   0x0800241e   0x0000004a   Code   RO         1213    .text               c_w.l(sys_stackheap_outer.o)
    0x08002468   0x08002468   0x00000010   Code   RO         1215    .text               c_w.l(rt_ctype_table.o)
    0x08002478   0x08002478   0x00000008   Code   RO         1222    .text               c_w.l(rt_locale_intlibspace.o)
    0x08002480   0x08002480   0x00000008   Code   RO         1227    .text               c_w.l(rt_errno_addr_intlibspace.o)
    0x08002488   0x08002488   0x00000026   Code   RO         1231    .text               c_w.l(llshl.o)
    0x080024ae   0x080024ae   0x00000002   PAD
    0x080024b0   0x080024b0   0x00000080   Code   RO         1233    .text               c_w.l(_printf_fp_infnan.o)
    0x08002530   0x08002530   0x000000e4   Code   RO         1235    .text               c_w.l(bigflt0.o)
    0x08002614   0x08002614   0x00000012   Code   RO         1268    .text               c_w.l(exit.o)
    0x08002626   0x08002626   0x0000000a   Code   RO         1270    .text               c_w.l(defsig_exit.o)
    0x08002630   0x08002630   0x00000050   Code   RO         1274    .text               c_w.l(defsig_rtmem_inner.o)
    0x08002680   0x08002680   0x00000016   Code   RO         1316    .text               c_w.l(_rserrno.o)
    0x08002696   0x08002696   0x00000002   PAD
    0x08002698   0x08002698   0x00000320   Code   RO         1318    .text               c_w.l(scanf_hexfp.o)
    0x080029b8   0x080029b8   0x00000134   Code   RO         1320    .text               c_w.l(scanf_infnan.o)
    0x08002aec   0x08002aec   0x00000032   Code   RO         1329    .text               c_w.l(defsig_general.o)
    0x08002b1e   0x08002b1e   0x0000000e   Code   RO         1359    .text               c_w.l(sys_wrch.o)
    0x08002b2c   0x08002b2c   0x0000002c   Code   RO           97    .text.DHT11_Init    dht11.o
    0x08002b58   0x08002b58   0x00000084   Code   RO           93    .text.DHT11_ReadByte  dht11.o
    0x08002bdc   0x08002bdc   0x000000c0   Code   RO           95    .text.DHT11_ReadTemperature  dht11.o
    0x08002c9c   0x08002c9c   0x00000046   Code   RO           91    .text.DHT11_Start   dht11.o
    0x08002ce2   0x08002ce2   0x00000002   PAD
    0x08002ce4   0x08002ce4   0x00000084   Code   RO          145    .text.EXTI0_IRQHandler  gpio.o
    0x08002d68   0x08002d68   0x00000084   Code   RO          159    .text.EXTI15_10_IRQHandler  gpio.o
    0x08002dec   0x08002dec   0x00000084   Code   RO          149    .text.EXTI1_IRQHandler  gpio.o
    0x08002e70   0x08002e70   0x00000084   Code   RO          151    .text.EXTI2_IRQHandler  gpio.o
    0x08002ef4   0x08002ef4   0x00000084   Code   RO          153    .text.EXTI3_IRQHandler  gpio.o
    0x08002f78   0x08002f78   0x00000084   Code   RO          155    .text.EXTI4_IRQHandler  gpio.o
    0x08002ffc   0x08002ffc   0x00000084   Code   RO          157    .text.EXTI9_5_IRQHandler  gpio.o
    0x08003080   0x08003080   0x000000f6   Code   RO          301    .text.GPIO_Init     stm32f4xx_gpio.o
    0x08003176   0x08003176   0x00000002   PAD
    0x08003178   0x08003178   0x00000072   Code   RO          325    .text.GPIO_PinAFConfig  stm32f4xx_gpio.o
    0x080031ea   0x080031ea   0x00000002   PAD
    0x080031ec   0x080031ec   0x0000006c   Code   RO          139    .text.NVIC_EncodePriority  gpio.o
    0x08003258   0x08003258   0x0000006c   Code   RO          575    .text.NVIC_EncodePriority  timer.o
    0x080032c4   0x080032c4   0x00000038   Code   RO          457    .text.RCC_AHB1PeriphClockCmd  stm32f4xx_rcc.o
    0x080032fc   0x080032fc   0x00000038   Code   RO          463    .text.RCC_APB1PeriphClockCmd  stm32f4xx_rcc.o
    0x08003334   0x08003334   0x00000162   Code   RO          447    .text.RCC_GetClocksFreq  stm32f4xx_rcc.o
    0x08003496   0x08003496   0x00000002   PAD
    0x08003498   0x08003498   0x00000052   Code   RO          571    .text.SysTick_Config  timer.o
    0x080034ea   0x080034ea   0x00000002   PAD
    0x080034ec   0x080034ec   0x00000010   Code   RO          585    .text.SysTick_Handler  timer.o
    0x080034fc   0x080034fc   0x00000012   Code   RO          705    .text.SystemInit    system_stm32f4xx.o
    0x0800350e   0x0800350e   0x00000002   PAD
    0x08003510   0x08003510   0x00000030   Code   RO          629    .text.TouchSensor_Init  main.o
    0x08003540   0x08003540   0x00000036   Code   RO          615    .text.USART2_IRQHandler  uart.o
    0x08003576   0x08003576   0x00000002   PAD
    0x08003578   0x08003578   0x0000002e   Code   RO          513    .text.USART_Cmd     stm32f4xx_usart.o
    0x080035a6   0x080035a6   0x00000002   PAD
    0x080035a8   0x080035a8   0x00000042   Code   RO          553    .text.USART_GetFlagStatus  stm32f4xx_usart.o
    0x080035ea   0x080035ea   0x00000002   PAD
    0x080035ec   0x080035ec   0x0000016a   Code   RO          505    .text.USART_Init    stm32f4xx_usart.o
    0x08003756   0x08003756   0x00000002   PAD
    0x08003758   0x08003758   0x00000010   Code   RO          523    .text.USART_ReceiveData  stm32f4xx_usart.o
    0x08003768   0x08003768   0x00000018   Code   RO          521    .text.USART_SendData  stm32f4xx_usart.o
    0x08003780   0x08003780   0x00000030   Code   RO          147    .text.__NVIC_ClearPendingIRQ  gpio.o
    0x080037b0   0x080037b0   0x00000030   Code   RO          609    .text.__NVIC_ClearPendingIRQ  uart.o
    0x080037e0   0x080037e0   0x00000030   Code   RO          143    .text.__NVIC_EnableIRQ  gpio.o
    0x08003810   0x08003810   0x00000030   Code   RO          611    .text.__NVIC_EnableIRQ  uart.o
    0x08003840   0x08003840   0x00000010   Code   RO          137    .text.__NVIC_GetPriorityGrouping  gpio.o
    0x08003850   0x08003850   0x00000010   Code   RO          577    .text.__NVIC_GetPriorityGrouping  timer.o
    0x08003860   0x08003860   0x00000042   Code   RO          141    .text.__NVIC_SetPriority  gpio.o
    0x080038a2   0x080038a2   0x00000002   PAD
    0x080038a4   0x080038a4   0x00000042   Code   RO          573    .text.__NVIC_SetPriority  timer.o
    0x080038e6   0x080038e6   0x00000002   PAD
    0x080038e8   0x080038e8   0x00000042   Code   RO          607    .text.__NVIC_SetPriority  uart.o
    0x0800392a   0x0800392a   0x00000002   PAD
    0x0800392c   0x0800392c   0x00000076   Code   RO           74    .text.delay_ms      delay.o
    0x080039a2   0x080039a2   0x00000002   PAD
    0x080039a4   0x080039a4   0x0000007a   Code   RO           76    .text.delay_us      delay.o
    0x08003a1e   0x08003a1e   0x00000002   PAD
    0x08003a20   0x08003a20   0x00000056   Code   RO          635    .text.get_last_two_digits_sum  main.o
    0x08003a76   0x08003a76   0x00000002   PAD
    0x08003a78   0x08003a78   0x0000002a   Code   RO          125    .text.gpio_get      gpio.o
    0x08003aa2   0x08003aa2   0x00000002   PAD
    0x08003aa4   0x08003aa4   0x00000036   Code   RO          123    .text.gpio_set      gpio.o
    0x08003ada   0x08003ada   0x00000002   PAD
    0x08003adc   0x08003adc   0x00000352   Code   RO          135    .text.gpio_set_callback  gpio.o
    0x08003e2e   0x08003e2e   0x00000002   PAD
    0x08003e30   0x08003e30   0x00000142   Code   RO          131    .text.gpio_set_mode  gpio.o
    0x08003f72   0x08003f72   0x00000002   PAD
    0x08003f74   0x08003f74   0x000000ac   Code   RO          133    .text.gpio_set_trigger  gpio.o
    0x08004020   0x08004020   0x0000006e   Code   RO          637    .text.handle_led_logic  main.o
    0x0800408e   0x0800408e   0x00000002   PAD
    0x08004090   0x08004090   0x0000030c   Code   RO          625    .text.main          main.o
    0x0800439c   0x0800439c   0x00000044   Code   RO          205    .text.queue_dequeue  queue.o
    0x080043e0   0x080043e0   0x0000004e   Code   RO          201    .text.queue_enqueue  queue.o
    0x0800442e   0x0800442e   0x00000002   PAD
    0x08004430   0x08004430   0x00000030   Code   RO          199    .text.queue_init    queue.o
    0x08004460   0x08004460   0x00000016   Code   RO          207    .text.queue_is_empty  queue.o
    0x08004476   0x08004476   0x00000002   PAD
    0x08004478   0x08004478   0x00000022   Code   RO          203    .text.queue_is_full  queue.o
    0x0800449a   0x0800449a   0x00000002   PAD
    0x0800449c   0x0800449c   0x0000004a   Code   RO          633    .text.timer_callback  main.o
    0x080044e6   0x080044e6   0x00000002   PAD
    0x080044e8   0x080044e8   0x0000000e   Code   RO          579    .text.timer_enable  timer.o
    0x080044f6   0x080044f6   0x00000002   PAD
    0x080044f8   0x080044f8   0x00000068   Code   RO          569    .text.timer_init    timer.o
    0x08004560   0x08004560   0x00000014   Code   RO          583    .text.timer_set_callback  timer.o
    0x08004574   0x08004574   0x0000001c   Code   RO          631    .text.touch_callback  main.o
    0x08004590   0x08004590   0x00000012   Code   RO          599    .text.uart_enable   uart.o
    0x080045a2   0x080045a2   0x00000002   PAD
    0x080045a4   0x080045a4   0x0000008a   Code   RO          597    .text.uart_init     uart.o
    0x0800462e   0x0800462e   0x00000002   PAD
    0x08004630   0x08004630   0x00000022   Code   RO          601    .text.uart_print    uart.o
    0x08004652   0x08004652   0x00000002   PAD
    0x08004654   0x08004654   0x00000032   Code   RO          613    .text.uart_rx       uart.o
    0x08004686   0x08004686   0x00000002   PAD
    0x08004688   0x08004688   0x00000046   Code   RO          627    .text.uart_rx_callback  main.o
    0x080046ce   0x080046ce   0x00000002   PAD
    0x080046d0   0x080046d0   0x0000003e   Code   RO          605    .text.uart_set_rx_callback  uart.o
    0x0800470e   0x0800470e   0x00000002   PAD
    0x08004710   0x08004710   0x00000032   Code   RO          603    .text.uart_tx       uart.o
    0x08004742   0x08004742   0x0000003e   Code   RO         1238    CL$$btod_d2e        c_w.l(btod.o)
    0x08004780   0x08004780   0x00000046   Code   RO         1240    CL$$btod_d2e_denorm_low  c_w.l(btod.o)
    0x080047c6   0x080047c6   0x00000060   Code   RO         1239    CL$$btod_d2e_norm_op1  c_w.l(btod.o)
    0x08004826   0x08004826   0x00000002   PAD
    0x08004828   0x08004828   0x00000338   Code   RO         1248    CL$$btod_div_common  c_w.l(btod.o)
    0x08004b60   0x08004b60   0x00000084   Code   RO         1246    CL$$btod_e2d        c_w.l(btod.o)
    0x08004be4   0x08004be4   0x000000dc   Code   RO         1245    CL$$btod_e2e        c_w.l(btod.o)
    0x08004cc0   0x08004cc0   0x0000002a   Code   RO         1242    CL$$btod_ediv       c_w.l(btod.o)
    0x08004cea   0x08004cea   0x0000002a   Code   RO         1244    CL$$btod_edivd      c_w.l(btod.o)
    0x08004d14   0x08004d14   0x0000002a   Code   RO         1241    CL$$btod_emul       c_w.l(btod.o)
    0x08004d3e   0x08004d3e   0x0000002a   Code   RO         1243    CL$$btod_emuld      c_w.l(btod.o)
    0x08004d68   0x08004d68   0x00000244   Code   RO         1247    CL$$btod_mult_common  c_w.l(btod.o)
    0x08004fac   0x08004fac   0x00000030   Code   RO         1300    i.__ARM_fpclassify  m_wm.l(fpclassify.o)
    0x08004fdc   0x08004fdc   0x00000004   PAD
    0x08004fe0   0x08004fe0   0x000000f8   Code   RO         1302    i.__hardfp___mathlib_tofloat  m_wm.l(narrow.o)
    0x080050d8   0x080050d8   0x000000d0   Code   RO         1382    i.__hardfp_ldexp    m_wm.l(ldexp.o)
    0x080051a8   0x080051a8   0x00000020   Code   RO         1413    i.__mathlib_dbl_overflow  m_wm.l(dunder.o)
    0x080051c8   0x080051c8   0x00000020   Code   RO         1415    i.__mathlib_dbl_underflow  m_wm.l(dunder.o)
    0x080051e8   0x080051e8   0x00000012   Code   RO         1303    i.__mathlib_narrow  m_wm.l(narrow.o)
    0x080051fa   0x080051fa   0x00000014   Code   RO         1384    i.__support_ldexp   m_wm.l(ldexp.o)
    0x0800520e   0x0800520e   0x0000000e   Code   RO          930    i._is_digit         c_w.l(__printf_wp.o)
    0x0800521c   0x0800521c   0x00000004   PAD
    0x08005220   0x08005220   0x0000008c   Code   RO         1355    i.frexp             m_wm.l(frexp.o)
    0x080052ac   0x080052ac   0x0000002c   Code   RO         1266    locale$$code        c_w.l(lc_numeric_c.o)
    0x080052d8   0x080052d8   0x0000002c   Code   RO         1325    locale$$code        c_w.l(lc_ctype_c.o)
    0x08005304   0x08005304   0x00000062   Code   RO         1347    x$fpl$d2f           fz_wm.l(d2f.o)
    0x08005366   0x08005366   0x00000002   PAD
    0x08005368   0x08005368   0x00000010   Code   RO         1429    x$fpl$dcheck1       fz_wm.l(dcheck1.o)
    0x08005378   0x08005378   0x00000018   Code   RO         1374    x$fpl$dcmpinf       fz_wm.l(dcmpi.o)
    0x08005390   0x08005390   0x000002b4   Code   RO          787    x$fpl$ddiv          fz_wm.l(ddiv.o)
    0x08005644   0x08005644   0x00000078   Code   RO         1349    x$fpl$deqf          fz_wm.l(deqf.o)
    0x080056bc   0x080056bc   0x0000005a   Code   RO          790    x$fpl$dfixu         fz_wm.l(dfixu.o)
    0x08005716   0x08005716   0x00000026   Code   RO          794    x$fpl$dfltu         fz_wm.l(dflt_clz.o)
    0x0800573c   0x0800573c   0x00000078   Code   RO         1376    x$fpl$dleqf         fz_wm.l(dleqf.o)
    0x080057b4   0x080057b4   0x00000154   Code   RO         1378    x$fpl$dmul          fz_wm.l(dmul.o)
    0x08005908   0x08005908   0x0000009c   Code   RO         1032    x$fpl$dnaninf       fz_wm.l(dnaninf.o)
    0x080059a4   0x080059a4   0x0000000c   Code   RO         1034    x$fpl$dretinf       fz_wm.l(dretinf.o)
    0x080059b0   0x080059b0   0x0000006c   Code   RO         1351    x$fpl$drleqf        fz_wm.l(drleqf.o)
    0x08005a1c   0x08005a1c   0x0000001a   Code   RO         1207    x$fpl$fpinit        fz_wm.l(fpinit.o)
    0x08005a36   0x08005a36   0x0000000a   Code   RO         1380    x$fpl$fretinf       fz_wm.l(fretinf.o)
    0x08005a40   0x08005a40   0x00000006   Code   RO         1292    x$fpl$ieeestatus    fz_wm.l(istatus.o)
    0x08005a46   0x08005a46   0x00000004   Code   RO         1036    x$fpl$printf1       fz_wm.l(printf1.o)
    0x08005a4a   0x08005a4a   0x00000004   Code   RO         1038    x$fpl$printf2       fz_wm.l(printf2.o)
    0x08005a4e   0x08005a4e   0x00000064   Code   RO         1431    x$fpl$retnan        fz_wm.l(retnan.o)
    0x08005ab2   0x08005ab2   0x0000005c   Code   RO         1407    x$fpl$scalbn        fz_wm.l(scalbn.o)
    0x08005b0e   0x08005b0e   0x00000004   Code   RO         1044    x$fpl$scanf1        fz_wm.l(scanf1.o)
    0x08005b12   0x08005b12   0x00000008   Code   RO         1294    x$fpl$scanf2        fz_wm.l(scanf2.o)
    0x08005b1a   0x08005b1a   0x00000030   Code   RO         1433    x$fpl$trapveneer    fz_wm.l(trapv.o)
    0x08005b4a   0x08005b4a   0x00000000   Code   RO         1046    x$fpl$usenofp       fz_wm.l(usenofp.o)
    0x08005b4a   0x08005b4a   0x00000002   PAD
    0x08005b4c   0x08005b4c   0x00000008   Data   RO          889    .constdata          c_w.l(_printf_wctomb.o)
    0x08005b54   0x08005b54   0x00000028   Data   RO          918    .constdata          c_w.l(_printf_hex_int_ll_ptr.o)
    0x08005b7c   0x08005b7c   0x00000011   Data   RO          938    .constdata          c_w.l(__printf_flags_ss_wp.o)
    0x08005b8d   0x08005b8d   0x00000026   Data   RO         1167    .constdata          c_w.l(_printf_fp_hex.o)
    0x08005bb3   0x08005bb3   0x00000001   PAD
    0x08005bb4   0x08005bb4   0x00000094   Data   RO         1236    .constdata          c_w.l(bigflt0.o)
    0x08005c48   0x08005c48   0x00000010   Data   RO          495    .rodata.APBAHBPrescTable  stm32f4xx_rcc.o
    0x08005c58   0x08005c58   0x000000b5   Data   RO          650    .rodata.str1.1      main.o
    0x08005d0d   0x08005d0d   0x00000003   PAD
    0x08005d10   0x08005d10   0x00000020   Data   RO         1436    Region$$Table       anon$$obj.o
    0x08005d30   0x08005d30   0x00000008   Data   RO         1288    c$$dinf             fz_wm.l(fpconst.o)
    0x08005d38   0x08005d38   0x00000008   Data   RO         1291    c$$dmax             fz_wm.l(fpconst.o)
    0x08005d40   0x08005d40   0x0000001c   Data   RO         1265    locale$$data        c_w.l(lc_numeric_c.o)
    0x08005d5c   0x08005d5c   0x00000110   Data   RO         1324    locale$$data        c_w.l(lc_ctype_c.o)


    Execution Region ER_RW (Exec base: 0x20000000, Load base: 0x08005e6c, Size: 0x00000010, Max: 0xffffffff, ABSOLUTE)

    Exec Addr    Load Addr    Size         Type   Attr      Idx    E Section Name        Object

    0x20000000   0x08005e6c   0x00000004   Data   RW          709    .data.SystemCoreClock  system_stm32f4xx.o
    0x20000004   0x08005e70   0x00000004   Data   RW          647    .data.ext_led_pin   main.o
    0x20000008   0x08005e74   0x00000004   Data   RW          640    .data.temp_print_period  main.o
    0x2000000c   0x08005e78   0x00000004   Data   RW          648    .data.touch_sensor_pin  main.o


    Execution Region ER_ZI (Exec base: 0x20000010, Load base: 0x08005e7c, Size: 0x000006b8, Max: 0xffffffff, ABSOLUTE)

    Exec Addr    Load Addr    Size         Type   Attr      Idx    E Section Name        Object

    0x20000010        -       0x00000060   Zero   RW         1131    .bss                c_w.l(libspace.o)
    0x20000070        -       0x00000004   Zero   RW          164    .bss.EXTI_port_set  gpio.o
    0x20000074        -       0x00000004   Zero   RW          165    .bss.GPIO_callback  gpio.o
    0x20000078        -       0x00000004   Zero   RW          163    .bss.IRQ_pin_index  gpio.o
    0x2000007c        -       0x00000004   Zero   RW          162    .bss.IRQ_port_num   gpio.o
    0x20000080        -       0x00000004   Zero   RW          161    .bss.IRQ_status     gpio.o
    0x20000084        -       0x00000004   Zero   RW          617    .bss.UART_callback  uart.o
    0x20000088        -       0x00000004   Zero   RW           99    .bss.dht11_pin      dht11.o
    0x2000008c        -       0x00000004   Zero   RW          651    .bss.handle_led_logic.led_state  main.o
    0x20000090        -       0x00000001   Zero   RW          642    .bss.humidity       main.o
    0x20000091   0x08005e7c   0x00000003   PAD
    0x20000094        -       0x00000004   Zero   RW          167    .bss.priority       gpio.o
    0x20000098        -       0x00000004   Zero   RW          166    .bss.prioritygroup  gpio.o
    0x2000009c        -       0x00000004   Zero   RW          645    .bss.read_sensor_flag  main.o
    0x200000a0        -       0x00000010   Zero   RW          649    .bss.rx_queue       main.o
    0x200000b0        -       0x00000001   Zero   RW          641    .bss.temperature    main.o
    0x200000b1   0x08005e7c   0x00000003   PAD
    0x200000b4        -       0x00000004   Zero   RW          587    .bss.timer_callback  timer.o
    0x200000b8        -       0x00000004   Zero   RW          644    .bss.timer_counter  main.o
    0x200000bc        -       0x00000004   Zero   RW          646    .bss.touch_event_flag  main.o
    0x200000c0        -       0x00000004   Zero   RW          639    .bss.touch_press_count  main.o
    0x200000c4        -       0x00000004   Zero   RW          643    .bss.user_id        main.o
    0x200000c8        -       0x00000200   Zero   RW          696    HEAP                startup_stm32f411xe.o
    0x200002c8        -       0x00000400   Zero   RW          695    STACK               startup_stm32f411xe.o


==============================================================================

Image component sizes


      Code (inc. data)   RO Data    RW Data    ZI Data      Debug   Object Name

       240          0          0          0          0        757   delay.o
        12          0          0          0          0        322   delay_as.o
       438          0          0          0          4       2164   dht11.o
      2650         38          0          0         28       9873   gpio.o
      1196          0        181         12         42       3823   main.o
       250          0          0          0          0       1353   queue.o
        64         26        408          0       1536        872   startup_stm32f411xe.o
       360          0          0          0          0       4383   stm32f4xx_gpio.o
       466          0         16          0          0       9247   stm32f4xx_rcc.o
       514          0          0          0          0       6991   stm32f4xx_usart.o
        18          0          0          4          0       2773   system_stm32f4xx.o
       426          8          0          0          4       4830   timer.o
       568          0          0          0          4       6234   uart.o

    ----------------------------------------------------------------------
      7266         72        640         16       1624      53622   Object Totals
         0          0         32          0          0          0   (incl. Generated)
        64          0          3          0          6          0   (incl. Padding)

    ----------------------------------------------------------------------

      Code (inc. data)   RO Data    RW Data    ZI Data      Debug   Library Member Name

         8          0          0          0          0         68   __main.o
       392          4         17          0          0         92   __printf_flags_ss_wp.o
        14          0          0          0          0         68   __printf_wp.o
         0          0          0          0          0          0   __rtentry.o
        12          0          0          0          0          0   __rtentry2.o
         6          0          0          0          0          0   __rtentry4.o
        94          8          0          0          0          0   __scatter.o
        26          0          0          0          0          0   __scatter_copy.o
        28          0          0          0          0          0   __scatter_zi.o
        72          0          0          0          0         96   _c16rtomb.o
        28          0          0          0          0         68   _chval.o
        64          0          0          0          0         84   _mbrtoc16.o
         6          0          0          0          0          0   _printf_a.o
         6          0          0          0          0          0   _printf_c.o
        44          0          0          0          0        108   _printf_char.o
        48          6          0          0          0         96   _printf_char_common.o
        40          0          0          0          0         68   _printf_charcount.o
         6          0          0          0          0          0   _printf_d.o
       120         16          0          0          0         92   _printf_dec.o
         6          0          0          0          0          0   _printf_e.o
         6          0          0          0          0          0   _printf_f.o
      1052          0          0          0          0        148   _printf_fp_dec.o
       764          8         38          0          0        100   _printf_fp_hex.o
       128         16          0          0          0         84   _printf_fp_infnan.o
         6          0          0          0          0          0   _printf_g.o
       148          4         40          0          0        160   _printf_hex_int_ll_ptr.o
         6          0          0          0          0          0   _printf_i.o
       178          0          0          0          0         88   _printf_intcommon.o
        10          0          0          0          0          0   _printf_l.o
         6          0          0          0          0          0   _printf_lc.o
        10          0          0          0          0          0   _printf_ll.o
         6          0          0          0          0          0   _printf_lld.o
         6          0          0          0          0          0   _printf_lli.o
         6          0          0          0          0          0   _printf_llo.o
         6          0          0          0          0          0   _printf_llu.o
         6          0          0          0          0          0   _printf_llx.o
       124         16          0          0          0         92   _printf_longlong_dec.o
         6          0          0          0          0          0   _printf_ls.o
         6          0          0          0          0          0   _printf_n.o
         6          0          0          0          0          0   _printf_o.o
       112          8          0          0          0        124   _printf_oct_int_ll.o
         6          0          0          0          0          0   _printf_p.o
        78          0          0          0          0        108   _printf_pad.o
         0          0          0          0          0          0   _printf_percent.o
         4          0          0          0          0          0   _printf_percent_end.o
         6          0          0          0          0          0   _printf_s.o
        82          0          0          0          0         80   _printf_str.o
        36          0          0          0          0         84   _printf_truncate.o
         6          0          0          0          0          0   _printf_u.o
        44          0          0          0          0        108   _printf_wchar.o
       188          6          8          0          0         92   _printf_wctomb.o
         6          0          0          0          0          0   _printf_x.o
        22          0          0          0          0        100   _rserrno.o
       884          6          0          0          0        100   _scanf.o
       332          0          0          0          0         96   _scanf_int.o
       342          0          0          0          0        100   _scanf_longlong.o
       276          0          0          0          0        100   _scanf_mbtowc.o
       224          0          0          0          0         96   _scanf_str.o
        30          0          0          0          0         76   _scanf_wcharmap.o
       232          0          0          0          0        100   _scanf_wctomb.o
       208          0          0          0          0         96   _scanf_wstr.o
        64          0          0          0          0         84   _sgetc.o
        16          0          0          0          0         68   _snputc.o
       228          4        148          0          0         96   bigflt0.o
      2152        136          0          0          0        956   btod.o
        10          0          0          0          0         68   defsig_exit.o
        50          0          0          0          0         88   defsig_general.o
        80         58          0          0          0         76   defsig_rtmem_inner.o
        14          0          0          0          0         80   defsig_rtmem_outer.o
        18          0          0          0          0         80   exit.o
        94          0          0          0          0         80   h1_alloc.o
        52          0          0          0          0         68   h1_extend.o
        78          0          0          0          0         80   h1_free.o
        12          0          0          0          0         84   h1_init.o
         6          0          0          0          0        152   heapauxi.o
         4          0          0          0          0        136   hguard.o
         0          0          0          0          0          0   indicate_semi.o
       138          0          0          0          0        168   init_alloc.o
        18          0          0          0          0         76   isspace.o
        44         10        272          0          0         76   lc_ctype_c.o
        44         10         28          0          0         76   lc_numeric_c.o
         2          0          0          0          0          0   libinit.o
        42          0          0          0          0          0   libinit2.o
         2          0          0          0          0          0   libshutdown.o
         2          0          0          0          0          0   libshutdown2.o
         8          4          0          0         96         68   libspace.o
        38          0          0          0          0         68   llshl.o
       138          0          0          0          0         80   lludiv10.o
         0          0          0          0          0          0   maybetermalloc1.o
        16          4          0          0          0         76   rt_ctype_table.o
         8          4          0          0          0         68   rt_errno_addr_intlibspace.o
         8          4          0          0          0         68   rt_heap_descriptor_intlibspace.o
         8          4          0          0          0         68   rt_locale_intlibspace.o
         2          0          0          0          0          0   rtexit.o
        10          0          0          0          0          0   rtexit2.o
        44          8          0          0          0         84   scanf_char.o
      1272         16          0          0          0        168   scanf_fp.o
       800         14          0          0          0        100   scanf_hexfp.o
       308         16          0          0          0        100   scanf_infnan.o
        64          6          0          0          0         84   snprintf.o
        60          8          0          0          0         84   sscanf.o
       124          0          0          0          0         88   strcmpv7em.o
        12          4          0          0          0         68   sys_exit.o
        74          0          0          0          0         80   sys_stackheap_outer.o
        14          0          0          0          0         76   sys_wrch.o
         2          0          0          0          0         68   use_no_semi.o
        98          4          0          0          0        140   d2f.o
        16          4          0          0          0        116   dcheck1.o
        24          0          0          0          0        116   dcmpi.o
       692        140          0          0          0        264   ddiv.o
       120          4          0          0          0        140   deqf.o
        90          4          0          0          0        140   dfixu.o
        38          0          0          0          0        116   dflt_clz.o
       120          4          0          0          0        140   dleqf.o
       340         12          0          0          0        152   dmul.o
       156          4          0          0          0        140   dnaninf.o
        12          0          0          0          0        116   dretinf.o
       108          0          0          0          0        128   drleqf.o
         0          0         16          0          0          0   fpconst.o
        26          0          0          0          0        116   fpinit.o
        10          0          0          0          0        116   fretinf.o
         6          0          0          0          0        116   istatus.o
         4          0          0          0          0        116   printf1.o
         4          0          0          0          0        116   printf2.o
       100          0          0          0          0        116   retnan.o
        92          0          0          0          0        116   scalbn.o
         4          0          0          0          0        116   scanf1.o
         8          0          0          0          0        132   scanf2.o
        48          0          0          0          0        116   trapv.o
         0          0          0          0          0          0   usenofp.o
        64         16          0          0          0        248   dunder.o
        48          0          0          0          0        124   fpclassify.o
       140         22          0          0          0        132   frexp.o
       228          8          0          0          0        308   ldexp.o
       266         16          0          0          0        308   narrow.o

    ----------------------------------------------------------------------
     15698        646        568          0         96      11064   Library Totals
        32          0          1          0          0          0   (incl. Padding)

    ----------------------------------------------------------------------

      Code (inc. data)   RO Data    RW Data    ZI Data      Debug   Library Name

     12804        408        551          0         96       7060   c_w.l
      2116        176         16          0          0       2884   fz_wm.l
       746         62          0          0          0       1120   m_wm.l

    ----------------------------------------------------------------------
     15698        646        568          0         96      11064   Library Totals

    ----------------------------------------------------------------------

==============================================================================


      Code (inc. data)   RO Data    RW Data    ZI Data      Debug   

     22964        718       1208         16       1720      57854   Grand Totals
     22964        718       1208         16       1720      57854   ELF Image Totals
     22964        718       1208         16          0          0   ROM Totals

==============================================================================

    Total RO  Size (Code + RO Data)                24172 (  23.61kB)
    Total RW  Size (RW Data + ZI Data)              1736 (   1.70kB)
    Total ROM Size (Code + RO Data + RW Data)      24188 (  23.62kB)

==============================================================================

