Component: Arm Compiler for Embedded 6.19 Tool: armlink [5e73cb00]

==============================================================================

Section Cross References

    main.o(.text.uart_rx_isr) refers to main.o(.bss.rx_queue) for rx_queue
    main.o(.text.uart_rx_isr) refers to queue.o(.text.queue_enqueue) for queue_enqueue
    main.o(.ARM.exidx.text.uart_rx_isr) refers to main.o(.text.uart_rx_isr) for [Anonymous Symbol]
    main.o(.text.main) refers to main.o(.bss.rx_queue) for rx_queue
    main.o(.text.main) refers to queue.o(.text.queue_init) for queue_init
    main.o(.text.main) refers to uart.o(.text.uart_init) for uart_init
    main.o(.text.main) refers to main.o(.text.uart_rx_isr) for uart_rx_isr
    main.o(.text.main) refers to uart.o(.text.uart_set_rx_callback) for uart_set_rx_callback
    main.o(.text.main) refers to uart.o(.text.uart_enable) for uart_enable
    main.o(.text.main) refers to main.o(.rodata.str1.1) for .L.str
    main.o(.text.main) refers to uart.o(.text.uart_print) for uart_print
    main.o(.text.main) refers to queue.o(.text.queue_dequeue) for queue_dequeue
    main.o(.text.main) refers to uart.o(.text.uart_tx) for uart_tx
    main.o(.ARM.exidx.text.main) refers to main.o(.text.main) for [Anonymous Symbol]
    adc.o(.text.adc_init) refers to h1_alloc.o(.text) for malloc
    adc.o(.text.adc_init) refers to adc.o(.bss.aPA_0) for aPA_0
    adc.o(.text.adc_init) refers to adc.o(.text.analogin_init) for analogin_init
    adc.o(.text.adc_init) refers to adc.o(.bss.aPA_1) for aPA_1
    adc.o(.text.adc_init) refers to adc.o(.bss.aPA_2) for aPA_2
    adc.o(.text.adc_init) refers to adc.o(.bss.aPA_3) for aPA_3
    adc.o(.text.adc_init) refers to adc.o(.bss.aPA_4) for aPA_4
    adc.o(.text.adc_init) refers to adc.o(.bss.aPA_5) for aPA_5
    adc.o(.text.adc_init) refers to adc.o(.bss.aPA_6) for aPA_6
    adc.o(.text.adc_init) refers to adc.o(.bss.aPA_7) for aPA_7
    adc.o(.text.adc_init) refers to adc.o(.bss.aPB_0) for aPB_0
    adc.o(.text.adc_init) refers to adc.o(.bss.aPB_1) for aPB_1
    adc.o(.text.adc_init) refers to adc.o(.bss.aPC_0) for aPC_0
    adc.o(.text.adc_init) refers to adc.o(.bss.aPC_1) for aPC_1
    adc.o(.text.adc_init) refers to adc.o(.bss.aPC_2) for aPC_2
    adc.o(.text.adc_init) refers to adc.o(.bss.aPC_3) for aPC_3
    adc.o(.text.adc_init) refers to adc.o(.bss.aPC_4) for aPC_4
    adc.o(.text.adc_init) refers to adc.o(.bss.aPC_5) for aPC_5
    adc.o(.ARM.exidx.text.adc_init) refers to adc.o(.text.adc_init) for [Anonymous Symbol]
    adc.o(.text.analogin_init) refers to adc.o(.text.pinmap_peripheral) for pinmap_peripheral
    adc.o(.text.analogin_init) refers to adc.o(.text.pinmap_function) for pinmap_function
    adc.o(.text.analogin_init) refers to adc.o(.text.pinmap_pinout) for pinmap_pinout
    adc.o(.text.analogin_init) refers to adc.o(.bss.adc_inited) for adc_inited
    adc.o(.text.analogin_init) refers to adc.o(.bss.AdcHandle) for AdcHandle
    adc.o(.text.analogin_init) refers to adc.o(.text._ADC_Init) for _ADC_Init
    adc.o(.ARM.exidx.text.analogin_init) refers to adc.o(.text.analogin_init) for [Anonymous Symbol]
    adc.o(.text.pinmap_find_peripheral) refers to adc.o(.rodata.PinMap_ADC) for PinMap_ADC
    adc.o(.ARM.exidx.text.pinmap_find_peripheral) refers to adc.o(.text.pinmap_find_peripheral) for [Anonymous Symbol]
    adc.o(.text.pinmap_peripheral) refers to adc.o(.text.pinmap_find_peripheral) for pinmap_find_peripheral
    adc.o(.ARM.exidx.text.pinmap_peripheral) refers to adc.o(.text.pinmap_peripheral) for [Anonymous Symbol]
    adc.o(.text.pinmap_function) refers to adc.o(.text.pinmap_find_function) for pinmap_find_function
    adc.o(.ARM.exidx.text.pinmap_function) refers to adc.o(.text.pinmap_function) for [Anonymous Symbol]
    adc.o(.text.pinmap_pinout) refers to adc.o(.rodata.PinMap_ADC) for PinMap_ADC
    adc.o(.text.pinmap_pinout) refers to adc.o(.text.pin_function) for pin_function
    adc.o(.ARM.exidx.text.pinmap_pinout) refers to adc.o(.text.pinmap_pinout) for [Anonymous Symbol]
    adc.o(.text._ADC_Init) refers to adc.o(.text.local_ADC_Init) for local_ADC_Init
    adc.o(.ARM.exidx.text._ADC_Init) refers to adc.o(.text._ADC_Init) for [Anonymous Symbol]
    adc.o(.ARM.exidx.text.local_ADC_Init) refers to adc.o(.text.local_ADC_Init) for [Anonymous Symbol]
    adc.o(.text.pinmap_find_function) refers to adc.o(.rodata.PinMap_ADC) for PinMap_ADC
    adc.o(.ARM.exidx.text.pinmap_find_function) refers to adc.o(.text.pinmap_find_function) for [Anonymous Symbol]
    adc.o(.text.pin_function) refers to adc.o(.rodata.gpio_mode) for gpio_mode
    adc.o(.text.pin_function) refers to adc.o(.text._GPIO_Init) for _GPIO_Init
    adc.o(.ARM.exidx.text.pin_function) refers to adc.o(.text.pin_function) for [Anonymous Symbol]
    adc.o(.ARM.exidx.text._GPIO_Init) refers to adc.o(.text._GPIO_Init) for [Anonymous Symbol]
    adc.o(.text.adc_read) refers to adc.o(.bss.aPA_0) for aPA_0
[...]
    Removing stm32f4xx_i2c.o(.text.I2C_ITConfig), (54 bytes).
    Removing stm32f4xx_i2c.o(.ARM.exidx.text.I2C_ITConfig), (8 bytes).
    Removing stm32f4xx_i2c.o(.text.I2C_CheckEvent), (86 bytes).
    Removing stm32f4xx_i2c.o(.ARM.exidx.text.I2C_CheckEvent), (8 bytes).
    Removing stm32f4xx_i2c.o(.text.I2C_GetLastEvent), (48 bytes).
    Removing stm32f4xx_i2c.o(.ARM.exidx.text.I2C_GetLastEvent), (8 bytes).
    Removing stm32f4xx_i2c.o(.text.I2C_GetFlagStatus), (98 bytes).
    Removing stm32f4xx_i2c.o(.ARM.exidx.text.I2C_GetFlagStatus), (8 bytes).
    Removing stm32f4xx_i2c.o(.text.I2C_ClearFlag), (36 bytes).
    Removing stm32f4xx_i2c.o(.ARM.exidx.text.I2C_ClearFlag), (8 bytes).
    Removing stm32f4xx_i2c.o(.text.I2C_GetITStatus), (80 bytes).
    Removing stm32f4xx_i2c.o(.ARM.exidx.text.I2C_GetITStatus), (8 bytes).
    Removing stm32f4xx_i2c.o(.text.I2C_ClearITPendingBit), (36 bytes).
    Removing stm32f4xx_i2c.o(.ARM.exidx.text.I2C_ClearITPendingBit), (8 bytes).
    Removing stm32f4xx_rcc.o(.text), (0 bytes).
    Removing stm32f4xx_rcc.o(.text.RCC_DeInit), (80 bytes).
    Removing stm32f4xx_rcc.o(.ARM.exidx.text.RCC_DeInit), (8 bytes).
    Removing stm32f4xx_rcc.o(.text.RCC_HSEConfig), (28 bytes).
    Removing stm32f4xx_rcc.o(.ARM.exidx.text.RCC_HSEConfig), (8 bytes).
    Removing stm32f4xx_rcc.o(.text.RCC_WaitForHSEStartUp), (110 bytes).
    Removing stm32f4xx_rcc.o(.ARM.exidx.text.RCC_WaitForHSEStartUp), (8 bytes).
    Removing stm32f4xx_rcc.o(.text.RCC_GetFlagStatus), (130 bytes).
    Removing stm32f4xx_rcc.o(.ARM.exidx.text.RCC_GetFlagStatus), (8 bytes).
    Removing stm32f4xx_rcc.o(.text.RCC_AdjustHSICalibrationValue), (50 bytes).
    Removing stm32f4xx_rcc.o(.ARM.exidx.text.RCC_AdjustHSICalibrationValue), (8 bytes).
    Removing stm32f4xx_rcc.o(.text.RCC_HSICmd), (22 bytes).
    Removing stm32f4xx_rcc.o(.ARM.exidx.text.RCC_HSICmd), (8 bytes).
    Removing stm32f4xx_rcc.o(.text.RCC_LSEConfig), (76 bytes).
    Removing stm32f4xx_rcc.o(.ARM.exidx.text.RCC_LSEConfig), (8 bytes).
    Removing stm32f4xx_rcc.o(.text.RCC_LSICmd), (24 bytes).
    Removing stm32f4xx_rcc.o(.ARM.exidx.text.RCC_LSICmd), (8 bytes).
    Removing stm32f4xx_rcc.o(.text.RCC_PLLConfig), (62 bytes).
    Removing stm32f4xx_rcc.o(.ARM.exidx.text.RCC_PLLConfig), (8 bytes).
    Removing stm32f4xx_rcc.o(.text.RCC_PLLCmd), (22 bytes).
    Removing stm32f4xx_rcc.o(.ARM.exidx.text.RCC_PLLCmd), (8 bytes).
    Removing stm32f4xx_rcc.o(.text.RCC_PLLI2SConfig), (30 bytes).
    Removing stm32f4xx_rcc.o(.ARM.exidx.text.RCC_PLLI2SConfig), (8 bytes).
    Removing stm32f4xx_rcc.o(.text.RCC_PLLI2SCmd), (22 bytes).
    Removing stm32f4xx_rcc.o(.ARM.exidx.text.RCC_PLLI2SCmd), (8 bytes).
    Removing stm32f4xx_rcc.o(.text.RCC_ClockSecuritySystemCmd), (22 bytes).
    Removing stm32f4xx_rcc.o(.ARM.exidx.text.RCC_ClockSecuritySystemCmd), (8 bytes).
    Removing stm32f4xx_rcc.o(.text.RCC_MCO1Config), (50 bytes).
    Removing stm32f4xx_rcc.o(.ARM.exidx.text.RCC_MCO1Config), (8 bytes).
    Removing stm32f4xx_rcc.o(.text.RCC_MCO2Config), (50 bytes).
    Removing stm32f4xx_rcc.o(.ARM.exidx.text.RCC_MCO2Config), (8 bytes).
    Removing stm32f4xx_rcc.o(.text.RCC_SYSCLKConfig), (44 bytes).
    Removing stm32f4xx_rcc.o(.ARM.exidx.text.RCC_SYSCLKConfig), (8 bytes).
    Removing stm32f4xx_rcc.o(.text.RCC_GetSYSCLKSource), (16 bytes).
    Removing stm32f4xx_rcc.o(.ARM.exidx.text.RCC_GetSYSCLKSource), (8 bytes).
    Removing stm32f4xx_rcc.o(.text.RCC_HCLKConfig), (44 bytes).
    Removing stm32f4xx_rcc.o(.ARM.exidx.text.RCC_HCLKConfig), (8 bytes).
    Removing stm32f4xx_rcc.o(.text.RCC_PCLK1Config), (44 bytes).
    Removing stm32f4xx_rcc.o(.ARM.exidx.text.RCC_PCLK1Config), (8 bytes).
    Removing stm32f4xx_rcc.o(.text.RCC_PCLK2Config), (46 bytes).
    Removing stm32f4xx_rcc.o(.ARM.exidx.text.RCC_PCLK2Config), (8 bytes).
    Removing stm32f4xx_rcc.o(.ARM.exidx.text.RCC_GetClocksFreq), (8 bytes).
    Removing stm32f4xx_rcc.o(.text.RCC_RTCCLKConfig), (90 bytes).
    Removing stm32f4xx_rcc.o(.ARM.exidx.text.RCC_RTCCLKConfig), (8 bytes).
    Removing stm32f4xx_rcc.o(.text.RCC_RTCCLKCmd), (24 bytes).
    Removing stm32f4xx_rcc.o(.ARM.exidx.text.RCC_RTCCLKCmd), (8 bytes).
    Removing stm32f4xx_rcc.o(.text.RCC_BackupResetCmd), (24 bytes).
    Removing stm32f4xx_rcc.o(.ARM.exidx.text.RCC_BackupResetCmd), (8 bytes).
    Removing stm32f4xx_rcc.o(.text.RCC_I2SCLKConfig), (20 bytes).
    Removing stm32f4xx_rcc.o(.ARM.exidx.text.RCC_I2SCLKConfig), (8 bytes).
    Removing stm32f4xx_rcc.o(.ARM.exidx.text.RCC_AHB1PeriphClockCmd), (8 bytes).
    Removing stm32f4xx_rcc.o(.text.RCC_AHB2PeriphClockCmd), (56 bytes).
    Removing stm32f4xx_rcc.o(.ARM.exidx.text.RCC_AHB2PeriphClockCmd), (8 bytes).
    Removing stm32f4xx_rcc.o(.text.RCC_AHB3PeriphClockCmd), (56 bytes).
    Removing stm32f4xx_rcc.o(.ARM.exidx.text.RCC_AHB3PeriphClockCmd), (8 bytes).
    Removing stm32f4xx_rcc.o(.ARM.exidx.text.RCC_APB1PeriphClockCmd), (8 bytes).
    Removing stm32f4xx_rcc.o(.text.RCC_APB2PeriphClockCmd), (56 bytes).
    Removing stm32f4xx_rcc.o(.ARM.exidx.text.RCC_APB2PeriphClockCmd), (8 bytes).
    Removing stm32f4xx_rcc.o(.text.RCC_AHB1PeriphResetCmd), (56 bytes).
    Removing stm32f4xx_rcc.o(.ARM.exidx.text.RCC_AHB1PeriphResetCmd), (8 bytes).
    Removing stm32f4xx_rcc.o(.text.RCC_AHB2PeriphResetCmd), (56 bytes).
    Removing stm32f4xx_rcc.o(.ARM.exidx.text.RCC_AHB2PeriphResetCmd), (8 bytes).
    Removing stm32f4xx_rcc.o(.text.RCC_AHB3PeriphResetCmd), (56 bytes).
    Removing stm32f4xx_rcc.o(.ARM.exidx.text.RCC_AHB3PeriphResetCmd), (8 bytes).
    Removing stm32f4xx_rcc.o(.text.RCC_APB1PeriphResetCmd), (56 bytes).
    Removing stm32f4xx_rcc.o(.ARM.exidx.text.RCC_APB1PeriphResetCmd), (8 bytes).
    Removing stm32f4xx_rcc.o(.text.RCC_APB2PeriphResetCmd), (56 bytes).
    Removing stm32f4xx_rcc.o(.ARM.exidx.text.RCC_APB2PeriphResetCmd), (8 bytes).
    Removing stm32f4xx_rcc.o(.text.RCC_AHB1PeriphClockLPModeCmd), (56 bytes).
    Removing stm32f4xx_rcc.o(.ARM.exidx.text.RCC_AHB1PeriphClockLPModeCmd), (8 bytes).
    Removing stm32f4xx_rcc.o(.text.RCC_AHB2PeriphClockLPModeCmd), (56 bytes).
    Removing stm32f4xx_rcc.o(.ARM.exidx.text.RCC_AHB2PeriphClockLPModeCmd), (8 bytes).
    Removing stm32f4xx_rcc.o(.text.RCC_AHB3PeriphClockLPModeCmd), (56 bytes).
    Removing stm32f4xx_rcc.o(.ARM.exidx.text.RCC_AHB3PeriphClockLPModeCmd), (8 bytes).
    Removing stm32f4xx_rcc.o(.text.RCC_APB1PeriphClockLPModeCmd), (56 bytes).
    Removing stm32f4xx_rcc.o(.ARM.exidx.text.RCC_APB1PeriphClockLPModeCmd), (8 bytes).
    Removing stm32f4xx_rcc.o(.text.RCC_APB2PeriphClockLPModeCmd), (56 bytes).
    Removing stm32f4xx_rcc.o(.ARM.exidx.text.RCC_APB2PeriphClockLPModeCmd), (8 bytes).
    Removing stm32f4xx_rcc.o(.text.RCC_ITConfig), (62 bytes).
    Removing stm32f4xx_rcc.o(.ARM.exidx.text.RCC_ITConfig), (8 bytes).
    Removing stm32f4xx_rcc.o(.text.RCC_ClearFlag), (18 bytes).
    Removing stm32f4xx_rcc.o(.ARM.exidx.text.RCC_ClearFlag), (8 bytes).
    Removing stm32f4xx_rcc.o(.text.RCC_GetITStatus), (56 bytes).
    Removing stm32f4xx_rcc.o(.ARM.exidx.text.RCC_GetITStatus), (8 bytes).
    Removing stm32f4xx_rcc.o(.text.RCC_ClearITPendingBit), (24 bytes).
    Removing stm32f4xx_rcc.o(.ARM.exidx.text.RCC_ClearITPendingBit), (8 bytes).
    Removing stm32f4xx_usart.o(.text), (0 bytes).
    Removing stm32f4xx_usart.o(.text.USART_DeInit), (124 bytes).
    Removing stm32f4xx_usart.o(.ARM.exidx.text.USART_DeInit), (8 bytes).
    Removing stm32f4xx_usart.o(.ARM.exidx.text.USART_Init), (8 bytes).
    Removing stm32f4xx_usart.o(.text.USART_StructInit), (40 bytes).
    Removing stm32f4xx_usart.o(.ARM.exidx.text.USART_StructInit), (8 bytes).
    Removing stm32f4xx_usart.o(.text.USART_ClockInit), (58 bytes).
    Removing stm32f4xx_usart.o(.ARM.exidx.text.USART_ClockInit), (8 bytes).
    Removing stm32f4xx_usart.o(.text.USART_ClockStructInit), (26 bytes).
    Removing stm32f4xx_usart.o(.ARM.exidx.text.USART_ClockStructInit), (8 bytes).
    Removing stm32f4xx_usart.o(.ARM.exidx.text.USART_Cmd), (8 bytes).
    Removing stm32f4xx_usart.o(.text.USART_SetPrescaler), (12 bytes).
    Removing stm32f4xx_usart.o(.ARM.exidx.text.USART_SetPrescaler), (8 bytes).
    Removing stm32f4xx_usart.o(.text.USART_OverSampling8Cmd), (44 bytes).
    Removing stm32f4xx_usart.o(.ARM.exidx.text.USART_OverSampling8Cmd), (8 bytes).
    Removing stm32f4xx_usart.o(.text.USART_OneBitMethodCmd), (46 bytes).
    Removing stm32f4xx_usart.o(.ARM.exidx.text.USART_OneBitMethodCmd), (8 bytes).
    Removing stm32f4xx_usart.o(.ARM.exidx.text.USART_SendData), (8 bytes).
    Removing stm32f4xx_usart.o(.ARM.exidx.text.USART_ReceiveData), (8 bytes).
    Removing stm32f4xx_usart.o(.text.USART_SetAddress), (36 bytes).
    Removing stm32f4xx_usart.o(.ARM.exidx.text.USART_SetAddress), (8 bytes).
    Removing stm32f4xx_usart.o(.text.USART_ReceiverWakeUpCmd), (46 bytes).
    Removing stm32f4xx_usart.o(.ARM.exidx.text.USART_ReceiverWakeUpCmd), (8 bytes).
    Removing stm32f4xx_usart.o(.text.USART_WakeUpConfig), (36 bytes).
    Removing stm32f4xx_usart.o(.ARM.exidx.text.USART_WakeUpConfig), (8 bytes).
    Removing stm32f4xx_usart.o(.text.USART_LINBreakDetectLengthConfig), (36 bytes).
    Removing stm32f4xx_usart.o(.ARM.exidx.text.USART_LINBreakDetectLengthConfig), (8 bytes).
    Removing stm32f4xx_usart.o(.text.USART_LINCmd), (46 bytes).
    Removing stm32f4xx_usart.o(.ARM.exidx.text.USART_LINCmd), (8 bytes).
    Removing stm32f4xx_usart.o(.text.USART_SendBreak), (18 bytes).
    Removing stm32f4xx_usart.o(.ARM.exidx.text.USART_SendBreak), (8 bytes).
    Removing stm32f4xx_usart.o(.text.USART_HalfDuplexCmd), (46 bytes).
    Removing stm32f4xx_usart.o(.ARM.exidx.text.USART_HalfDuplexCmd), (8 bytes).
    Removing stm32f4xx_usart.o(.text.USART_SetGuardTime), (36 bytes).
    Removing stm32f4xx_usart.o(.ARM.exidx.text.USART_SetGuardTime), (8 bytes).
    Removing stm32f4xx_usart.o(.text.USART_SmartCardCmd), (46 bytes).
    Removing stm32f4xx_usart.o(.ARM.exidx.text.USART_SmartCardCmd), (8 bytes).
    Removing stm32f4xx_usart.o(.text.USART_SmartCardNACKCmd), (46 bytes).
    Removing stm32f4xx_usart.o(.ARM.exidx.text.USART_SmartCardNACKCmd), (8 bytes).
    Removing stm32f4xx_usart.o(.text.USART_IrDAConfig), (36 bytes).
    Removing stm32f4xx_usart.o(.ARM.exidx.text.USART_IrDAConfig), (8 bytes).
    Removing stm32f4xx_usart.o(.text.USART_IrDACmd), (46 bytes).
    Removing stm32f4xx_usart.o(.ARM.exidx.text.USART_IrDACmd), (8 bytes).
    Removing stm32f4xx_usart.o(.text.USART_DMACmd), (54 bytes).
    Removing stm32f4xx_usart.o(.ARM.exidx.text.USART_DMACmd), (8 bytes).
    Removing stm32f4xx_usart.o(.text.USART_ITConfig), (146 bytes).
    Removing stm32f4xx_usart.o(.ARM.exidx.text.USART_ITConfig), (8 bytes).
    Removing stm32f4xx_usart.o(.ARM.exidx.text.USART_GetFlagStatus), (8 bytes).
    Removing stm32f4xx_usart.o(.text.USART_ClearFlag), (40 bytes).
    Removing stm32f4xx_usart.o(.ARM.exidx.text.USART_ClearFlag), (8 bytes).
    Removing stm32f4xx_usart.o(.text.USART_GetITStatus), (176 bytes).
    Removing stm32f4xx_usart.o(.ARM.exidx.text.USART_GetITStatus), (8 bytes).
    Removing stm32f4xx_usart.o(.text.USART_ClearITPendingBit), (72 bytes).
    Removing stm32f4xx_usart.o(.ARM.exidx.text.USART_ClearITPendingBit), (8 bytes).
    Removing timer.o(.text), (0 bytes).
    Removing timer.o(.text.timer_init), (104 bytes).
    Removing timer.o(.ARM.exidx.text.timer_init), (8 bytes).
    Removing timer.o(.text.SysTick_Config), (82 bytes).
    Removing timer.o(.ARM.exidx.text.SysTick_Config), (8 bytes).
    Removing timer.o(.text.__NVIC_SetPriority), (66 bytes).
    Removing timer.o(.ARM.exidx.text.__NVIC_SetPriority), (8 bytes).
    Removing timer.o(.text.NVIC_EncodePriority), (108 bytes).
    Removing timer.o(.ARM.exidx.text.NVIC_EncodePriority), (8 bytes).
    Removing timer.o(.text.__NVIC_GetPriorityGrouping), (16 bytes).
    Removing timer.o(.ARM.exidx.text.__NVIC_GetPriorityGrouping), (8 bytes).
    Removing timer.o(.text.timer_enable), (14 bytes).
    Removing timer.o(.ARM.exidx.text.timer_enable), (8 bytes).
    Removing timer.o(.text.timer_disable), (18 bytes).
    Removing timer.o(.ARM.exidx.text.timer_disable), (8 bytes).
    Removing timer.o(.text.timer_set_callback), (20 bytes).
    Removing timer.o(.ARM.exidx.text.timer_set_callback), (8 bytes).
    Removing timer.o(.ARM.exidx.text.SysTick_Handler), (8 bytes).
    Removing timer.o(.bss.timer_period), (4 bytes).
    Removing uart.o(.text), (0 bytes).
    Removing uart.o(.ARM.exidx.text.uart_init), (8 bytes).
    Removing uart.o(.ARM.exidx.text.uart_enable), (8 bytes).
    Removing uart.o(.ARM.exidx.text.uart_print), (8 bytes).
    Removing uart.o(.ARM.exidx.text.uart_tx), (8 bytes).
    Removing uart.o(.ARM.exidx.text.uart_set_rx_callback), (8 bytes).
    Removing uart.o(.ARM.exidx.text.__NVIC_SetPriority), (8 bytes).
    Removing uart.o(.ARM.exidx.text.__NVIC_ClearPendingIRQ), (8 bytes).
    Removing uart.o(.ARM.exidx.text.__NVIC_EnableIRQ), (8 bytes).
    Removing uart.o(.ARM.exidx.text.uart_rx), (8 bytes).
    Removing uart.o(.ARM.exidx.text.USART2_IRQHandler), (8 bytes).
    Removing delay.o(.text), (0 bytes).
    Removing delay.o(.text.delay_ms), (118 bytes).
    Removing delay.o(.ARM.exidx.text.delay_ms), (8 bytes).
    Removing delay.o(.text.delay_us), (122 bytes).
    Removing delay.o(.ARM.exidx.text.delay_us), (8 bytes).
    Removing delay_as.o(.text), (12 bytes).
    Removing delay_as.o(.ARM.exidx), (8 bytes).
    Removing system_stm32f4xx.o(.text), (0 bytes).
    Removing system_stm32f4xx.o(.ARM.exidx.text.SystemInit), (8 bytes).
    Removing system_stm32f4xx.o(.text.SystemCoreClockUpdate), (302 bytes).
    Removing system_stm32f4xx.o(.ARM.exidx.text.SystemCoreClockUpdate), (8 bytes).
    Removing system_stm32f4xx.o(.data.SystemCoreClock), (4 bytes).
    Removing system_stm32f4xx.o(.rodata.AHBPrescTable), (16 bytes).
    Removing system_stm32f4xx.o(.rodata.APBPrescTable), (8 bytes).
    Removing Unwind-EHABI.cpp.o(.text), (0 bytes).
    Removing Unwind-EHABI.cpp.o(.text.decode_eht_entry), (82 bytes).
    Removing Unwind-EHABI.cpp.o(.ARM.exidx.text.decode_eht_entry), (8 bytes).
    Removing Unwind-EHABI.cpp.o(.text._Unwind_VRS_Interpret), (524 bytes).
    Removing Unwind-EHABI.cpp.o(.ARM.exidx.text._Unwind_VRS_Interpret), (8 bytes).
    Removing Unwind-EHABI.cpp.o(.text._Unwind_VRS_Get), (110 bytes).
    Removing Unwind-EHABI.cpp.o(.ARM.exidx.text._Unwind_VRS_Get), (8 bytes).
    Removing Unwind-EHABI.cpp.o(.text._Unwind_VRS_Set), (114 bytes).
    Removing Unwind-EHABI.cpp.o(.ARM.exidx.text._Unwind_VRS_Set), (8 bytes).
    Removing Unwind-EHABI.cpp.o(.text._Unwind_VRS_Pop), (280 bytes).
    Removing Unwind-EHABI.cpp.o(.ARM.exidx.text._Unwind_VRS_Pop), (8 bytes).
    Removing Unwind-EHABI.cpp.o(.text.__aeabi_unwind_cpp_pr0), (8 bytes).
    Removing Unwind-EHABI.cpp.o(.ARM.exidx.text.__aeabi_unwind_cpp_pr0), (8 bytes).
    Removing Unwind-EHABI.cpp.o(.text._ZN12_GLOBAL__N_114unwindOneFrameEjP21_Unwind_Control_BlockP15_Unwind_Context), (220 bytes).
    Removing Unwind-EHABI.cpp.o(.ARM.exidx.text._ZN12_GLOBAL__N_114unwindOneFrameEjP21_Unwind_Control_BlockP15_Unwind_Context), (8 bytes).
    Removing Unwind-EHABI.cpp.o(.text.__aeabi_unwind_cpp_pr1), (8 bytes).
    Removing Unwind-EHABI.cpp.o(.ARM.exidx.text.__aeabi_unwind_cpp_pr1), (8 bytes).
    Removing Unwind-EHABI.cpp.o(.text.__aeabi_unwind_cpp_pr2), (8 bytes).
    Removing Unwind-EHABI.cpp.o(.ARM.exidx.text.__aeabi_unwind_cpp_pr2), (8 bytes).
    Removing Unwind-EHABI.cpp.o(.text._Unwind_RaiseException), (122 bytes).
    Removing Unwind-EHABI.cpp.o(.ARM.exidx.text._Unwind_RaiseException), (8 bytes).
    Removing Unwind-EHABI.cpp.o(.text._ZL13unwind_phase2P13unw_context_tP12unw_cursor_tP21_Unwind_Control_Blockb), (166 bytes).
    Removing Unwind-EHABI.cpp.o(.ARM.exidx.text._ZL13unwind_phase2P13unw_context_tP12unw_cursor_tP21_Unwind_Control_Blockb), (8 bytes).
    Removing Unwind-EHABI.cpp.o(.text._Unwind_Complete), (2 bytes).
    Removing Unwind-EHABI.cpp.o(.ARM.exidx.text._Unwind_Complete), (8 bytes).
    Removing Unwind-EHABI.cpp.o(.text._Unwind_Resume), (56 bytes).
    Removing Unwind-EHABI.cpp.o(.ARM.exidx.text._Unwind_Resume), (8 bytes).
    Removing Unwind-EHABI.cpp.o(.text._ZL20unwind_phase2_forcedP13unw_context_tP12unw_cursor_tP21_Unwind_Control_BlockPF19_Unwind_Reason_Codei14_Unwind_ActionPhS4_P15_Unwind_ContextPvESA_), (142 bytes).
    Removing Unwind-EHABI.cpp.o(.ARM.exidx.text._ZL20unwind_phase2_forcedP13unw_context_tP12unw_cursor_tP21_Unwind_Control_BlockPF19_Unwind_Reason_Codei14_Unwind_ActionPhS4_P15_Unwind_ContextPvESA_), (8 bytes).
    Removing Unwind-EHABI.cpp.o(.text._Unwind_GetLanguageSpecificData), (24 bytes).
    Removing Unwind-EHABI.cpp.o(.ARM.exidx.text._Unwind_GetLanguageSpecificData), (8 bytes).
    Removing Unwind-EHABI.cpp.o(.text._Unwind_ForcedUnwind), (46 bytes).
    Removing Unwind-EHABI.cpp.o(.ARM.exidx.text._Unwind_ForcedUnwind), (8 bytes).
    Removing Unwind-EHABI.cpp.o(.text._Unwind_GetRegionStart), (24 bytes).
    Removing Unwind-EHABI.cpp.o(.ARM.exidx.text._Unwind_GetRegionStart), (8 bytes).
    Removing Unwind-EHABI.cpp.o(.text._Unwind_DeleteException), (12 bytes).
    Removing Unwind-EHABI.cpp.o(.ARM.exidx.text._Unwind_DeleteException), (8 bytes).
    Removing Unwind-EHABI.cpp.o(.text.__gnu_unwind_frame), (24 bytes).
    Removing Unwind-EHABI.cpp.o(.ARM.exidx.text.__gnu_unwind_frame), (8 bytes).
    Removing libunwind.cpp.o(.text), (0 bytes).
    Removing libunwind.cpp.o(.text.__unw_init_local), (72 bytes).
    Removing libunwind.cpp.o(.ARM.exidx.text.__unw_init_local), (8 bytes).
    Removing libunwind.cpp.o(.text.__unw_get_reg), (44 bytes).
    Removing libunwind.cpp.o(.ARM.exidx.text.__unw_get_reg), (8 bytes).
    Removing libunwind.cpp.o(.text.__unw_set_reg), (104 bytes).
    Removing libunwind.cpp.o(.ARM.exidx.text.__unw_set_reg), (8 bytes).
    Removing libunwind.cpp.o(.text.__unw_get_fpreg), (46 bytes).
    Removing libunwind.cpp.o(.ARM.exidx.text.__unw_get_fpreg), (8 bytes).
    Removing libunwind.cpp.o(.text.__unw_set_fpreg), (54 bytes).
    Removing libunwind.cpp.o(.ARM.exidx.text.__unw_set_fpreg), (8 bytes).
    Removing libunwind.cpp.o(.text.__unw_step), (6 bytes).
    Removing libunwind.cpp.o(.ARM.exidx.text.__unw_step), (8 bytes).
    Removing libunwind.cpp.o(.text.__unw_get_proc_info), (28 bytes).
    Removing libunwind.cpp.o(.ARM.exidx.text.__unw_get_proc_info), (8 bytes).
    Removing libunwind.cpp.o(.text.__unw_resume), (18 bytes).
    Removing libunwind.cpp.o(.ARM.exidx.text.__unw_resume), (8 bytes).
    Removing libunwind.cpp.o(.text.__unw_get_proc_name), (30 bytes).
    Removing libunwind.cpp.o(.ARM.exidx.text.__unw_get_proc_name), (8 bytes).
    Removing libunwind.cpp.o(.text.__unw_is_fpreg), (10 bytes).
    Removing libunwind.cpp.o(.ARM.exidx.text.__unw_is_fpreg), (8 bytes).
    Removing libunwind.cpp.o(.text.__unw_regname), (6 bytes).
    Removing libunwind.cpp.o(.ARM.exidx.text.__unw_regname), (8 bytes).
    Removing libunwind.cpp.o(.text.__unw_is_signal_frame), (10 bytes).
    Removing libunwind.cpp.o(.ARM.exidx.text.__unw_is_signal_frame), (8 bytes).
    Removing libunwind.cpp.o(.text.__unw_save_vfp_as_X), (6 bytes).
    Removing libunwind.cpp.o(.ARM.exidx.text.__unw_save_vfp_as_X), (8 bytes).
    Removing libunwind.cpp.o(.bss._ZN9libunwind17LocalAddressSpace17sThisAddressSpaceE), (1 bytes).
    Removing libunwind.cpp.o(.data.unw_local_addr_space), (4 bytes).
    Removing libunwind.cpp.o(.rodata.str1.1), (3 bytes).
    Removing UnwindRegistersSave.S.o(.text), (46 bytes).
    Removing UnwindRegistersRestore.S.o(.text), (38 bytes).
    Removing libunwind.cpp.o(.text._ZN9libunwind20AbstractUnwindCursorD2Ev), (2 bytes).
    Removing libunwind.cpp.o(.ARM.exidx.text._ZN9libunwind20AbstractUnwindCursorD2Ev), (8 bytes).
    Removing libunwind.cpp.o(.text._ZN9libunwind12UnwindCursorINS_17LocalAddressSpaceENS_13Registers_armEED0Ev), (2 bytes).
    Removing libunwind.cpp.o(.ARM.exidx.text._ZN9libunwind12UnwindCursorINS_17LocalAddressSpaceENS_13Registers_armEED0Ev), (8 bytes).
    Removing libunwind.cpp.o(.text._ZN9libunwind12UnwindCursorINS_17LocalAddressSpaceENS_13Registers_armEE8validRegEi), (12 bytes).
    Removing libunwind.cpp.o(.ARM.exidx.text._ZN9libunwind12UnwindCursorINS_17LocalAddressSpaceENS_13Registers_armEE8validRegEi), (8 bytes).
    Removing libunwind.cpp.o(.text._ZN9libunwind12UnwindCursorINS_17LocalAddressSpaceENS_13Registers_armEE6getRegEi), (58 bytes).
    Removing libunwind.cpp.o(.ARM.exidx.text._ZN9libunwind12UnwindCursorINS_17LocalAddressSpaceENS_13Registers_armEE6getRegEi), (8 bytes).
    Removing libunwind.cpp.o(.text._ZN9libunwind12UnwindCursorINS_17LocalAddressSpaceENS_13Registers_armEE6setRegEij), (64 bytes).
    Removing libunwind.cpp.o(.ARM.exidx.text._ZN9libunwind12UnwindCursorINS_17LocalAddressSpaceENS_13Registers_armEE6setRegEij), (8 bytes).
    Removing libunwind.cpp.o(.text._ZN9libunwind12UnwindCursorINS_17LocalAddressSpaceENS_13Registers_armEE13validFloatRegEi), (16 bytes).
    Removing libunwind.cpp.o(.ARM.exidx.text._ZN9libunwind12UnwindCursorINS_17LocalAddressSpaceENS_13Registers_armEE13validFloatRegEi), (8 bytes).
    Removing libunwind.cpp.o(.text._ZN9libunwind12UnwindCursorINS_17LocalAddressSpaceENS_13Registers_armEE11getFloatRegEi), (100 bytes).
    Removing libunwind.cpp.o(.ARM.exidx.text._ZN9libunwind12UnwindCursorINS_17LocalAddressSpaceENS_13Registers_armEE11getFloatRegEi), (8 bytes).
    Removing libunwind.cpp.o(.text._ZN9libunwind12UnwindCursorINS_17LocalAddressSpaceENS_13Registers_armEE11setFloatRegEiy), (110 bytes).
    Removing libunwind.cpp.o(.ARM.exidx.text._ZN9libunwind12UnwindCursorINS_17LocalAddressSpaceENS_13Registers_armEE11setFloatRegEiy), (8 bytes).
    Removing libunwind.cpp.o(.text._ZN9libunwind12UnwindCursorINS_17LocalAddressSpaceENS_13Registers_armEE4stepEv), (48 bytes).
    Removing libunwind.cpp.o(.ARM.exidx.text._ZN9libunwind12UnwindCursorINS_17LocalAddressSpaceENS_13Registers_armEE4stepEv), (8 bytes).
    Removing libunwind.cpp.o(.text._ZN9libunwind12UnwindCursorINS_17LocalAddressSpaceENS_13Registers_armEE7getInfoEP15unw_proc_info_t), (64 bytes).
    Removing libunwind.cpp.o(.ARM.exidx.text._ZN9libunwind12UnwindCursorINS_17LocalAddressSpaceENS_13Registers_armEE7getInfoEP15unw_proc_info_t), (8 bytes).
    Removing libunwind.cpp.o(.text._ZN9libunwind12UnwindCursorINS_17LocalAddressSpaceENS_13Registers_armEE6jumptoEv), (22 bytes).
    Removing libunwind.cpp.o(.ARM.exidx.text._ZN9libunwind12UnwindCursorINS_17LocalAddressSpaceENS_13Registers_armEE6jumptoEv), (8 bytes).
    Removing libunwind.cpp.o(.text._ZN9libunwind12UnwindCursorINS_17LocalAddressSpaceENS_13Registers_armEE13isSignalFrameEv), (6 bytes).
    Removing libunwind.cpp.o(.ARM.exidx.text._ZN9libunwind12UnwindCursorINS_17LocalAddressSpaceENS_13Registers_armEE13isSignalFrameEv), (8 bytes).
    Removing libunwind.cpp.o(.text._ZN9libunwind12UnwindCursorINS_17LocalAddressSpaceENS_13Registers_armEE15getFunctionNameEPcjPj), (16 bytes).
    Removing libunwind.cpp.o(.ARM.exidx.text._ZN9libunwind12UnwindCursorINS_17LocalAddressSpaceENS_13Registers_armEE15getFunctionNameEPcjPj), (8 bytes).
    Removing libunwind.cpp.o(.text._ZN9libunwind12UnwindCursorINS_17LocalAddressSpaceENS_13Registers_armEE24setInfoBasedOnIPRegisterEb), (138 bytes).
    Removing libunwind.cpp.o(.ARM.exidx.text._ZN9libunwind12UnwindCursorINS_17LocalAddressSpaceENS_13Registers_armEE24setInfoBasedOnIPRegisterEb), (8 bytes).
    Removing libunwind.cpp.o(.text._ZN9libunwind12UnwindCursorINS_17LocalAddressSpaceENS_13Registers_armEE15getRegisterNameEi), (6 bytes).
    Removing libunwind.cpp.o(.ARM.exidx.text._ZN9libunwind12UnwindCursorINS_17LocalAddressSpaceENS_13Registers_armEE15getRegisterNameEi), (8 bytes).
    Removing libunwind.cpp.o(.text._ZN9libunwind12UnwindCursorINS_17LocalAddressSpaceENS_13Registers_armEE10saveVFPAsXEv), (8 bytes).
    Removing libunwind.cpp.o(.ARM.exidx.text._ZN9libunwind12UnwindCursorINS_17LocalAddressSpaceENS_13Registers_armEE10saveVFPAsXEv), (8 bytes).
    Removing libunwind.cpp.o(.text._ZN9libunwind12UnwindCursorINS_17LocalAddressSpaceENS_13Registers_armEE13stepWithEHABIEv), (48 bytes).
    Removing libunwind.cpp.o(.ARM.exidx.text._ZN9libunwind12UnwindCursorINS_17LocalAddressSpaceENS_13Registers_armEE13stepWithEHABIEv), (8 bytes).
    Removing libunwind.cpp.o(.text._ZN9libunwind13Registers_arm26restoreSavedFloatRegistersEv), (52 bytes).
    Removing libunwind.cpp.o(.ARM.exidx.text._ZN9libunwind13Registers_arm26restoreSavedFloatRegistersEv), (8 bytes).
    Removing libunwind.cpp.o(.text._ZN9libunwind12UnwindCursorINS_17LocalAddressSpaceENS_13Registers_armEE23getInfoFromEHABISectionEjRKNS_18UnwindInfoSectionsE), (430 bytes).
    Removing libunwind.cpp.o(.ARM.exidx.text._ZN9libunwind12UnwindCursorINS_17LocalAddressSpaceENS_13Registers_armEE23getInfoFromEHABISectionEjRKNS_18UnwindInfoSectionsE), (8 bytes).
    Removing libunwind.cpp.o(.text._ZN9libunwind13Registers_arm15getRegisterNameEi), (916 bytes).
    Removing libunwind.cpp.o(.ARM.exidx.text._ZN9libunwind13Registers_arm15getRegisterNameEi), (8 bytes).
    Removing libunwind.cpp.o(.rodata._ZTVN9libunwind12UnwindCursorINS_17LocalAddressSpaceENS_13Registers_armEEE), (72 bytes).

585 unused section(s) (total 22872 bytes) removed from the image.

==============================================================================

Image Symbol Table

    Local Symbols

    Symbol Name                              Value     Ov Type        Size  Object(Section)

    ../clib/angel/boardlib.s                 0x00000000   Number         0  boardinit1.o ABSOLUTE
    ../clib/angel/boardlib.s                 0x00000000   Number         0  boardinit2.o ABSOLUTE
    ../clib/angel/boardlib.s                 0x00000000   Number         0  boardinit3.o ABSOLUTE
    ../clib/angel/boardlib.s                 0x00000000   Number         0  boardshut.o ABSOLUTE
    ../clib/angel/handlers.s                 0x00000000   Number         0  __scatter_zi.o ABSOLUTE
    ../clib/angel/kernel.s                   0x00000000   Number         0  __rtentry.o ABSOLUTE
    ../clib/angel/kernel.s                   0x00000000   Number         0  __rtentry2.o ABSOLUTE
    ../clib/angel/kernel.s                   0x00000000   Number         0  __rtentry4.o ABSOLUTE
    ../clib/angel/kernel.s                   0x00000000   Number         0  rtexit.o ABSOLUTE
    ../clib/angel/kernel.s                   0x00000000   Number         0  rtexit2.o ABSOLUTE
    ../clib/angel/rt.s                       0x00000000   Number         0  rt_heap_descriptor.o ABSOLUTE
    ../clib/angel/rt.s                       0x00000000   Number         0  rt_heap_descriptor_intlibspace.o ABSOLUTE
    ../clib/angel/rt.s                       0x00000000   Number         0  rt_raise.o ABSOLUTE
    ../clib/angel/scatter.s                  0x00000000   Number         0  __scatter.o ABSOLUTE
    ../clib/angel/startup.s                  0x00000000   Number         0  __main.o ABSOLUTE
    ../clib/angel/sys.s                      0x00000000   Number         0  mutex_dummy.o ABSOLUTE
    ../clib/angel/sys.s                      0x00000000   Number         0  libspace.o ABSOLUTE
    ../clib/angel/sys.s                      0x00000000   Number         0  use_no_semi.o ABSOLUTE
    ../clib/angel/sys.s                      0x00000000   Number         0  indicate_semi.o ABSOLUTE
    ../clib/angel/sys.s                      0x00000000   Number         0  sys_stackheap_outer.o ABSOLUTE
    ../clib/angel/sysapp.c                   0x00000000   Number         0  sys_command.o ABSOLUTE
    ../clib/angel/sysapp.c                   0x00000000   Number         0  sys_exit.o ABSOLUTE
    ../clib/angel/sysapp.c                   0x00000000   Number         0  sys_command_hlt.o ABSOLUTE
    ../clib/angel/sysapp.c                   0x00000000   Number         0  sys_exit_hlt.o ABSOLUTE
    ../clib/angel/sysapp.c                   0x00000000   Number         0  sys_wrch.o ABSOLUTE
    ../clib/angel/sysapp.c                   0x00000000   Number         0  sys_wrch_hlt.o ABSOLUTE
    ../clib/armsys.c                         0x00000000   Number         0  _get_argv.o ABSOLUTE
    ../clib/armsys.c                         0x00000000   Number         0  argv_veneer.o ABSOLUTE
    ../clib/armsys.c                         0x00000000   Number         0  argv_veneer.o ABSOLUTE
    ../clib/armsys.c                         0x00000000   Number         0  _get_argv_nomalloc.o ABSOLUTE
    ../clib/armsys.c                         0x00000000   Number         0  no_argv.o ABSOLUTE
    ../clib/heap1.c                          0x00000000   Number         0  h1_alloc.o ABSOLUTE
    ../clib/heap1.c                          0x00000000   Number         0  h1_alloc_threads.o ABSOLUTE
    ../clib/heap1.c                          0x00000000   Number         0  h1_init.o ABSOLUTE
    ../clib/heap1.c                          0x00000000   Number         0  h1_free.o ABSOLUTE
    ../clib/heap1.c                          0x00000000   Number         0  h1_init_threads.o ABSOLUTE
    ../clib/heap1.c                          0x00000000   Number         0  h1_free_threads.o ABSOLUTE
    ../clib/heap1.c                          0x00000000   Number         0  h1_extend.o ABSOLUTE
    ../clib/heap1.c                          0x00000000   Number         0  h1_extend_threads.o ABSOLUTE
    ../clib/heap1.c                          0x00000000   Number         0  h1_final.o ABSOLUTE
    ../clib/heap1.c                          0x00000000   Number         0  h1_final_threads.o ABSOLUTE
    ../clib/heap2.c                          0x00000000   Number         0  heap2.o ABSOLUTE
    ../clib/heap2.c                          0x00000000   Number         0  heap2_threads.o ABSOLUTE
    ../clib/heap2.c                          0x00000000   Number         0  fdtree.o ABSOLUTE
    ../clib/heapalloc.c                      0x00000000   Number         0  malloc.o ABSOLUTE
    ../clib/heapalloc.c                      0x00000000   Number         0  hguard.o ABSOLUTE
    ../clib/heapalloc.c                      0x00000000   Number         0  init_alloc.o ABSOLUTE
    ../clib/heapalloc.c                      0x00000000   Number         0  free.o ABSOLUTE
    ../clib/heapalloc.c                      0x00000000   Number         0  heapstubs.o ABSOLUTE
    ../clib/heapalloc.c                      0x00000000   Number         0  hrguard.o ABSOLUTE
    ../clib/heapalloc.c                      0x00000000   Number         0  term_alloc.o ABSOLUTE
    ../clib/heapaux.c                        0x00000000   Number         0  heapauxi.o ABSOLUTE
    ../clib/heapaux.c                        0x00000000   Number         0  heapauxa.o ABSOLUTE
    ../clib/libinit.s                        0x00000000   Number         0  libinit2.o ABSOLUTE
    ../clib/libinit.s                        0x00000000   Number         0  libinit.o ABSOLUTE
    ../clib/libinit.s                        0x00000000   Number         0  libshutdown2.o ABSOLUTE
    ../clib/libinit.s                        0x00000000   Number         0  libshutdown.o ABSOLUTE
    ../clib/maybe.s                          0x00000000   Number         0  maybetermalloc1.o ABSOLUTE
    ../clib/maybe.s                          0x00000000   Number         0  maybetermalloc2.o ABSOLUTE
    ../clib/memcpset.s                       0x00000000   Number         0  rt_memcpy_w.o ABSOLUTE
    ../clib/memcpset.s                       0x00000000   Number         0  rt_memcpy_v6.o ABSOLUTE
    ../clib/memcpset.s                       0x00000000   Number         0  rt_memclr_w.o ABSOLUTE
    ../clib/signal.c                         0x00000000   Number         0  defsig_abrt_outer.o ABSOLUTE
    ../clib/signal.c                         0x00000000   Number         0  defsig_abrt_formal.o ABSOLUTE
    ../clib/signal.c                         0x00000000   Number         0  defsig_rtmem_outer.o ABSOLUTE
    ../clib/signal.c                         0x00000000   Number         0  defsig_rtmem_formal.o ABSOLUTE
    ../clib/signal.c                         0x00000000   Number         0  defsig_exit.o ABSOLUTE
    ../clib/signal.c                         0x00000000   Number         0  defsig_abrt_inner.o ABSOLUTE
    ../clib/signal.c                         0x00000000   Number         0  defsig_rtmem_inner.o ABSOLUTE
    ../clib/signal.c                         0x00000000   Number         0  __raise.o ABSOLUTE
    ../clib/signal.c                         0x00000000   Number         0  defsig_general.o ABSOLUTE
    ../clib/signal.c                         0x00000000   Number         0  defsig_fpe_inner.o ABSOLUTE
    ../clib/signal.c                         0x00000000   Number         0  defsig_rtred_inner.o ABSOLUTE
    ../clib/signal.c                         0x00000000   Number         0  defsig_stak_inner.o ABSOLUTE
    ../clib/signal.c                         0x00000000   Number         0  defsig_pvfn_inner.o ABSOLUTE
    ../clib/signal.c                         0x00000000   Number         0  defsig_cppl_inner.o ABSOLUTE
    ../clib/signal.c                         0x00000000   Number         0  defsig_segv_inner.o ABSOLUTE
    ../clib/signal.c                         0x00000000   Number         0  defsig_other.o ABSOLUTE
    ../clib/signal.s                         0x00000000   Number         0  defsig.o ABSOLUTE
    ../clib/stdlib.c                         0x00000000   Number         0  abort.o ABSOLUTE
    ../clib/stdlib.c                         0x00000000   Number         0  exit.o ABSOLUTE
    ../fplib/ddiv.s                          0x00000000   Number         0  ddiv.o ABSOLUTE
    ../fplib/dfixu.s                         0x00000000   Number         0  dfixu.o ABSOLUTE
    ../fplib/dflt.s                          0x00000000   Number         0  dflt_clz.o ABSOLUTE
    ../fplib/dnaninf.s                       0x00000000   Number         0  dnaninf.o ABSOLUTE
    ../fplib/dretinf.s                       0x00000000   Number         0  dretinf.o ABSOLUTE
    ../fplib/fpinit.s                        0x00000000   Number         0  fpinit.o ABSOLUTE
    ../fplib/usenofp.s                       0x00000000   Number         0  usenofp.o ABSOLUTE
    RTE/Device/STM32F411RETx/startup_stm32f411xe.s 0x00000000   Number         0  startup_stm32f411xe.o ABSOLUTE
    Unwind-EHABI.cpp                         0x00000000   Number         0  Unwind-EHABI.cpp.o ABSOLUTE
    adc.c                                    0x00000000   Number         0  adc.o ABSOLUTE
    comparator.c                             0x00000000   Number         0  comparator.o ABSOLUTE
    dc.s                                     0x00000000   Number         0  dc.o ABSOLUTE
    delay.c                                  0x00000000   Number         0  delay.o ABSOLUTE
    gpio.c                                   0x00000000   Number         0  gpio.o ABSOLUTE
    i2c.c                                    0x00000000   Number         0  i2c.o ABSOLUTE
    leds.c                                   0x00000000   Number         0  leds.o ABSOLUTE
    libunwind.cpp                            0x00000000   Number         0  libunwind.cpp.o ABSOLUTE
    main.c                                   0x00000000   Number         0  main.o ABSOLUTE
    queue.c                                  0x00000000   Number         0  queue.o ABSOLUTE
    stm32f4xx_adc.c                          0x00000000   Number         0  stm32f4xx_adc.o ABSOLUTE
    stm32f4xx_gpio.c                         0x00000000   Number         0  stm32f4xx_gpio.o ABSOLUTE
    stm32f4xx_i2c.c                          0x00000000   Number         0  stm32f4xx_i2c.o ABSOLUTE
    stm32f4xx_rcc.c                          0x00000000   Number         0  stm32f4xx_rcc.o ABSOLUTE
    stm32f4xx_usart.c                        0x00000000   Number         0  stm32f4xx_usart.o ABSOLUTE
    system_stm32f4xx.c                       0x00000000   Number         0  system_stm32f4xx.o ABSOLUTE
    timer.c                                  0x00000000   Number         0  timer.o ABSOLUTE
    uart.c                                   0x00000000   Number         0  uart.o ABSOLUTE
    RESET                                    0x08000000   Section      408  startup_stm32f411xe.o(RESET)
    !!!main                                  0x08000198   Section        8  __main.o(!!!main)
    !!!scatter                               0x080001a0   Section       52  __scatter.o(!!!scatter)
    !!handler_zi                             0x080001d4   Section       28  __scatter_zi.o(!!handler_zi)
    .ARM.Collect$$libinit$$00000000          0x080001f0   Section        2  libinit.o(.ARM.Collect$$libinit$$00000000)
    .ARM.Collect$$libinit$$00000001          0x080001f2   Section        4  libinit2.o(.ARM.Collect$$libinit$$00000001)
    .ARM.Collect$$libinit$$00000004          0x080001f6   Section        0  libinit2.o(.ARM.Collect$$libinit$$00000004)
    .ARM.Collect$$libinit$$00000006          0x080001f6   Section        0  libinit2.o(.ARM.Collect$$libinit$$00000006)
    .ARM.Collect$$libinit$$00000007          0x080001f6   Section        8  libinit2.o(.ARM.Collect$$libinit$$00000007)
    .ARM.Collect$$libinit$$0000000C          0x080001fe   Section        0  libinit2.o(.ARM.Collect$$libinit$$0000000C)
    .ARM.Collect$$libinit$$0000000E          0x080001fe   Section        0  libinit2.o(.ARM.Collect$$libinit$$0000000E)
    .ARM.Collect$$libinit$$00000010          0x080001fe   Section        0  libinit2.o(.ARM.Collect$$libinit$$00000010)
    .ARM.Collect$$libinit$$00000013          0x080001fe   Section        0  libinit2.o(.ARM.Collect$$libinit$$00000013)
    .ARM.Collect$$libinit$$00000015          0x080001fe   Section        0  libinit2.o(.ARM.Collect$$libinit$$00000015)
    .ARM.Collect$$libinit$$00000017          0x080001fe   Section        0  libinit2.o(.ARM.Collect$$libinit$$00000017)
    .ARM.Collect$$libinit$$00000019          0x080001fe   Section        0  libinit2.o(.ARM.Collect$$libinit$$00000019)
    .ARM.Collect$$libinit$$0000001B          0x080001fe   Section        0  libinit2.o(.ARM.Collect$$libinit$$0000001B)
    .ARM.Collect$$libinit$$0000001D          0x080001fe   Section        0  libinit2.o(.ARM.Collect$$libinit$$0000001D)
    .ARM.Collect$$libinit$$0000001F          0x080001fe   Section        0  libinit2.o(.ARM.Collect$$libinit$$0000001F)
    .ARM.Collect$$libinit$$00000021          0x080001fe   Section        0  libinit2.o(.ARM.Collect$$libinit$$00000021)
    .ARM.Collect$$libinit$$00000023          0x080001fe   Section        0  libinit2.o(.ARM.Collect$$libinit$$00000023)
    .ARM.Collect$$libinit$$00000025          0x080001fe   Section        0  libinit2.o(.ARM.Collect$$libinit$$00000025)
    .ARM.Collect$$libinit$$00000027          0x080001fe   Section        0  libinit2.o(.ARM.Collect$$libinit$$00000027)
    .ARM.Collect$$libinit$$0000002E          0x080001fe   Section        0  libinit2.o(.ARM.Collect$$libinit$$0000002E)
    .ARM.Collect$$libinit$$00000030          0x080001fe   Section        0  libinit2.o(.ARM.Collect$$libinit$$00000030)
    .ARM.Collect$$libinit$$00000032          0x080001fe   Section        0  libinit2.o(.ARM.Collect$$libinit$$00000032)
    .ARM.Collect$$libinit$$00000034          0x080001fe   Section        0  libinit2.o(.ARM.Collect$$libinit$$00000034)
    .ARM.Collect$$libinit$$00000035          0x080001fe   Section        2  libinit2.o(.ARM.Collect$$libinit$$00000035)
    .ARM.Collect$$libshutdown$$00000000      0x08000200   Section        2  libshutdown.o(.ARM.Collect$$libshutdown$$00000000)
    .ARM.Collect$$libshutdown$$00000002      0x08000202   Section        0  libshutdown2.o(.ARM.Collect$$libshutdown$$00000002)
    .ARM.Collect$$libshutdown$$00000004      0x08000202   Section        0  libshutdown2.o(.ARM.Collect$$libshutdown$$00000004)
    .ARM.Collect$$libshutdown$$00000007      0x08000202   Section        0  libshutdown2.o(.ARM.Collect$$libshutdown$$00000007)
    .ARM.Collect$$libshutdown$$0000000A      0x08000202   Section        0  libshutdown2.o(.ARM.Collect$$libshutdown$$0000000A)
    .ARM.Collect$$libshutdown$$0000000C      0x08000202   Section        0  libshutdown2.o(.ARM.Collect$$libshutdown$$0000000C)
    .ARM.Collect$$libshutdown$$0000000F      0x08000202   Section        0  libshutdown2.o(.ARM.Collect$$libshutdown$$0000000F)
    .ARM.Collect$$libshutdown$$00000010      0x08000202   Section        2  libshutdown2.o(.ARM.Collect$$libshutdown$$00000010)
    .ARM.Collect$$rtentry$$00000000          0x08000204   Section        0  __rtentry.o(.ARM.Collect$$rtentry$$00000000)
    .ARM.Collect$$rtentry$$00000002          0x08000204   Section        0  __rtentry2.o(.ARM.Collect$$rtentry$$00000002)
    .ARM.Collect$$rtentry$$00000004          0x08000204   Section        6  __rtentry4.o(.ARM.Collect$$rtentry$$00000004)
    .ARM.Collect$$rtentry$$00000009          0x0800020a   Section        0  __rtentry2.o(.ARM.Collect$$rtentry$$00000009)
    .ARM.Collect$$rtentry$$0000000A          0x0800020a   Section        4  __rtentry2.o(.ARM.Collect$$rtentry$$0000000A)
    .ARM.Collect$$rtentry$$0000000C          0x0800020e   Section        0  __rtentry2.o(.ARM.Collect$$rtentry$$0000000C)
    .ARM.Collect$$rtentry$$0000000D          0x0800020e   Section        8  __rtentry2.o(.ARM.Collect$$rtentry$$0000000D)
    .ARM.Collect$$rtexit$$00000000           0x08000216   Section        2  rtexit.o(.ARM.Collect$$rtexit$$00000000)
    .ARM.Collect$$rtexit$$00000002           0x08000218   Section        0  rtexit2.o(.ARM.Collect$$rtexit$$00000002)
    .ARM.Collect$$rtexit$$00000003           0x08000218   Section        4  rtexit2.o(.ARM.Collect$$rtexit$$00000003)
    .ARM.Collect$$rtexit$$00000004           0x0800021c   Section        6  rtexit2.o(.ARM.Collect$$rtexit$$00000004)
    $v0                                      0x08000224   Number         0  startup_stm32f411xe.o(.text)
    .text                                    0x08000224   Section       64  startup_stm32f411xe.o(.text)
    .text                                    0x08000264   Section        0  h1_alloc.o(.text)
    .text                                    0x080002c2   Section        0  heapauxi.o(.text)
    .text                                    0x080002c8   Section        8  rt_heap_descriptor_intlibspace.o(.text)
    .text                                    0x080002d0   Section        0  hguard.o(.text)
    .text                                    0x080002d4   Section        0  init_alloc.o(.text)
    .text                                    0x0800035e   Section        0  h1_init.o(.text)
    .text                                    0x0800036c   Section        0  h1_free.o(.text)
    .text                                    0x080003bc   Section        0  sys_exit.o(.text)
    .text                                    0x080003c8   Section        8  libspace.o(.text)
    .text                                    0x080003d0   Section        0  maybetermalloc1.o(.text)
    .text                                    0x080003d0   Section        0  h1_extend.o(.text)
    .text                                    0x08000404   Section        0  defsig_rtmem_outer.o(.text)
    .text                                    0x08000412   Section        2  use_no_semi.o(.text)
    .text                                    0x08000414   Section        0  indicate_semi.o(.text)
    .text                                    0x08000414   Section       74  sys_stackheap_outer.o(.text)
    .text                                    0x0800045e   Section        0  exit.o(.text)
    .text                                    0x08000470   Section        0  defsig_exit.o(.text)
    .text                                    0x0800047c   Section        0  defsig_rtmem_inner.o(.text)
    .text                                    0x080004cc   Section        0  defsig_general.o(.text)
    .text                                    0x080004fe   Section        0  sys_wrch.o(.text)
    [Anonymous Symbol]                       0x0800050c   Section        0  gpio.o(.text.EXTI0_IRQHandler)
    [Anonymous Symbol]                       0x08000590   Section        0  gpio.o(.text.EXTI15_10_IRQHandler)
    [Anonymous Symbol]                       0x08000614   Section        0  gpio.o(.text.EXTI1_IRQHandler)
    [Anonymous Symbol]                       0x08000698   Section        0  gpio.o(.text.EXTI2_IRQHandler)
    [Anonymous Symbol]                       0x0800071c   Section        0  gpio.o(.text.EXTI3_IRQHandler)
    [Anonymous Symbol]                       0x080007a0   Section        0  gpio.o(.text.EXTI4_IRQHandler)
    [Anonymous Symbol]                       0x08000824   Section        0  gpio.o(.text.EXTI9_5_IRQHandler)
    [Anonymous Symbol]                       0x080008a8   Section        0  stm32f4xx_gpio.o(.text.GPIO_Init)
    [Anonymous Symbol]                       0x080009a0   Section        0  stm32f4xx_gpio.o(.text.GPIO_PinAFConfig)
    [Anonymous Symbol]                       0x08000a14   Section        0  stm32f4xx_rcc.o(.text.RCC_AHB1PeriphClockCmd)
    [Anonymous Symbol]                       0x08000a4c   Section        0  stm32f4xx_rcc.o(.text.RCC_APB1PeriphClockCmd)
    [Anonymous Symbol]                       0x08000a84   Section        0  stm32f4xx_rcc.o(.text.RCC_GetClocksFreq)
    [Anonymous Symbol]                       0x08000be8   Section        0  timer.o(.text.SysTick_Handler)
    [Anonymous Symbol]                       0x08000bf8   Section        0  system_stm32f4xx.o(.text.SystemInit)
    [Anonymous Symbol]                       0x08000c0c   Section        0  uart.o(.text.USART2_IRQHandler)
    [Anonymous Symbol]                       0x08000c44   Section        0  stm32f4xx_usart.o(.text.USART_Cmd)
    [Anonymous Symbol]                       0x08000c74   Section        0  stm32f4xx_usart.o(.text.USART_GetFlagStatus)
    [Anonymous Symbol]                       0x08000cb8   Section        0  stm32f4xx_usart.o(.text.USART_Init)
    [Anonymous Symbol]                       0x08000e24   Section        0  stm32f4xx_usart.o(.text.USART_ReceiveData)
    [Anonymous Symbol]                       0x08000e34   Section        0  stm32f4xx_usart.o(.text.USART_SendData)
    __NVIC_ClearPendingIRQ                   0x08000e4d   Thumb Code    48  gpio.o(.text.__NVIC_ClearPendingIRQ)
    [Anonymous Symbol]                       0x08000e4c   Section        0  gpio.o(.text.__NVIC_ClearPendingIRQ)
    __NVIC_ClearPendingIRQ                   0x08000e7d   Thumb Code    48  uart.o(.text.__NVIC_ClearPendingIRQ)
    [Anonymous Symbol]                       0x08000e7c   Section        0  uart.o(.text.__NVIC_ClearPendingIRQ)
    __NVIC_EnableIRQ                         0x08000ead   Thumb Code    48  uart.o(.text.__NVIC_EnableIRQ)
    [Anonymous Symbol]                       0x08000eac   Section        0  uart.o(.text.__NVIC_EnableIRQ)
    __NVIC_SetPriority                       0x08000edd   Thumb Code    66  uart.o(.text.__NVIC_SetPriority)
    [Anonymous Symbol]                       0x08000edc   Section        0  uart.o(.text.__NVIC_SetPriority)
    [Anonymous Symbol]                       0x08000f20   Section        0  main.o(.text.main)
    [Anonymous Symbol]                       0x08001024   Section        0  queue.o(.text.queue_dequeue)
    [Anonymous Symbol]                       0x08001068   Section        0  queue.o(.text.queue_enqueue)
    [Anonymous Symbol]                       0x080010b8   Section        0  queue.o(.text.queue_init)
    [Anonymous Symbol]                       0x080010e8   Section        0  queue.o(.text.queue_is_empty)
    [Anonymous Symbol]                       0x08001100   Section        0  queue.o(.text.queue_is_full)
    [Anonymous Symbol]                       0x08001124   Section        0  uart.o(.text.uart_enable)
    [Anonymous Symbol]                       0x08001138   Section        0  uart.o(.text.uart_init)
    [Anonymous Symbol]                       0x080011c4   Section        0  uart.o(.text.uart_print)
    [Anonymous Symbol]                       0x080011e8   Section        0  uart.o(.text.uart_rx)
    [Anonymous Symbol]                       0x0800121c   Section        0  main.o(.text.uart_rx_isr)
    [Anonymous Symbol]                       0x08001250   Section        0  uart.o(.text.uart_set_rx_callback)
    [Anonymous Symbol]                       0x08001290   Section        0  uart.o(.text.uart_tx)
    $v0                                      0x080012c2   Number         0  fpinit.o(x$fpl$fpinit)
    x$fpl$fpinit                             0x080012c2   Section       26  fpinit.o(x$fpl$fpinit)
    APBAHBPrescTable                         0x080012dc   Data          16  stm32f4xx_rcc.o(.rodata.APBAHBPrescTable)
    [Anonymous Symbol]                       0x080012dc   Section        0  stm32f4xx_rcc.o(.rodata.APBAHBPrescTable)
    .L.str.2                                 0x080012ec   Data          52  main.o(.rodata.str1.1)
    [Anonymous Symbol]                       0x080012ec   Section        0  main.o(.rodata.str1.1)
    .L.str                                   0x0800131d   Data           3  main.o(.rodata.str1.1)
    .L.str.1                                 0x08001320   Data          22  main.o(.rodata.str1.1)
    .bss                                     0x20000000   Section       96  libspace.o(.bss)
    GPIO_callback                            0x20000060   Data           4  gpio.o(.bss.GPIO_callback)
    [Anonymous Symbol]                       0x20000060   Section        0  gpio.o(.bss.GPIO_callback)
    UART_callback                            0x20000070   Data           4  uart.o(.bss.UART_callback)
    [Anonymous Symbol]                       0x20000070   Section        0  uart.o(.bss.UART_callback)
    timer_callback                           0x20000084   Data           4  timer.o(.bss.timer_callback)
    [Anonymous Symbol]                       0x20000084   Section        0  timer.o(.bss.timer_callback)
    Heap_Mem                                 0x20000088   Data         512  startup_stm32f411xe.o(HEAP)
    HEAP                                     0x20000088   Section      512  startup_stm32f411xe.o(HEAP)
    Stack_Mem                                0x20000288   Data        1024  startup_stm32f411xe.o(STACK)
    STACK                                    0x20000288   Section     1024  startup_stm32f411xe.o(STACK)
    __initial_sp                             0x20000688   Data           0  startup_stm32f411xe.o(STACK)

    Global Symbols

    Symbol Name                              Value     Ov Type        Size  Object(Section)

    BuildAttributes$$THM_ISAv4$E$P$D$K$B$S$7EM$VFPi3$EXTD16$VFPS$VFMA$PE$A:L22UL41UL21$X:L11$S22US41US21$IEEE1$IW$~IW$USESV6$~STKCKD$USESV7$~SHL$OTIME$ROPI$EBA8$UX$STANDARDLIB$REQ8$EABIv2 0x00000000   Number         0  anon$$obj.o ABSOLUTE
    SHT$$ARM_EXIDX$$Base                      - Undefined Reference
    SHT$$ARM_EXIDX$$Limit                     - Undefined Reference
    __ARM_exceptions_init                     - Undefined Weak Reference
    __alloca_initialize                       - Undefined Weak Reference
    __arm_find_exidx_section                  - Undefined Weak Reference
    __arm_preinit_                            - Undefined Weak Reference
    __arm_relocate_pie_                       - Undefined Weak Reference
    __cpp_initialize__aeabi_                  - Undefined Weak Reference
    __cxa_finalize                            - Undefined Weak Reference
    __rt_locale                               - Undefined Weak Reference
    __sigvec_lookup                           - Undefined Weak Reference
    __user_heap_extent                        - Undefined Weak Reference
    _atexit_init                              - Undefined Weak Reference
    _call_atexit_fns                          - Undefined Weak Reference
    _clock_init                               - Undefined Weak Reference
    _fp_trap_init                             - Undefined Weak Reference
    _fp_trap_shutdown                         - Undefined Weak Reference
    _get_lc_collate                           - Undefined Weak Reference
    _get_lc_ctype                             - Undefined Weak Reference
    _get_lc_monetary                          - Undefined Weak Reference
    _get_lc_numeric                           - Undefined Weak Reference
    _get_lc_time                              - Undefined Weak Reference
    _getenv_init                              - Undefined Weak Reference
    _handle_redirection                       - Undefined Weak Reference
    _initio                                   - Undefined Weak Reference
    _mutex_acquire                            - Undefined Weak Reference
    _mutex_free                               - Undefined Weak Reference
    _mutex_release                            - Undefined Weak Reference
    _rand_init                                - Undefined Weak Reference
    _signal_finish                            - Undefined Weak Reference
    _signal_init                              - Undefined Weak Reference
    _terminateio                              - Undefined Weak Reference
    __Vectors_Size                           0x00000198   Number         0  startup_stm32f411xe.o ABSOLUTE
    __Vectors                                0x08000000   Data           4  startup_stm32f411xe.o(RESET)
    __Vectors_End                            0x08000198   Data           0  startup_stm32f411xe.o(RESET)
    __main                                   0x08000199   Thumb Code     8  __main.o(!!!main)
    __scatterload                            0x080001a1   Thumb Code     0  __scatter.o(!!!scatter)
    __scatterload_rt2                        0x080001a1   Thumb Code    44  __scatter.o(!!!scatter)
    __scatterload_rt2_thumb_only             0x080001a1   Thumb Code     0  __scatter.o(!!!scatter)
    __scatterload_null                       0x080001af   Thumb Code     0  __scatter.o(!!!scatter)
    __scatterload_zeroinit                   0x080001d5   Thumb Code    28  __scatter_zi.o(!!handler_zi)
    __rt_lib_init                            0x080001f1   Thumb Code     0  libinit.o(.ARM.Collect$$libinit$$00000000)
    __rt_lib_init_fp_1                       0x080001f3   Thumb Code     0  libinit2.o(.ARM.Collect$$libinit$$00000001)
    __rt_lib_init_heap_2                     0x080001f7   Thumb Code     0  libinit2.o(.ARM.Collect$$libinit$$00000007)
    __rt_lib_init_preinit_1                  0x080001f7   Thumb Code     0  libinit2.o(.ARM.Collect$$libinit$$00000006)
    __rt_lib_init_relocate_pie_1             0x080001f7   Thumb Code     0  libinit2.o(.ARM.Collect$$libinit$$00000004)
    __rt_lib_init_alloca_1                   0x080001ff   Thumb Code     0  libinit2.o(.ARM.Collect$$libinit$$00000030)
    __rt_lib_init_argv_1                     0x080001ff   Thumb Code     0  libinit2.o(.ARM.Collect$$libinit$$0000002E)
    __rt_lib_init_atexit_1                   0x080001ff   Thumb Code     0  libinit2.o(.ARM.Collect$$libinit$$0000001D)
    __rt_lib_init_clock_1                    0x080001ff   Thumb Code     0  libinit2.o(.ARM.Collect$$libinit$$00000023)
    __rt_lib_init_cpp_1                      0x080001ff   Thumb Code     0  libinit2.o(.ARM.Collect$$libinit$$00000034)
    __rt_lib_init_exceptions_1               0x080001ff   Thumb Code     0  libinit2.o(.ARM.Collect$$libinit$$00000032)
    __rt_lib_init_fp_trap_1                  0x080001ff   Thumb Code     0  libinit2.o(.ARM.Collect$$libinit$$00000021)
    __rt_lib_init_getenv_1                   0x080001ff   Thumb Code     0  libinit2.o(.ARM.Collect$$libinit$$00000025)
    __rt_lib_init_heap_1                     0x080001ff   Thumb Code     0  libinit2.o(.ARM.Collect$$libinit$$0000000C)
    __rt_lib_init_lc_collate_1               0x080001ff   Thumb Code     0  libinit2.o(.ARM.Collect$$libinit$$00000013)
    __rt_lib_init_lc_ctype_1                 0x080001ff   Thumb Code     0  libinit2.o(.ARM.Collect$$libinit$$00000015)
    __rt_lib_init_lc_monetary_1              0x080001ff   Thumb Code     0  libinit2.o(.ARM.Collect$$libinit$$00000017)
    __rt_lib_init_lc_numeric_1               0x080001ff   Thumb Code     0  libinit2.o(.ARM.Collect$$libinit$$00000019)
    __rt_lib_init_lc_time_1                  0x080001ff   Thumb Code     0  libinit2.o(.ARM.Collect$$libinit$$0000001B)
    __rt_lib_init_rand_1                     0x080001ff   Thumb Code     0  libinit2.o(.ARM.Collect$$libinit$$00000010)
    __rt_lib_init_return                     0x080001ff   Thumb Code     0  libinit2.o(.ARM.Collect$$libinit$$00000035)
    __rt_lib_init_signal_1                   0x080001ff   Thumb Code     0  libinit2.o(.ARM.Collect$$libinit$$0000001F)
    __rt_lib_init_stdio_1                    0x080001ff   Thumb Code     0  libinit2.o(.ARM.Collect$$libinit$$00000027)
    __rt_lib_init_user_alloc_1               0x080001ff   Thumb Code     0  libinit2.o(.ARM.Collect$$libinit$$0000000E)
    __rt_lib_shutdown                        0x08000201   Thumb Code     0  libshutdown.o(.ARM.Collect$$libshutdown$$00000000)
    __rt_lib_shutdown_cpp_1                  0x08000203   Thumb Code     0  libshutdown2.o(.ARM.Collect$$libshutdown$$00000002)
    __rt_lib_shutdown_fp_trap_1              0x08000203   Thumb Code     0  libshutdown2.o(.ARM.Collect$$libshutdown$$00000007)
    __rt_lib_shutdown_heap_1                 0x08000203   Thumb Code     0  libshutdown2.o(.ARM.Collect$$libshutdown$$0000000F)
    __rt_lib_shutdown_return                 0x08000203   Thumb Code     0  libshutdown2.o(.ARM.Collect$$libshutdown$$00000010)
    __rt_lib_shutdown_signal_1               0x08000203   Thumb Code     0  libshutdown2.o(.ARM.Collect$$libshutdown$$0000000A)
    __rt_lib_shutdown_stdio_1                0x08000203   Thumb Code     0  libshutdown2.o(.ARM.Collect$$libshutdown$$00000004)
    __rt_lib_shutdown_user_alloc_1           0x08000203   Thumb Code     0  libshutdown2.o(.ARM.Collect$$libshutdown$$0000000C)
    __rt_entry                               0x08000205   Thumb Code     0  __rtentry.o(.ARM.Collect$$rtentry$$00000000)
    __rt_entry_presh_1                       0x08000205   Thumb Code     0  __rtentry2.o(.ARM.Collect$$rtentry$$00000002)
    __rt_entry_sh                            0x08000205   Thumb Code     0  __rtentry4.o(.ARM.Collect$$rtentry$$00000004)
    __rt_entry_li                            0x0800020b   Thumb Code     0  __rtentry2.o(.ARM.Collect$$rtentry$$0000000A)
    __rt_entry_postsh_1                      0x0800020b   Thumb Code     0  __rtentry2.o(.ARM.Collect$$rtentry$$00000009)
    __rt_entry_main                          0x0800020f   Thumb Code     0  __rtentry2.o(.ARM.Collect$$rtentry$$0000000D)
    __rt_entry_postli_1                      0x0800020f   Thumb Code     0  __rtentry2.o(.ARM.Collect$$rtentry$$0000000C)
    __rt_exit                                0x08000217   Thumb Code     0  rtexit.o(.ARM.Collect$$rtexit$$00000000)
    __rt_exit_ls                             0x08000219   Thumb Code     0  rtexit2.o(.ARM.Collect$$rtexit$$00000003)
    __rt_exit_prels_1                        0x08000219   Thumb Code     0  rtexit2.o(.ARM.Collect$$rtexit$$00000002)
    __rt_exit_exit                           0x0800021d   Thumb Code     0  rtexit2.o(.ARM.Collect$$rtexit$$00000004)
    Reset_Handler                            0x08000225   Thumb Code     8  startup_stm32f411xe.o(.text)
    NMI_Handler                              0x0800022d   Thumb Code     2  startup_stm32f411xe.o(.text)
    HardFault_Handler                        0x0800022f   Thumb Code     2  startup_stm32f411xe.o(.text)
    MemManage_Handler                        0x08000231   Thumb Code     2  startup_stm32f411xe.o(.text)
    BusFault_Handler                         0x08000233   Thumb Code     2  startup_stm32f411xe.o(.text)
    UsageFault_Handler                       0x08000235   Thumb Code     2  startup_stm32f411xe.o(.text)
    SVC_Handler                              0x08000237   Thumb Code     2  startup_stm32f411xe.o(.text)
    DebugMon_Handler                         0x08000239   Thumb Code     2  startup_stm32f411xe.o(.text)
    PendSV_Handler                           0x0800023b   Thumb Code     2  startup_stm32f411xe.o(.text)
    ADC_IRQHandler                           0x0800023f   Thumb Code     0  startup_stm32f411xe.o(.text)
    DMA1_Stream0_IRQHandler                  0x0800023f   Thumb Code     0  startup_stm32f411xe.o(.text)
    DMA1_Stream1_IRQHandler                  0x0800023f   Thumb Code     0  startup_stm32f411xe.o(.text)
    DMA1_Stream2_IRQHandler                  0x0800023f   Thumb Code     0  startup_stm32f411xe.o(.text)
    DMA1_Stream3_IRQHandler                  0x0800023f   Thumb Code     0  startup_stm32f411xe.o(.text)
    DMA1_Stream4_IRQHandler                  0x0800023f   Thumb Code     0  startup_stm32f411xe.o(.text)
    DMA1_Stream5_IRQHandler                  0x0800023f   Thumb Code     0  startup_stm32f411xe.o(.text)
    DMA1_Stream6_IRQHandler                  0x0800023f   Thumb Code     0  startup_stm32f411xe.o(.text)
    DMA1_Stream7_IRQHandler                  0x0800023f   Thumb Code     0  startup_stm32f411xe.o(.text)
    DMA2_Stream0_IRQHandler                  0x0800023f   Thumb Code     0  startup_stm32f411xe.o(.text)
    DMA2_Stream1_IRQHandler                  0x0800023f   Thumb Code     0  startup_stm32f411xe.o(.text)
    DMA2_Stream2_IRQHandler                  0x0800023f   Thumb Code     0  startup_stm32f411xe.o(.text)
    DMA2_Stream3_IRQHandler                  0x0800023f   Thumb Code     0  startup_stm32f411xe.o(.text)
    DMA2_Stream4_IRQHandler                  0x0800023f   Thumb Code     0  startup_stm32f411xe.o(.text)
    DMA2_Stream5_IRQHandler                  0x0800023f   Thumb Code     0  startup_stm32f411xe.o(.text)
    DMA2_Stream6_IRQHandler                  0x0800023f   Thumb Code     0  startup_stm32f411xe.o(.text)
    DMA2_Stream7_IRQHandler                  0x0800023f   Thumb Code     0  startup_stm32f411xe.o(.text)
    FLASH_IRQHandler                         0x0800023f   Thumb Code     0  startup_stm32f411xe.o(.text)
    FPU_IRQHandler                           0x0800023f   Thumb Code     0  startup_stm32f411xe.o(.text)
    I2C1_ER_IRQHandler                       0x0800023f   Thumb Code     0  startup_stm32f411xe.o(.text)
    I2C1_EV_IRQHandler                       0x0800023f   Thumb Code     0  startup_stm32f411xe.o(.text)
    I2C2_ER_IRQHandler                       0x0800023f   Thumb Code     0  startup_stm32f411xe.o(.text)
    I2C2_EV_IRQHandler                       0x0800023f   Thumb Code     0  startup_stm32f411xe.o(.text)
    I2C3_ER_IRQHandler                       0x0800023f   Thumb Code     0  startup_stm32f411xe.o(.text)
    I2C3_EV_IRQHandler                       0x0800023f   Thumb Code     0  startup_stm32f411xe.o(.text)
    OTG_FS_IRQHandler                        0x0800023f   Thumb Code     0  startup_stm32f411xe.o(.text)
    OTG_FS_WKUP_IRQHandler                   0x0800023f   Thumb Code     0  startup_stm32f411xe.o(.text)
    PVD_IRQHandler                           0x0800023f   Thumb Code     0  startup_stm32f411xe.o(.text)
    RCC_IRQHandler                           0x0800023f   Thumb Code     0  startup_stm32f411xe.o(.text)
    RTC_Alarm_IRQHandler                     0x0800023f   Thumb Code     0  startup_stm32f411xe.o(.text)
    RTC_WKUP_IRQHandler                      0x0800023f   Thumb Code     0  startup_stm32f411xe.o(.text)
    SDIO_IRQHandler                          0x0800023f   Thumb Code     0  startup_stm32f411xe.o(.text)
    SPI1_IRQHandler                          0x0800023f   Thumb Code     0  startup_stm32f411xe.o(.text)
    SPI2_IRQHandler                          0x0800023f   Thumb Code     0  startup_stm32f411xe.o(.text)
    SPI3_IRQHandler                          0x0800023f   Thumb Code     0  startup_stm32f411xe.o(.text)
    SPI4_IRQHandler                          0x0800023f   Thumb Code     0  startup_stm32f411xe.o(.text)
    SPI5_IRQHandler                          0x0800023f   Thumb Code     0  startup_stm32f411xe.o(.text)
    TAMP_STAMP_IRQHandler                    0x0800023f   Thumb Code     0  startup_stm32f411xe.o(.text)
    TIM1_BRK_TIM9_IRQHandler                 0x0800023f   Thumb Code     0  startup_stm32f411xe.o(.text)
    TIM1_CC_IRQHandler                       0x0800023f   Thumb Code     0  startup_stm32f411xe.o(.text)
    TIM1_TRG_COM_TIM11_IRQHandler            0x0800023f   Thumb Code     0  startup_stm32f411xe.o(.text)
    TIM1_UP_TIM10_IRQHandler                 0x0800023f   Thumb Code     0  startup_stm32f411xe.o(.text)
    TIM2_IRQHandler                          0x0800023f   Thumb Code     0  startup_stm32f411xe.o(.text)
    TIM3_IRQHandler                          0x0800023f   Thumb Code     0  startup_stm32f411xe.o(.text)
    TIM4_IRQHandler                          0x0800023f   Thumb Code     0  startup_stm32f411xe.o(.text)
    TIM5_IRQHandler                          0x0800023f   Thumb Code     0  startup_stm32f411xe.o(.text)
    USART1_IRQHandler                        0x0800023f   Thumb Code     0  startup_stm32f411xe.o(.text)
    USART6_IRQHandler                        0x0800023f   Thumb Code     0  startup_stm32f411xe.o(.text)
    WWDG_IRQHandler                          0x0800023f   Thumb Code     0  startup_stm32f411xe.o(.text)
    __user_initial_stackheap                 0x08000241   Thumb Code     0  startup_stm32f411xe.o(.text)
    malloc                                   0x08000265   Thumb Code    94  h1_alloc.o(.text)
    __use_two_region_memory                  0x080002c3   Thumb Code     2  heapauxi.o(.text)
    __rt_heap_escrow                         0x080002c5   Thumb Code     2  heapauxi.o(.text)
    __rt_heap_expand                         0x080002c7   Thumb Code     2  heapauxi.o(.text)
    __rt_heap_descriptor                     0x080002c9   Thumb Code     8  rt_heap_descriptor_intlibspace.o(.text)
    __use_no_heap                            0x080002d1   Thumb Code     2  hguard.o(.text)
    __heap$guard                             0x080002d3   Thumb Code     2  hguard.o(.text)
    _terminate_user_alloc                    0x080002d5   Thumb Code     2  init_alloc.o(.text)
    _init_user_alloc                         0x080002d7   Thumb Code     2  init_alloc.o(.text)
    __Heap_Full                              0x080002d9   Thumb Code    34  init_alloc.o(.text)
    __Heap_Broken                            0x080002fb   Thumb Code     6  init_alloc.o(.text)
    _init_alloc                              0x08000301   Thumb Code    94  init_alloc.o(.text)
    __Heap_Initialize                        0x0800035f   Thumb Code    10  h1_init.o(.text)
    __Heap_DescSize                          0x08000369   Thumb Code     4  h1_init.o(.text)
    free                                     0x0800036d   Thumb Code    78  h1_free.o(.text)
    _sys_exit                                0x080003bd   Thumb Code     8  sys_exit.o(.text)
    __user_libspace                          0x080003c9   Thumb Code     8  libspace.o(.text)
    __user_perproc_libspace                  0x080003c9   Thumb Code     0  libspace.o(.text)
    __user_perthread_libspace                0x080003c9   Thumb Code     0  libspace.o(.text)
    __Heap_ProvideMemory                     0x080003d1   Thumb Code    52  h1_extend.o(.text)
    _maybe_terminate_alloc                   0x080003d1   Thumb Code     0  maybetermalloc1.o(.text)
    __rt_SIGRTMEM                            0x08000405   Thumb Code    14  defsig_rtmem_outer.o(.text)
    __I$use$semihosting                      0x08000413   Thumb Code     0  use_no_semi.o(.text)
    __use_no_semihosting_swi                 0x08000413   Thumb Code     2  use_no_semi.o(.text)
    __semihosting_library_function           0x08000415   Thumb Code     0  indicate_semi.o(.text)
    __user_setup_stackheap                   0x08000415   Thumb Code    74  sys_stackheap_outer.o(.text)
    exit                                     0x0800045f   Thumb Code    18  exit.o(.text)
    __sig_exit                               0x08000471   Thumb Code    10  defsig_exit.o(.text)
    __rt_SIGRTMEM_inner                      0x0800047d   Thumb Code    22  defsig_rtmem_inner.o(.text)
    __default_signal_display                 0x080004cd   Thumb Code    50  defsig_general.o(.text)
    _ttywrch                                 0x080004ff   Thumb Code    14  sys_wrch.o(.text)
    EXTI0_IRQHandler                         0x0800050d   Thumb Code   132  gpio.o(.text.EXTI0_IRQHandler)
    EXTI15_10_IRQHandler                     0x08000591   Thumb Code   132  gpio.o(.text.EXTI15_10_IRQHandler)
    EXTI1_IRQHandler                         0x08000615   Thumb Code   132  gpio.o(.text.EXTI1_IRQHandler)
    EXTI2_IRQHandler                         0x08000699   Thumb Code   132  gpio.o(.text.EXTI2_IRQHandler)
    EXTI3_IRQHandler                         0x0800071d   Thumb Code   132  gpio.o(.text.EXTI3_IRQHandler)
    EXTI4_IRQHandler                         0x080007a1   Thumb Code   132  gpio.o(.text.EXTI4_IRQHandler)
    EXTI9_5_IRQHandler                       0x08000825   Thumb Code   132  gpio.o(.text.EXTI9_5_IRQHandler)
    GPIO_Init                                0x080008a9   Thumb Code   246  stm32f4xx_gpio.o(.text.GPIO_Init)
    GPIO_PinAFConfig                         0x080009a1   Thumb Code   114  stm32f4xx_gpio.o(.text.GPIO_PinAFConfig)
    RCC_AHB1PeriphClockCmd                   0x08000a15   Thumb Code    56  stm32f4xx_rcc.o(.text.RCC_AHB1PeriphClockCmd)
    RCC_APB1PeriphClockCmd                   0x08000a4d   Thumb Code    56  stm32f4xx_rcc.o(.text.RCC_APB1PeriphClockCmd)
    RCC_GetClocksFreq                        0x08000a85   Thumb Code   354  stm32f4xx_rcc.o(.text.RCC_GetClocksFreq)
    SysTick_Handler                          0x08000be9   Thumb Code    16  timer.o(.text.SysTick_Handler)
    SystemInit                               0x08000bf9   Thumb Code    18  system_stm32f4xx.o(.text.SystemInit)
    USART2_IRQHandler                        0x08000c0d   Thumb Code    54  uart.o(.text.USART2_IRQHandler)
    USART_Cmd                                0x08000c45   Thumb Code    46  stm32f4xx_usart.o(.text.USART_Cmd)
    USART_GetFlagStatus                      0x08000c75   Thumb Code    66  stm32f4xx_usart.o(.text.USART_GetFlagStatus)
    USART_Init                               0x08000cb9   Thumb Code   362  stm32f4xx_usart.o(.text.USART_Init)
    USART_ReceiveData                        0x08000e25   Thumb Code    16  stm32f4xx_usart.o(.text.USART_ReceiveData)
    USART_SendData                           0x08000e35   Thumb Code    24  stm32f4xx_usart.o(.text.USART_SendData)
    main                                     0x08000f21   Thumb Code   260  main.o(.text.main)
    queue_dequeue                            0x08001025   Thumb Code    68  queue.o(.text.queue_dequeue)
    queue_enqueue                            0x08001069   Thumb Code    78  queue.o(.text.queue_enqueue)
    queue_init                               0x080010b9   Thumb Code    48  queue.o(.text.queue_init)
    queue_is_empty                           0x080010e9   Thumb Code    22  queue.o(.text.queue_is_empty)
    queue_is_full                            0x08001101   Thumb Code    34  queue.o(.text.queue_is_full)
    uart_enable                              0x08001125   Thumb Code    18  uart.o(.text.uart_enable)
    uart_init                                0x08001139   Thumb Code   138  uart.o(.text.uart_init)
    uart_print                               0x080011c5   Thumb Code    34  uart.o(.text.uart_print)
    uart_rx                                  0x080011e9   Thumb Code    50  uart.o(.text.uart_rx)
    uart_rx_isr                              0x0800121d   Thumb Code    50  main.o(.text.uart_rx_isr)
    uart_set_rx_callback                     0x08001251   Thumb Code    62  uart.o(.text.uart_set_rx_callback)
    uart_tx                                  0x08001291   Thumb Code    50  uart.o(.text.uart_tx)
    _fp_init                                 0x080012c3   Thumb Code    26  fpinit.o(x$fpl$fpinit)
    __fplib_config_fpu_vfp                   0x080012db   Thumb Code     0  fpinit.o(x$fpl$fpinit)
    __fplib_config_pureend_doubles           0x080012db   Thumb Code     0  fpinit.o(x$fpl$fpinit)
    Region$$Table$$Base                      0x08001338   Number         0  anon$$obj.o(Region$$Table)
    Region$$Table$$Limit                     0x08001348   Number         0  anon$$obj.o(Region$$Table)
    __libspace_start                         0x20000000   Data          96  libspace.o(.bss)
    __temporary_stack_top$libspace           0x20000060   Data           0  libspace.o(.bss)
    IRQ_pin_index                            0x20000064   Data           4  gpio.o(.bss.IRQ_pin_index)
    IRQ_port_num                             0x20000068   Data           4  gpio.o(.bss.IRQ_port_num)
    IRQ_status                               0x2000006c   Data           4  gpio.o(.bss.IRQ_status)
    rx_queue                                 0x20000074   Data          16  main.o(.bss.rx_queue)



==============================================================================

Memory Map of the image

  Image Entry point : 0x08000225

  Load Region LR_1 (Base: 0x08000000, Size: 0x00001348, Max: 0xffffffff, ABSOLUTE)

    Execution Region ER_RO (Exec base: 0x08000000, Load base: 0x08000000, Size: 0x00001348, Max: 0xffffffff, ABSOLUTE)

    Exec Addr    Load Addr    Size         Type   Attr      Idx    E Section Name        Object

    0x08000000   0x08000000   0x00000198   Data   RO          608    RESET               startup_stm32f411xe.o
    0x08000198   0x08000198   0x00000008   Code   RO          689  * !!!main             c_w.l(__main.o)
    0x080001a0   0x080001a0   0x00000034   Code   RO         1047    !!!scatter          c_w.l(__scatter.o)
    0x080001d4   0x080001d4   0x0000001c   Code   RO         1049    !!handler_zi        c_w.l(__scatter_zi.o)
    0x080001f0   0x080001f0   0x00000002   Code   RO          988    .ARM.Collect$$libinit$$00000000  c_w.l(libinit.o)
    0x080001f2   0x080001f2   0x00000004   Code   RO          783    .ARM.Collect$$libinit$$00000001  c_w.l(libinit2.o)
    0x080001f6   0x080001f6   0x00000000   Code   RO          786    .ARM.Collect$$libinit$$00000004  c_w.l(libinit2.o)
    0x080001f6   0x080001f6   0x00000000   Code   RO          788    .ARM.Collect$$libinit$$00000006  c_w.l(libinit2.o)
    0x080001f6   0x080001f6   0x00000008   Code   RO          789    .ARM.Collect$$libinit$$00000007  c_w.l(libinit2.o)
    0x080001fe   0x080001fe   0x00000000   Code   RO          791    .ARM.Collect$$libinit$$0000000C  c_w.l(libinit2.o)
    0x080001fe   0x080001fe   0x00000000   Code   RO          793    .ARM.Collect$$libinit$$0000000E  c_w.l(libinit2.o)
    0x080001fe   0x080001fe   0x00000000   Code   RO          795    .ARM.Collect$$libinit$$00000010  c_w.l(libinit2.o)
    0x080001fe   0x080001fe   0x00000000   Code   RO          798    .ARM.Collect$$libinit$$00000013  c_w.l(libinit2.o)
    0x080001fe   0x080001fe   0x00000000   Code   RO          800    .ARM.Collect$$libinit$$00000015  c_w.l(libinit2.o)
    0x080001fe   0x080001fe   0x00000000   Code   RO          802    .ARM.Collect$$libinit$$00000017  c_w.l(libinit2.o)
    0x080001fe   0x080001fe   0x00000000   Code   RO          804    .ARM.Collect$$libinit$$00000019  c_w.l(libinit2.o)
    0x080001fe   0x080001fe   0x00000000   Code   RO          806    .ARM.Collect$$libinit$$0000001B  c_w.l(libinit2.o)
    0x080001fe   0x080001fe   0x00000000   Code   RO          808    .ARM.Collect$$libinit$$0000001D  c_w.l(libinit2.o)
    0x080001fe   0x080001fe   0x00000000   Code   RO          810    .ARM.Collect$$libinit$$0000001F  c_w.l(libinit2.o)
    0x080001fe   0x080001fe   0x00000000   Code   RO          812    .ARM.Collect$$libinit$$00000021  c_w.l(libinit2.o)
    0x080001fe   0x080001fe   0x00000000   Code   RO          814    .ARM.Collect$$libinit$$00000023  c_w.l(libinit2.o)
    0x080001fe   0x080001fe   0x00000000   Code   RO          816    .ARM.Collect$$libinit$$00000025  c_w.l(libinit2.o)
    0x080001fe   0x080001fe   0x00000000   Code   RO          818    .ARM.Collect$$libinit$$00000027  c_w.l(libinit2.o)
    0x080001fe   0x080001fe   0x00000000   Code   RO          822    .ARM.Collect$$libinit$$0000002E  c_w.l(libinit2.o)
    0x080001fe   0x080001fe   0x00000000   Code   RO          824    .ARM.Collect$$libinit$$00000030  c_w.l(libinit2.o)
    0x080001fe   0x080001fe   0x00000000   Code   RO          826    .ARM.Collect$$libinit$$00000032  c_w.l(libinit2.o)
    0x080001fe   0x080001fe   0x00000000   Code   RO          828    .ARM.Collect$$libinit$$00000034  c_w.l(libinit2.o)
    0x080001fe   0x080001fe   0x00000002   Code   RO          829    .ARM.Collect$$libinit$$00000035  c_w.l(libinit2.o)
    0x08000200   0x08000200   0x00000002   Code   RO         1044    .ARM.Collect$$libshutdown$$00000000  c_w.l(libshutdown.o)
    0x08000202   0x08000202   0x00000000   Code   RO         1000    .ARM.Collect$$libshutdown$$00000002  c_w.l(libshutdown2.o)
    0x08000202   0x08000202   0x00000000   Code   RO         1002    .ARM.Collect$$libshutdown$$00000004  c_w.l(libshutdown2.o)
    0x08000202   0x08000202   0x00000000   Code   RO         1005    .ARM.Collect$$libshutdown$$00000007  c_w.l(libshutdown2.o)
    0x08000202   0x08000202   0x00000000   Code   RO         1008    .ARM.Collect$$libshutdown$$0000000A  c_w.l(libshutdown2.o)
    0x08000202   0x08000202   0x00000000   Code   RO         1010    .ARM.Collect$$libshutdown$$0000000C  c_w.l(libshutdown2.o)
    0x08000202   0x08000202   0x00000000   Code   RO         1013    .ARM.Collect$$libshutdown$$0000000F  c_w.l(libshutdown2.o)
    0x08000202   0x08000202   0x00000002   Code   RO         1014    .ARM.Collect$$libshutdown$$00000010  c_w.l(libshutdown2.o)
    0x08000204   0x08000204   0x00000000   Code   RO          747    .ARM.Collect$$rtentry$$00000000  c_w.l(__rtentry.o)
    0x08000204   0x08000204   0x00000000   Code   RO          920    .ARM.Collect$$rtentry$$00000002  c_w.l(__rtentry2.o)
    0x08000204   0x08000204   0x00000006   Code   RO          932    .ARM.Collect$$rtentry$$00000004  c_w.l(__rtentry4.o)
    0x0800020a   0x0800020a   0x00000000   Code   RO          922    .ARM.Collect$$rtentry$$00000009  c_w.l(__rtentry2.o)
    0x0800020a   0x0800020a   0x00000004   Code   RO          923    .ARM.Collect$$rtentry$$0000000A  c_w.l(__rtentry2.o)
    0x0800020e   0x0800020e   0x00000000   Code   RO          925    .ARM.Collect$$rtentry$$0000000C  c_w.l(__rtentry2.o)
    0x0800020e   0x0800020e   0x00000008   Code   RO          926    .ARM.Collect$$rtentry$$0000000D  c_w.l(__rtentry2.o)
    0x08000216   0x08000216   0x00000002   Code   RO          989    .ARM.Collect$$rtexit$$00000000  c_w.l(rtexit.o)
    0x08000218   0x08000218   0x00000000   Code   RO         1020    .ARM.Collect$$rtexit$$00000002  c_w.l(rtexit2.o)
    0x08000218   0x08000218   0x00000004   Code   RO         1021    .ARM.Collect$$rtexit$$00000003  c_w.l(rtexit2.o)
    0x0800021c   0x0800021c   0x00000006   Code   RO         1022    .ARM.Collect$$rtexit$$00000004  c_w.l(rtexit2.o)
    0x08000222   0x08000222   0x00000002   PAD
    0x08000224   0x08000224   0x00000040   Code   RO          609  * .text               startup_stm32f411xe.o
    0x08000264   0x08000264   0x0000005e   Code   RO          633    .text               c_w.l(h1_alloc.o)
    0x080002c2   0x080002c2   0x00000006   Code   RO          687    .text               c_w.l(heapauxi.o)
    0x080002c8   0x080002c8   0x00000008   Code   RO          751    .text               c_w.l(rt_heap_descriptor_intlibspace.o)
    0x080002d0   0x080002d0   0x00000004   Code   RO          753    .text               c_w.l(hguard.o)
    0x080002d4   0x080002d4   0x0000008a   Code   RO          755    .text               c_w.l(init_alloc.o)
    0x0800035e   0x0800035e   0x0000000e   Code   RO          761    .text               c_w.l(h1_init.o)
    0x0800036c   0x0800036c   0x0000004e   Code   RO          763    .text               c_w.l(h1_free.o)
    0x080003ba   0x080003ba   0x00000002   PAD
    0x080003bc   0x080003bc   0x0000000c   Code   RO          910    .text               c_w.l(sys_exit.o)
    0x080003c8   0x080003c8   0x00000008   Code   RO          916    .text               c_w.l(libspace.o)
    0x080003d0   0x080003d0   0x00000000   Code   RO          936    .text               c_w.l(maybetermalloc1.o)
    0x080003d0   0x080003d0   0x00000034   Code   RO          938    .text               c_w.l(h1_extend.o)
    0x08000404   0x08000404   0x0000000e   Code   RO          946    .text               c_w.l(defsig_rtmem_outer.o)
    0x08000412   0x08000412   0x00000002   Code   RO          962    .text               c_w.l(use_no_semi.o)
    0x08000414   0x08000414   0x00000000   Code   RO          964    .text               c_w.l(indicate_semi.o)
    0x08000414   0x08000414   0x0000004a   Code   RO          965    .text               c_w.l(sys_stackheap_outer.o)
    0x0800045e   0x0800045e   0x00000012   Code   RO          971    .text               c_w.l(exit.o)
    0x08000470   0x08000470   0x0000000a   Code   RO          973    .text               c_w.l(defsig_exit.o)
    0x0800047a   0x0800047a   0x00000002   PAD
    0x0800047c   0x0800047c   0x00000050   Code   RO          977    .text               c_w.l(defsig_rtmem_inner.o)
    0x080004cc   0x080004cc   0x00000032   Code   RO          997    .text               c_w.l(defsig_general.o)
    0x080004fe   0x080004fe   0x0000000e   Code   RO         1015    .text               c_w.l(sys_wrch.o)
    0x0800050c   0x0800050c   0x00000084   Code   RO          112    .text.EXTI0_IRQHandler  gpio.o
    0x08000590   0x08000590   0x00000084   Code   RO          126    .text.EXTI15_10_IRQHandler  gpio.o
    0x08000614   0x08000614   0x00000084   Code   RO          116    .text.EXTI1_IRQHandler  gpio.o
    0x08000698   0x08000698   0x00000084   Code   RO          118    .text.EXTI2_IRQHandler  gpio.o
    0x0800071c   0x0800071c   0x00000084   Code   RO          120    .text.EXTI3_IRQHandler  gpio.o
    0x080007a0   0x080007a0   0x00000084   Code   RO          122    .text.EXTI4_IRQHandler  gpio.o
    0x08000824   0x08000824   0x00000084   Code   RO          124    .text.EXTI9_5_IRQHandler  gpio.o
    0x080008a8   0x080008a8   0x000000f6   Code   RO          268    .text.GPIO_Init     stm32f4xx_gpio.o
    0x0800099e   0x0800099e   0x00000002   PAD
    0x080009a0   0x080009a0   0x00000072   Code   RO          292    .text.GPIO_PinAFConfig  stm32f4xx_gpio.o
    0x08000a12   0x08000a12   0x00000002   PAD
    0x08000a14   0x08000a14   0x00000038   Code   RO          424    .text.RCC_AHB1PeriphClockCmd  stm32f4xx_rcc.o
    0x08000a4c   0x08000a4c   0x00000038   Code   RO          430    .text.RCC_APB1PeriphClockCmd  stm32f4xx_rcc.o
    0x08000a84   0x08000a84   0x00000162   Code   RO          414    .text.RCC_GetClocksFreq  stm32f4xx_rcc.o
    0x08000be6   0x08000be6   0x00000002   PAD
    0x08000be8   0x08000be8   0x00000010   Code   RO          551    .text.SysTick_Handler  timer.o
    0x08000bf8   0x08000bf8   0x00000012   Code   RO          616    .text.SystemInit    system_stm32f4xx.o
    0x08000c0a   0x08000c0a   0x00000002   PAD
    0x08000c0c   0x08000c0c   0x00000036   Code   RO          580    .text.USART2_IRQHandler  uart.o
    0x08000c42   0x08000c42   0x00000002   PAD
    0x08000c44   0x08000c44   0x0000002e   Code   RO          480    .text.USART_Cmd     stm32f4xx_usart.o
    0x08000c72   0x08000c72   0x00000002   PAD
    0x08000c74   0x08000c74   0x00000042   Code   RO          520    .text.USART_GetFlagStatus  stm32f4xx_usart.o
    0x08000cb6   0x08000cb6   0x00000002   PAD
    0x08000cb8   0x08000cb8   0x0000016a   Code   RO          472    .text.USART_Init    stm32f4xx_usart.o
    0x08000e22   0x08000e22   0x00000002   PAD
    0x08000e24   0x08000e24   0x00000010   Code   RO          490    .text.USART_ReceiveData  stm32f4xx_usart.o
    0x08000e34   0x08000e34   0x00000018   Code   RO          488    .text.USART_SendData  stm32f4xx_usart.o
    0x08000e4c   0x08000e4c   0x00000030   Code   RO          114    .text.__NVIC_ClearPendingIRQ  gpio.o
    0x08000e7c   0x08000e7c   0x00000030   Code   RO          574    .text.__NVIC_ClearPendingIRQ  uart.o
    0x08000eac   0x08000eac   0x00000030   Code   RO          576    .text.__NVIC_EnableIRQ  uart.o
    0x08000edc   0x08000edc   0x00000042   Code   RO          572    .text.__NVIC_SetPriority  uart.o
    0x08000f1e   0x08000f1e   0x00000002   PAD
    0x08000f20   0x08000f20   0x00000104   Code   RO            4    .text.main          main.o
    0x08001024   0x08001024   0x00000044   Code   RO          172    .text.queue_dequeue  queue.o
    0x08001068   0x08001068   0x0000004e   Code   RO          168    .text.queue_enqueue  queue.o
    0x080010b6   0x080010b6   0x00000002   PAD
    0x080010b8   0x080010b8   0x00000030   Code   RO          166    .text.queue_init    queue.o
    0x080010e8   0x080010e8   0x00000016   Code   RO          174    .text.queue_is_empty  queue.o
    0x080010fe   0x080010fe   0x00000002   PAD
    0x08001100   0x08001100   0x00000022   Code   RO          170    .text.queue_is_full  queue.o
    0x08001122   0x08001122   0x00000002   PAD
    0x08001124   0x08001124   0x00000012   Code   RO          564    .text.uart_enable   uart.o
    0x08001136   0x08001136   0x00000002   PAD
    0x08001138   0x08001138   0x0000008a   Code   RO          562    .text.uart_init     uart.o
    0x080011c2   0x080011c2   0x00000002   PAD
    0x080011c4   0x080011c4   0x00000022   Code   RO          566    .text.uart_print    uart.o
    0x080011e6   0x080011e6   0x00000002   PAD
    0x080011e8   0x080011e8   0x00000032   Code   RO          578    .text.uart_rx       uart.o
    0x0800121a   0x0800121a   0x00000002   PAD
    0x0800121c   0x0800121c   0x00000032   Code   RO            2    .text.uart_rx_isr   main.o
    0x0800124e   0x0800124e   0x00000002   PAD
    0x08001250   0x08001250   0x0000003e   Code   RO          570    .text.uart_set_rx_callback  uart.o
    0x0800128e   0x0800128e   0x00000002   PAD
    0x08001290   0x08001290   0x00000032   Code   RO          568    .text.uart_tx       uart.o
    0x080012c2   0x080012c2   0x0000001a   Code   RO          959    x$fpl$fpinit        fz_wm.l(fpinit.o)
    0x080012dc   0x080012dc   0x00000010   Data   RO          462    .rodata.APBAHBPrescTable  stm32f4xx_rcc.o
    0x080012ec   0x080012ec   0x0000004a   Data   RO            7    .rodata.str1.1      main.o
    0x08001336   0x08001336   0x00000002   PAD
    0x08001338   0x08001338   0x00000010   Data   RO         1046    Region$$Table       anon$$obj.o


    Execution Region ER_RW (Exec base: 0x20000000, Load base: 0x08001348, Size: 0x00000000, Max: 0xffffffff, ABSOLUTE)

    **** No section assigned to this execution region ****


    Execution Region ER_ZI (Exec base: 0x20000000, Load base: 0x08001348, Size: 0x00000688, Max: 0xffffffff, ABSOLUTE)

    Exec Addr    Load Addr    Size         Type   Attr      Idx    E Section Name        Object

    0x20000000        -       0x00000060   Zero   RW          917    .bss                c_w.l(libspace.o)
    0x20000060        -       0x00000004   Zero   RW          132    .bss.GPIO_callback  gpio.o
    0x20000064        -       0x00000004   Zero   RW          130    .bss.IRQ_pin_index  gpio.o
    0x20000068        -       0x00000004   Zero   RW          129    .bss.IRQ_port_num   gpio.o
    0x2000006c        -       0x00000004   Zero   RW          128    .bss.IRQ_status     gpio.o
    0x20000070        -       0x00000004   Zero   RW          582    .bss.UART_callback  uart.o
    0x20000074        -       0x00000010   Zero   RW            6    .bss.rx_queue       main.o
    0x20000084        -       0x00000004   Zero   RW          553    .bss.timer_callback  timer.o
    0x20000088        -       0x00000200   Zero   RW          607    HEAP                startup_stm32f411xe.o
    0x20000288        -       0x00000400   Zero   RW          606    STACK               startup_stm32f411xe.o


==============================================================================

Image component sizes


      Code (inc. data)   RO Data    RW Data    ZI Data      Debug   Object Name

       972          0          0          0         16       9731   gpio.o
       310          0         74          0         16       1419   main.o
       250          0          0          0          0       1366   queue.o
        64         26        408          0       1536        872   startup_stm32f411xe.o
       360          0          0          0          0       4389   stm32f4xx_gpio.o
       466          0         16          0          0       9228   stm32f4xx_rcc.o
       514          0          0          0          0       6984   stm32f4xx_usart.o
        18          0          0          0          0       2683   system_stm32f4xx.o
        16          0          0          0          4       4781   timer.o
       568          0          0          0          4       6101   uart.o

    ----------------------------------------------------------------------
      3574         26        516          0       1576      47554   Object Totals
         0          0         16          0          0          0   (incl. Generated)
        36          0          2          0          0          0   (incl. Padding)

    ----------------------------------------------------------------------

      Code (inc. data)   RO Data    RW Data    ZI Data      Debug   Library Member Name

         8          0          0          0          0         68   __main.o
         0          0          0          0          0          0   __rtentry.o
        12          0          0          0          0          0   __rtentry2.o
         6          0          0          0          0          0   __rtentry4.o
        52          8          0          0          0          0   __scatter.o
        28          0          0          0          0          0   __scatter_zi.o
        10          0          0          0          0         68   defsig_exit.o
        50          0          0          0          0         88   defsig_general.o
        80         58          0          0          0         76   defsig_rtmem_inner.o
        14          0          0          0          0         80   defsig_rtmem_outer.o
        18          0          0          0          0         80   exit.o
        94          0          0          0          0         80   h1_alloc.o
        52          0          0          0          0         68   h1_extend.o
        78          0          0          0          0         80   h1_free.o
        14          0          0          0          0         84   h1_init.o
         6          0          0          0          0        152   heapauxi.o
         4          0          0          0          0        136   hguard.o
         0          0          0          0          0          0   indicate_semi.o
       138          0          0          0          0        168   init_alloc.o
         2          0          0          0          0          0   libinit.o
        14          0          0          0          0          0   libinit2.o
         2          0          0          0          0          0   libshutdown.o
         2          0          0          0          0          0   libshutdown2.o
         8          4          0          0         96         68   libspace.o
         0          0          0          0          0          0   maybetermalloc1.o
         8          4          0          0          0         68   rt_heap_descriptor_intlibspace.o
         2          0          0          0          0          0   rtexit.o
        10          0          0          0          0          0   rtexit2.o
        12          4          0          0          0         68   sys_exit.o
        74          0          0          0          0         80   sys_stackheap_outer.o
        14          0          0          0          0         76   sys_wrch.o
         2          0          0          0          0         68   use_no_semi.o
        26          0          0          0          0        116   fpinit.o

    ----------------------------------------------------------------------
       846         78          0          0         96       1772   Library Totals
         6          0          0          0          0          0   (incl. Padding)

    ----------------------------------------------------------------------

      Code (inc. data)   RO Data    RW Data    ZI Data      Debug   Library Name

       814         78          0          0         96       1656   c_w.l
        26          0          0          0          0        116   fz_wm.l

    ----------------------------------------------------------------------
       846         78          0          0         96       1772   Library Totals

    ----------------------------------------------------------------------

==============================================================================


      Code (inc. data)   RO Data    RW Data    ZI Data      Debug   

      4420        104        516          0       1672      48266   Grand Totals
      4420        104        516          0       1672      48266   ELF Image Totals
      4420        104        516          0          0          0   ROM Totals

==============================================================================

    Total RO  Size (Code + RO Data)                 4936 (   4.82kB)
    Total RW  Size (RW Data + ZI Data)              1672 (   1.63kB)
    Total ROM Size (Code + RO Data + RW Data)       4936 (   4.82kB)

==============================================================================

